<!doctype html public "-//w3c//dtd html 4.0 transitional//en">
<html><head>
<title>Static Call Graph - [.\_build\nrf52832_xxaa.axf]</title></head>
<body><HR>
<H1>Static Call Graph for image .\_build\nrf52832_xxaa.axf</H1><HR>
<BR><P>#&#060CALLGRAPH&#062# ARM Linker, 5060750: Last Updated: Wed Sep 09 16:09:03 2020
<BR><P>
<H3>Maximum Stack Usage =       1164 bytes + Unknown(Cycles, Untraceable Function Pointers)</H3><H3>
Call chain for Maximum Stack Depth:</H3>
main &rArr; suble_mainloop &rArr; tuya_ble_main_tasks_exec &rArr; tuya_sched_execute &rArr; tuya_ble_event_process &rArr; tuya_ble_handle_ble_cmd_evt &rArr; tuya_ble_evt_process &rArr; tuya_ble_app_production_test_process &rArr; app_port_factory_test_process &rArr; factory_test_process &rArr; lock_hard_uart_simulate &rArr; lock_dynamic_pwd_verify &rArr; verify_dynamic_pwd_token &rArr; HMAC_SHA1 &rArr; SHA1 &rArr; SHA1Result &rArr; SHA1PadMessage &rArr; SHA1ProcessMessageBlock
<P>
<H3>
Mutually Recursive functions
</H3> <LI><a href="#[5]">NMI_Handler</a>&nbsp;&nbsp;&nbsp;&rArr;&nbsp;&nbsp;&nbsp;<a href="#[5]">NMI_Handler</a><BR>
 <LI><a href="#[6]">HardFault_Handler</a>&nbsp;&nbsp;&nbsp;&rArr;&nbsp;&nbsp;&nbsp;<a href="#[6]">HardFault_Handler</a><BR>
 <LI><a href="#[7]">MemoryManagement_Handler</a>&nbsp;&nbsp;&nbsp;&rArr;&nbsp;&nbsp;&nbsp;<a href="#[7]">MemoryManagement_Handler</a><BR>
 <LI><a href="#[8]">BusFault_Handler</a>&nbsp;&nbsp;&nbsp;&rArr;&nbsp;&nbsp;&nbsp;<a href="#[8]">BusFault_Handler</a><BR>
 <LI><a href="#[9]">UsageFault_Handler</a>&nbsp;&nbsp;&nbsp;&rArr;&nbsp;&nbsp;&nbsp;<a href="#[9]">UsageFault_Handler</a><BR>
 <LI><a href="#[a]">SVC_Handler</a>&nbsp;&nbsp;&nbsp;&rArr;&nbsp;&nbsp;&nbsp;<a href="#[a]">SVC_Handler</a><BR>
 <LI><a href="#[b]">DebugMon_Handler</a>&nbsp;&nbsp;&nbsp;&rArr;&nbsp;&nbsp;&nbsp;<a href="#[b]">DebugMon_Handler</a><BR>
 <LI><a href="#[c]">PendSV_Handler</a>&nbsp;&nbsp;&nbsp;&rArr;&nbsp;&nbsp;&nbsp;<a href="#[c]">PendSV_Handler</a><BR>
 <LI><a href="#[d]">SysTick_Handler</a>&nbsp;&nbsp;&nbsp;&rArr;&nbsp;&nbsp;&nbsp;<a href="#[d]">SysTick_Handler</a><BR>
 <LI><a href="#[1d]">CCM_AAR_IRQHandler</a>&nbsp;&nbsp;&nbsp;&rArr;&nbsp;&nbsp;&nbsp;<a href="#[1d]">CCM_AAR_IRQHandler</a><BR>
 <LI><a href="#[db]">elog_output</a>&nbsp;&nbsp;&nbsp;&rArr;&nbsp;&nbsp;&nbsp;<a href="#[db]">elog_output</a><BR>
 <LI><a href="#[1db]">elog_strcpy</a>&nbsp;&nbsp;&nbsp;&rArr;&nbsp;&nbsp;&nbsp;<a href="#[db]">elog_output</a><BR>
 <LI><a href="#[1e2]">get_fmt_enabled</a>&nbsp;&nbsp;&nbsp;&rArr;&nbsp;&nbsp;&nbsp;<a href="#[db]">elog_output</a><BR>
 <LI><a href="#[12d]">sf_nv_write</a>&nbsp;&nbsp;&nbsp;&rArr;&nbsp;&nbsp;&nbsp;<a href="#[12d]">sf_nv_write</a><BR>
 <LI><a href="#[7e]">nrf_fstorage_sys_evt_handler</a>&nbsp;&nbsp;&nbsp;&rArr;&nbsp;&nbsp;&nbsp;<a href="#[297]">queue_process</a><BR>
 <LI><a href="#[86]">__asm___12_nrf_atfifo_c_51f461e1__nrf_atfifo_rspace_close</a>&nbsp;&nbsp;&nbsp;&rArr;&nbsp;&nbsp;&nbsp;<a href="#[86]">__asm___12_nrf_atfifo_c_51f461e1__nrf_atfifo_rspace_close</a><BR>
 <LI><a href="#[85]">__asm___12_nrf_atfifo_c_51f461e1__nrf_atfifo_wspace_close</a>&nbsp;&nbsp;&nbsp;&rArr;&nbsp;&nbsp;&nbsp;<a href="#[85]">__asm___12_nrf_atfifo_c_51f461e1__nrf_atfifo_wspace_close</a><BR>
 <LI><a href="#[1ac]">buffer_add</a>&nbsp;&nbsp;&nbsp;&rArr;&nbsp;&nbsp;&nbsp;<a href="#[1ac]">buffer_add</a><BR>
</UL>
<P>
<H3>
Function Pointers
</H3><UL>
 <LI><a href="#[8]">BusFault_Handler</a> from arm_startup_nrf52.o(.text) referenced from arm_startup_nrf52.o(RESET)
 <LI><a href="#[1d]">CCM_AAR_IRQHandler</a> from arm_startup_nrf52.o(.text) referenced from arm_startup_nrf52.o(RESET)
 <LI><a href="#[21]">COMP_LPCOMP_IRQHandler</a> from arm_startup_nrf52.o(.text) referenced from arm_startup_nrf52.o(RESET)
 <LI><a href="#[b]">DebugMon_Handler</a> from arm_startup_nrf52.o(.text) referenced from arm_startup_nrf52.o(RESET)
 <LI><a href="#[1c]">ECB_IRQHandler</a> from arm_startup_nrf52.o(.text) referenced from arm_startup_nrf52.o(RESET)
 <LI><a href="#[32]">FPU_IRQHandler</a> from arm_startup_nrf52.o(.text) referenced from arm_startup_nrf52.o(RESET)
 <LI><a href="#[14]">GPIOTE_IRQHandler</a> from nrfx_gpiote.o(i.GPIOTE_IRQHandler) referenced from arm_startup_nrf52.o(RESET)
 <LI><a href="#[6]">HardFault_Handler</a> from arm_startup_nrf52.o(.text) referenced from arm_startup_nrf52.o(RESET)
 <LI><a href="#[31]">I2S_IRQHandler</a> from arm_startup_nrf52.o(.text) referenced from arm_startup_nrf52.o(RESET)
 <LI><a href="#[2c]">MWU_IRQHandler</a> from arm_startup_nrf52.o(.text) referenced from arm_startup_nrf52.o(RESET)
 <LI><a href="#[7]">MemoryManagement_Handler</a> from arm_startup_nrf52.o(.text) referenced from arm_startup_nrf52.o(RESET)
 <LI><a href="#[13]">NFCT_IRQHandler</a> from arm_startup_nrf52.o(.text) referenced from arm_startup_nrf52.o(RESET)
 <LI><a href="#[5]">NMI_Handler</a> from arm_startup_nrf52.o(.text) referenced from arm_startup_nrf52.o(RESET)
 <LI><a href="#[2b]">PDM_IRQHandler</a> from arm_startup_nrf52.o(.text) referenced from arm_startup_nrf52.o(RESET)
 <LI><a href="#[e]">POWER_CLOCK_IRQHandler</a> from nrfx_clock.o(i.POWER_CLOCK_IRQHandler) referenced from arm_startup_nrf52.o(RESET)
 <LI><a href="#[2a]">PWM0_IRQHandler</a> from arm_startup_nrf52.o(.text) referenced from arm_startup_nrf52.o(RESET)
 <LI><a href="#[2d]">PWM1_IRQHandler</a> from arm_startup_nrf52.o(.text) referenced from arm_startup_nrf52.o(RESET)
 <LI><a href="#[2e]">PWM2_IRQHandler</a> from arm_startup_nrf52.o(.text) referenced from arm_startup_nrf52.o(RESET)
 <LI><a href="#[c]">PendSV_Handler</a> from arm_startup_nrf52.o(.text) referenced from arm_startup_nrf52.o(RESET)
 <LI><a href="#[20]">QDEC_IRQHandler</a> from arm_startup_nrf52.o(.text) referenced from arm_startup_nrf52.o(RESET)
 <LI><a href="#[f]">RADIO_IRQHandler</a> from arm_startup_nrf52.o(.text) referenced from arm_startup_nrf52.o(RESET)
 <LI><a href="#[1b]">RNG_IRQHandler</a> from arm_startup_nrf52.o(.text) referenced from arm_startup_nrf52.o(RESET)
 <LI><a href="#[19]">RTC0_IRQHandler</a> from arm_startup_nrf52.o(.text) referenced from arm_startup_nrf52.o(RESET)
 <LI><a href="#[1f]">RTC1_IRQHandler</a> from app_timer.o(i.RTC1_IRQHandler) referenced from arm_startup_nrf52.o(RESET)
 <LI><a href="#[30]">RTC2_IRQHandler</a> from nrfx_rtc.o(i.RTC2_IRQHandler) referenced from arm_startup_nrf52.o(RESET)
 <LI><a href="#[4]">Reset_Handler</a> from arm_startup_nrf52.o(.text) referenced from arm_startup_nrf52.o(RESET)
 <LI><a href="#[15]">SAADC_IRQHandler</a> from arm_startup_nrf52.o(.text) referenced from arm_startup_nrf52.o(RESET)
 <LI><a href="#[11]">SPIM0_SPIS0_TWIM0_TWIS0_SPI0_TWI0_IRQHandler</a> from arm_startup_nrf52.o(.text) referenced from arm_startup_nrf52.o(RESET)
 <LI><a href="#[12]">SPIM1_SPIS1_TWIM1_TWIS1_SPI1_TWI1_IRQHandler</a> from arm_startup_nrf52.o(.text) referenced from arm_startup_nrf52.o(RESET)
 <LI><a href="#[2f]">SPIM2_SPIS2_SPI2_IRQHandler</a> from arm_startup_nrf52.o(.text) referenced from arm_startup_nrf52.o(RESET)
 <LI><a href="#[a]">SVC_Handler</a> from arm_startup_nrf52.o(.text) referenced from arm_startup_nrf52.o(RESET)
 <LI><a href="#[22]">SWI0_EGU0_IRQHandler</a> from app_timer.o(i.SWI0_EGU0_IRQHandler) referenced from arm_startup_nrf52.o(RESET)
 <LI><a href="#[23]">SWI1_EGU1_IRQHandler</a> from arm_startup_nrf52.o(.text) referenced from arm_startup_nrf52.o(RESET)
 <LI><a href="#[24]">SWI2_EGU2_IRQHandler</a> from nrf_sdh.o(i.SWI2_EGU2_IRQHandler) referenced from arm_startup_nrf52.o(RESET)
 <LI><a href="#[25]">SWI3_EGU3_IRQHandler</a> from arm_startup_nrf52.o(.text) referenced from arm_startup_nrf52.o(RESET)
 <LI><a href="#[26]">SWI4_EGU4_IRQHandler</a> from arm_startup_nrf52.o(.text) referenced from arm_startup_nrf52.o(RESET)
 <LI><a href="#[27]">SWI5_EGU5_IRQHandler</a> from arm_startup_nrf52.o(.text) referenced from arm_startup_nrf52.o(RESET)
 <LI><a href="#[d]">SysTick_Handler</a> from arm_startup_nrf52.o(.text) referenced from arm_startup_nrf52.o(RESET)
 <LI><a href="#[34]">SystemInit</a> from system_nrf52.o(i.SystemInit) referenced from arm_startup_nrf52.o(.text)
 <LI><a href="#[1a]">TEMP_IRQHandler</a> from arm_startup_nrf52.o(.text) referenced from arm_startup_nrf52.o(RESET)
 <LI><a href="#[16]">TIMER0_IRQHandler</a> from arm_startup_nrf52.o(.text) referenced from arm_startup_nrf52.o(RESET)
 <LI><a href="#[17]">TIMER1_IRQHandler</a> from arm_startup_nrf52.o(.text) referenced from arm_startup_nrf52.o(RESET)
 <LI><a href="#[18]">TIMER2_IRQHandler</a> from arm_startup_nrf52.o(.text) referenced from arm_startup_nrf52.o(RESET)
 <LI><a href="#[28]">TIMER3_IRQHandler</a> from arm_startup_nrf52.o(.text) referenced from arm_startup_nrf52.o(RESET)
 <LI><a href="#[29]">TIMER4_IRQHandler</a> from arm_startup_nrf52.o(.text) referenced from arm_startup_nrf52.o(RESET)
 <LI><a href="#[10]">UARTE0_UART0_IRQHandler</a> from nrfx_prs.o(i.UARTE0_UART0_IRQHandler) referenced from arm_startup_nrf52.o(RESET)
 <LI><a href="#[9]">UsageFault_Handler</a> from arm_startup_nrf52.o(.text) referenced from arm_startup_nrf52.o(RESET)
 <LI><a href="#[1e]">WDT_IRQHandler</a> from nrfx_wdt.o(i.WDT_IRQHandler) referenced from arm_startup_nrf52.o(RESET)
 <LI><a href="#[35]">__main</a> from entry.o(.ARM.Collect$$$$00000000) referenced from arm_startup_nrf52.o(.text)
 <LI><a href="#[36]">_snputc</a> from printfa.o(i._snputc) referenced from printfa.o(i.__0snprintf)
 <LI><a href="#[36]">_snputc</a> from printfa.o(i._snputc) referenced from printfa.o(i.__0vsnprintf)
 <LI><a href="#[37]">_sputc</a> from printfa.o(i._sputc) referenced from printfa.o(i.__0sprintf)
 <LI><a href="#[3f]">alert_timer_handler</a> from bsp.o(i.alert_timer_handler) referenced from bsp.o(i.bsp_init)
 <LI><a href="#[46]">app_active_report_outtime_cb</a> from lock_timer.o(i.app_active_report_outtime_cb) referenced from lock_timer.o(i.lock_timer_creat)
 <LI><a href="#[4c]">app_error_fault_handler</a> from main.o(i.app_error_fault_handler) referenced from nrf_sdh.o(i.nrf_sdh_enable_request)
 <LI><a href="#[3a]">app_ota_setting_write_complete_cb</a> from app_ota.o(i.app_ota_setting_write_complete_cb) referenced from app_ota.o(i.app_ota_end_handler)
 <LI><a href="#[44]">app_test_outtime_cb</a> from lock_timer.o(i.app_test_outtime_cb) referenced from lock_timer.o(i.lock_timer_creat)
 <LI><a href="#[45]">app_test_reset_outtime_cb</a> from lock_timer.o(i.app_test_reset_outtime_cb) referenced from lock_timer.o(i.lock_timer_creat)
 <LI><a href="#[76]">ble_db_discovery_on_ble_evt</a> from ble_db_discovery.o(i.ble_db_discovery_on_ble_evt) referenced from suble_svc.o(sdh_ble_observers1)
 <LI><a href="#[73]">ble_evt_handler</a> from ble_conn_state.o(i.ble_evt_handler) referenced from ble_conn_state.o(sdh_ble_observers0)
 <LI><a href="#[77]">ble_evt_handler</a> from bsp_btn_ble.o(i.ble_evt_handler) referenced 2 times from bsp_btn_ble.o(sdh_ble_observers1)
 <LI><a href="#[53]">ble_nus_c_evt_handler</a> from suble_svc.o(i.ble_nus_c_evt_handler) referenced from suble_svc.o(i.suble_svc_c_init)
 <LI><a href="#[7a]">ble_nus_c_on_ble_evt</a> from ble_nus_c.o(i.ble_nus_c_on_ble_evt) referenced from suble_svc.o(sdh_ble_observers2)
 <LI><a href="#[79]">ble_nus_on_ble_evt</a> from ble_nus.o(i.ble_nus_on_ble_evt) referenced from suble_svc.o(sdh_ble_observers2)
 <LI><a href="#[42]">bonding_conn_outtime_cb</a> from lock_timer.o(i.bonding_conn_outtime_cb) referenced from lock_timer.o(i.lock_timer_creat)
 <LI><a href="#[5e]">bsp_button_event_handler</a> from bsp.o(i.bsp_button_event_handler) referenced 4 times from bsp.o(.constdata)
 <LI><a href="#[50]">bsp_event_handler</a> from suble_gpio.o(i.bsp_event_handler) referenced from suble_gpio.o(i.suble_gpio_init)
 <LI><a href="#[3d]">button_timer_handler</a> from bsp.o(i.button_timer_handler) referenced from bsp.o(i.bsp_init)
 <LI><a href="#[49]">clock_irq_handler</a> from nrf_drv_clock.o(i.clock_irq_handler) referenced from nrf_drv_clock.o(i.nrf_drv_clock_init)
 <LI><a href="#[48]">communication_monitor_outtime_cb</a> from lock_timer.o(i.communication_monitor_outtime_cb) referenced from lock_timer.o(i.lock_timer_creat)
 <LI><a href="#[40]">conn_param_update_outtime_cb</a> from lock_timer.o(i.conn_param_update_outtime_cb) referenced from lock_timer.o(i.lock_timer_creat)
 <LI><a href="#[4e]">db_disc_handler</a> from suble_svc.o(i.db_disc_handler) referenced from suble_svc.o(i.suble_db_discovery_init)
 <LI><a href="#[41]">delay_report_outtime_cb</a> from lock_timer.o(i.delay_report_outtime_cb) referenced from lock_timer.o(i.lock_timer_creat)
 <LI><a href="#[39]">detection_delay_timeout_handler</a> from app_button.o(i.detection_delay_timeout_handler) referenced from app_button.o(i.app_button_init)
 <LI><a href="#[3]">dfu_fstorage_evt_handler</a> from nrf_dfu_flash.o(i.dfu_fstorage_evt_handler) referenced 2 times from nrf_dfu_flash.o(fs_data)
 <LI><a href="#[64]">erase</a> from nrf_fstorage_sd.o(i.erase) referenced 2 times from nrf_fstorage_sd.o(.constdata)
 <LI><a href="#[2]">fstorage_evt_handler</a> from suble_flash.o(i.fstorage_evt_handler) referenced 2 times from suble_flash.o(fs_data)
 <LI><a href="#[4f]">gatt_evt_handler</a> from suble_gap.o(i.gatt_evt_handler) referenced from suble_gap.o(i.suble_gatt_init)
 <LI><a href="#[38]">gpiote_event_handler</a> from app_button.o(i.gpiote_event_handler) referenced from app_button.o(i.app_button_init)
 <LI><a href="#[60]">init</a> from nrf_fstorage_sd.o(i.init) referenced 2 times from nrf_fstorage_sd.o(.constdata)
 <LI><a href="#[67]">is_busy</a> from nrf_fstorage_sd.o(i.is_busy) referenced 2 times from nrf_fstorage_sd.o(.constdata)
 <LI><a href="#[3e]">leds_timer_handler</a> from bsp.o(i.leds_timer_handler) referenced from bsp.o(i.bsp_init)
 <LI><a href="#[33]">main</a> from main.o(i.main) referenced from entry9a.o(.ARM.Collect$$$$0000000B)
 <LI><a href="#[3c]">master_bonding_slave_handler</a> from suble_gpio.o(i.master_bonding_slave_handler) referenced from suble_gpio.o(i.bsp_event_handler)
 <LI><a href="#[3c]">master_bonding_slave_handler</a> from suble_gpio.o(i.master_bonding_slave_handler) referenced from suble_gpio.o(i.suble_gpio_open_with_common_pwd)
 <LI><a href="#[3c]">master_bonding_slave_handler</a> from suble_gpio.o(i.master_bonding_slave_handler) referenced from suble_gpio.o(i.suble_gpio_open_with_tmp_pwd)
 <LI><a href="#[1]">memset</a> from memseta.o(.text) referenced 2 times from aes.o(.data)
 <LI><a href="#[75]">nrf_ble_gatt_on_ble_evt</a> from nrf_ble_gatt.o(i.nrf_ble_gatt_on_ble_evt) referenced from suble_gap.o(sdh_ble_observers1)
 <LI><a href="#[74]">nrf_ble_scan_on_ble_evt</a> from nrf_ble_scan.o(i.nrf_ble_scan_on_ble_evt) referenced from suble_adv_scan.o(sdh_ble_observers1)
 <LI><a href="#[7c]">nrf_fstorage_sdh_req_handler</a> from nrf_fstorage_sd.o(i.nrf_fstorage_sdh_req_handler) referenced from nrf_fstorage_sd.o(sdh_req_observers0)
 <LI><a href="#[82]">nrf_fstorage_sdh_state_handler</a> from nrf_fstorage_sd.o(i.nrf_fstorage_sdh_state_handler) referenced from nrf_fstorage_sd.o(sdh_state_observers0)
 <LI><a href="#[7e]">nrf_fstorage_sys_evt_handler</a> from nrf_fstorage_sd.o(i.nrf_fstorage_sys_evt_handler) referenced from nrf_fstorage_sd.o(sdh_soc_observers0)
 <LI><a href="#[72]">nrf_log_backend_rtt_flush</a> from nrf_log_backend_rtt.o(i.nrf_log_backend_rtt_flush) referenced from nrf_log_backend_rtt.o(.constdata)
 <LI><a href="#[71]">nrf_log_backend_rtt_panic_set</a> from nrf_log_backend_rtt.o(i.nrf_log_backend_rtt_panic_set) referenced from nrf_log_backend_rtt.o(.constdata)
 <LI><a href="#[70]">nrf_log_backend_rtt_put</a> from nrf_log_backend_rtt.o(i.nrf_log_backend_rtt_put) referenced from nrf_log_backend_rtt.o(.constdata)
 <LI><a href="#[7f]">nrf_sdh_ble_evts_poll</a> from nrf_sdh_ble.o(i.nrf_sdh_ble_evts_poll) referenced from nrf_sdh_ble.o(sdh_stack_observers0)
 <LI><a href="#[80]">nrf_sdh_soc_evts_poll</a> from nrf_sdh_soc.o(i.nrf_sdh_soc_evts_poll) referenced from nrf_sdh_soc.o(sdh_stack_observers0)
 <LI><a href="#[5f]">nrfx_uart_0_irq_handler</a> from nrfx_uart.o(i.nrfx_uart_0_irq_handler) referenced from nrfx_uart.o(.constdata)
 <LI><a href="#[62]">read</a> from nrf_fstorage_sd.o(i.read) referenced 2 times from nrf_fstorage_sd.o(.constdata)
 <LI><a href="#[47]">reset_with_disconn2_outtime_cb</a> from lock_timer.o(i.reset_with_disconn2_outtime_cb) referenced from lock_timer.o(i.lock_timer_creat)
 <LI><a href="#[43]">reset_with_disconn_outtime_cb</a> from lock_timer.o(i.reset_with_disconn_outtime_cb) referenced from lock_timer.o(i.lock_timer_creat)
 <LI><a href="#[65]">rmap</a> from nrf_fstorage_sd.o(i.rmap) referenced 2 times from nrf_fstorage_sd.o(.constdata)
 <LI><a href="#[81]">sd_state_evt_handler</a> from nrf_drv_clock.o(i.sd_state_evt_handler) referenced from nrf_drv_clock.o(sdh_state_observers0)
 <LI><a href="#[4b]">serial_tx</a> from nrf_log_backend_rtt.o(i.serial_tx) referenced from nrf_log_backend_rtt.o(i.nrf_log_backend_rtt_put)
 <LI><a href="#[7d]">soc_evt_handler</a> from nrf_drv_clock.o(i.soc_evt_handler) referenced from nrf_drv_clock.o(sdh_soc_observers0)
 <LI><a href="#[7b]">suble_ble_evt_handler</a> from suble_gap.o(i.suble_ble_evt_handler) referenced from suble_gap.o(sdh_ble_observers3)
 <LI><a href="#[5a]">suble_connect_result_handler</a> from tuya_ble_master.o(i.suble_connect_result_handler) referenced from tuya_ble_master.o(i.tuya_ble_master_scan_finish_handler)
 <LI><a href="#[5b]">suble_master_evt_handler</a> from tuya_ble_master.o(i.suble_master_evt_handler) referenced from tuya_ble_master.o(i.tuya_ble_master_scan_start)
 <LI><a href="#[51]">suble_rtc_handler</a> from suble_timer.o(i.suble_rtc_handler) referenced from suble_timer.o(i.suble_local_timer_start)
 <LI><a href="#[52]">suble_scan_evt_handler</a> from suble_adv_scan.o(i.suble_scan_evt_handler) referenced from suble_adv_scan.o(i.suble_scan_init)
 <LI><a href="#[5c]">suble_scan_result_handler</a> from tuya_ble_master.o(i.suble_scan_result_handler) referenced from tuya_ble_master.o(i.tuya_ble_master_scan_start)
 <LI><a href="#[54]">suble_svc_receive_data</a> from suble_svc.o(i.suble_svc_receive_data) referenced from suble_svc.o(i.suble_svc_init)
 <LI><a href="#[4d]">suble_svc_result_handler</a> from tuya_ble_master.o(i.suble_svc_result_handler) referenced from tuya_ble_master.o(i.suble_connect_result_handler)
 <LI><a href="#[57]">tuya_ble_app_data_process</a> from tuya_ble_app_demo.o(i.tuya_ble_app_data_process) referenced from tuya_ble_app_demo.o(i.tuya_ble_app_evt_send)
 <LI><a href="#[57]">tuya_ble_app_data_process</a> from tuya_ble_app_demo.o(i.tuya_ble_app_data_process) referenced from tuya_ble_app_demo.o(i.tuya_ble_app_evt_send_with_data)
 <LI><a href="#[36a]">tuya_ble_gatt_send_data_handle</a> from tuya_ble_gatt_send_queue.o(i.tuya_ble_gatt_send_data_handle) referenced from tuya_ble_gatt_send_queue.o(i.tuya_ble_gatt_send_data_handle)
 <LI><a href="#[59]">tuya_ble_master_timer_conncet_monitor_callback</a> from tuya_ble_master.o(i.tuya_ble_master_timer_conncet_monitor_callback) referenced from tuya_ble_master.o(i.tuya_ble_master_info_init)
 <LI><a href="#[58]">tuya_ble_sdk_callback</a> from tuya_ble_app_demo.o(i.tuya_ble_sdk_callback) referenced from tuya_ble_app_demo.o(i.tuya_ble_app_init)
 <LI><a href="#[5d]">tuya_ble_vtimer_conncet_monitor_callback</a> from tuya_ble_api.o(i.tuya_ble_vtimer_conncet_monitor_callback) referenced from tuya_ble_api.o(i.tuya_ble_sdk_init)
 <LI><a href="#[55]">uart1_rx_handler</a> from suble_uart.o(i.uart1_rx_handler) referenced from suble_uart.o(i.suble_uart1_init)
 <LI><a href="#[3b]">uart_event_handler</a> from app_uart_fifo.o(i.uart_event_handler) referenced from app_uart_fifo.o(i.app_uart_init)
 <LI><a href="#[4a]">uart_evt_handler</a> from nrf_drv_uart.o(i.uart_evt_handler) referenced from nrf_drv_uart.o(i.nrf_drv_uart_init)
 <LI><a href="#[61]">uninit</a> from nrf_fstorage_sd.o(i.uninit) referenced 2 times from nrf_fstorage_sd.o(.constdata)
 <LI><a href="#[56]">wdt_event_handler</a> from suble_common.o(i.wdt_event_handler) referenced from suble_common.o(i.suble_wdt_init)
 <LI><a href="#[66]">wmap</a> from nrf_fstorage_sd.o(i.wmap) referenced 2 times from nrf_fstorage_sd.o(.constdata)
 <LI><a href="#[63]">write</a> from nrf_fstorage_sd.o(i.write) referenced 2 times from nrf_fstorage_sd.o(.constdata)
</UL>
<P>
<H3>
Global Symbols
</H3>
<P><STRONG><a name="[35]"></a>__main</STRONG> (Thumb, 0 bytes, Stack size unknown bytes, entry.o(.ARM.Collect$$$$00000000))
<BR>[Address Reference Count : 1]<UL><LI> arm_startup_nrf52.o(.text)
</UL>
<P><STRONG><a name="[3a5]"></a>_main_stk</STRONG> (Thumb, 0 bytes, Stack size unknown bytes, entry2.o(.ARM.Collect$$$$00000001))

<P><STRONG><a name="[83]"></a>_main_scatterload</STRONG> (Thumb, 0 bytes, Stack size unknown bytes, entry5.o(.ARM.Collect$$$$00000004))
<BR><BR>[Calls]<UL><LI><a href="#[84]">&gt;&gt;</a>&nbsp;&nbsp;&nbsp;__scatterload
</UL>

<P><STRONG><a name="[9e]"></a>__main_after_scatterload</STRONG> (Thumb, 0 bytes, Stack size unknown bytes, entry5.o(.ARM.Collect$$$$00000004))
<BR><BR>[Called By]<UL><LI><a href="#[84]">&gt;&gt;</a>&nbsp;&nbsp;&nbsp;__scatterload
</UL>

<P><STRONG><a name="[3a6]"></a>_main_clock</STRONG> (Thumb, 0 bytes, Stack size unknown bytes, entry7b.o(.ARM.Collect$$$$00000008))

<P><STRONG><a name="[3a7]"></a>_main_cpp_init</STRONG> (Thumb, 0 bytes, Stack size unknown bytes, entry8b.o(.ARM.Collect$$$$0000000A))

<P><STRONG><a name="[3a8]"></a>_main_init</STRONG> (Thumb, 0 bytes, Stack size unknown bytes, entry9a.o(.ARM.Collect$$$$0000000B))

<P><STRONG><a name="[3a9]"></a>__rt_final_cpp</STRONG> (Thumb, 0 bytes, Stack size unknown bytes, entry10a.o(.ARM.Collect$$$$0000000D))

<P><STRONG><a name="[3aa]"></a>__rt_final_exit</STRONG> (Thumb, 0 bytes, Stack size unknown bytes, entry11a.o(.ARM.Collect$$$$0000000F))

<P><STRONG><a name="[268]"></a>__asm___12_nrf_atfifo_c_51f461e1__nrf_atfifo_wspace_req</STRONG> (Thumb, 56 bytes, Stack size 0 bytes, nrf_atfifo.o(.emb_text))
<BR><BR>[Called By]<UL><LI><a href="#[1ea]">&gt;&gt;</a>&nbsp;&nbsp;&nbsp;nrf_atfifo_item_alloc
</UL>

<P><STRONG><a name="[85]"></a>__asm___12_nrf_atfifo_c_51f461e1__nrf_atfifo_wspace_close</STRONG> (Thumb, 18 bytes, Stack size 0 bytes, nrf_atfifo.o(.emb_text))
<BR><BR>[Calls]<UL><LI><a href="#[85]">&gt;&gt;</a>&nbsp;&nbsp;&nbsp;__asm___12_nrf_atfifo_c_51f461e1__nrf_atfifo_wspace_close
</UL>
<BR>[Called By]<UL><LI><a href="#[1eb]">&gt;&gt;</a>&nbsp;&nbsp;&nbsp;nrf_atfifo_item_put
<LI><a href="#[85]">&gt;&gt;</a>&nbsp;&nbsp;&nbsp;__asm___12_nrf_atfifo_c_51f461e1__nrf_atfifo_wspace_close
</UL>

<P><STRONG><a name="[26b]"></a>__asm___12_nrf_atfifo_c_51f461e1__nrf_atfifo_rspace_req</STRONG> (Thumb, 58 bytes, Stack size 0 bytes, nrf_atfifo.o(.emb_text))
<BR><BR>[Called By]<UL><LI><a href="#[26a]">&gt;&gt;</a>&nbsp;&nbsp;&nbsp;nrf_atfifo_item_get
</UL>

<P><STRONG><a name="[86]"></a>__asm___12_nrf_atfifo_c_51f461e1__nrf_atfifo_rspace_close</STRONG> (Thumb, 18 bytes, Stack size 0 bytes, nrf_atfifo.o(.emb_text))
<BR><BR>[Calls]<UL><LI><a href="#[86]">&gt;&gt;</a>&nbsp;&nbsp;&nbsp;__asm___12_nrf_atfifo_c_51f461e1__nrf_atfifo_rspace_close
</UL>
<BR>[Called By]<UL><LI><a href="#[269]">&gt;&gt;</a>&nbsp;&nbsp;&nbsp;nrf_atfifo_item_free
<LI><a href="#[86]">&gt;&gt;</a>&nbsp;&nbsp;&nbsp;__asm___12_nrf_atfifo_c_51f461e1__nrf_atfifo_rspace_close
</UL>

<P><STRONG><a name="[267]"></a>__asm___12_nrf_atfifo_c_51f461e1__nrf_atfifo_space_clear</STRONG> (Thumb, 50 bytes, Stack size 0 bytes, nrf_atfifo.o(.emb_text))
<BR><BR>[Called By]<UL><LI><a href="#[266]">&gt;&gt;</a>&nbsp;&nbsp;&nbsp;nrf_atfifo_clear
</UL>

<P><STRONG><a name="[271]"></a>__asm___12_nrf_atomic_c_85ca2469__nrf_atomic_internal_mov</STRONG> (Thumb, 24 bytes, Stack size 0 bytes, nrf_atomic.o(.emb_text))
<BR><BR>[Called By]<UL><LI><a href="#[1f7]">&gt;&gt;</a>&nbsp;&nbsp;&nbsp;nrf_atomic_u32_store
</UL>

<P><STRONG><a name="[270]"></a>__asm___12_nrf_atomic_c_85ca2469__nrf_atomic_internal_orr</STRONG> (Thumb, 26 bytes, Stack size 0 bytes, nrf_atomic.o(.emb_text))
<BR><BR>[Called By]<UL><LI><a href="#[26c]">&gt;&gt;</a>&nbsp;&nbsp;&nbsp;nrf_atomic_u32_or
<LI><a href="#[26d]">&gt;&gt;</a>&nbsp;&nbsp;&nbsp;nrf_atomic_u32_fetch_or
</UL>

<P><STRONG><a name="[26f]"></a>__asm___12_nrf_atomic_c_85ca2469__nrf_atomic_internal_and</STRONG> (Thumb, 26 bytes, Stack size 0 bytes, nrf_atomic.o(.emb_text))
<BR><BR>[Called By]<UL><LI><a href="#[190]">&gt;&gt;</a>&nbsp;&nbsp;&nbsp;nrf_atomic_u32_and
</UL>

<P><STRONG><a name="[3ab]"></a>__asm___12_nrf_atomic_c_85ca2469__nrf_atomic_internal_eor</STRONG> (Thumb, 26 bytes, Stack size 0 bytes, nrf_atomic.o(.emb_text), UNUSED)

<P><STRONG><a name="[26e]"></a>__asm___12_nrf_atomic_c_85ca2469__nrf_atomic_internal_add</STRONG> (Thumb, 26 bytes, Stack size 0 bytes, nrf_atomic.o(.emb_text))
<BR><BR>[Called By]<UL><LI><a href="#[1f6]">&gt;&gt;</a>&nbsp;&nbsp;&nbsp;nrf_atomic_u32_add
</UL>

<P><STRONG><a name="[273]"></a>__asm___12_nrf_atomic_c_85ca2469__nrf_atomic_internal_sub</STRONG> (Thumb, 26 bytes, Stack size 0 bytes, nrf_atomic.o(.emb_text))
<BR><BR>[Called By]<UL><LI><a href="#[272]">&gt;&gt;</a>&nbsp;&nbsp;&nbsp;nrf_atomic_u32_sub
</UL>

<P><STRONG><a name="[3ac]"></a>__asm___12_nrf_atomic_c_85ca2469__nrf_atomic_internal_cmp_exch</STRONG> (Thumb, 42 bytes, Stack size 0 bytes, nrf_atomic.o(.emb_text), UNUSED)

<P><STRONG><a name="[3ad]"></a>__asm___12_nrf_atomic_c_85ca2469__nrf_atomic_internal_sub_hs</STRONG> (Thumb, 30 bytes, Stack size 0 bytes, nrf_atomic.o(.emb_text), UNUSED)

<P><STRONG><a name="[4]"></a>Reset_Handler</STRONG> (Thumb, 8 bytes, Stack size 0 bytes, arm_startup_nrf52.o(.text))
<BR>[Address Reference Count : 1]<UL><LI> arm_startup_nrf52.o(RESET)
</UL>
<P><STRONG><a name="[5]"></a>NMI_Handler</STRONG> (Thumb, 2 bytes, Stack size 0 bytes, arm_startup_nrf52.o(.text))
<BR><BR>[Calls]<UL><LI><a href="#[5]">&gt;&gt;</a>&nbsp;&nbsp;&nbsp;NMI_Handler
</UL>
<BR>[Called By]<UL><LI><a href="#[5]">&gt;&gt;</a>&nbsp;&nbsp;&nbsp;NMI_Handler
</UL>
<BR>[Address Reference Count : 1]<UL><LI> arm_startup_nrf52.o(RESET)
</UL>
<P><STRONG><a name="[6]"></a>HardFault_Handler</STRONG> (Thumb, 2 bytes, Stack size 0 bytes, arm_startup_nrf52.o(.text))
<BR><BR>[Calls]<UL><LI><a href="#[6]">&gt;&gt;</a>&nbsp;&nbsp;&nbsp;HardFault_Handler
</UL>
<BR>[Called By]<UL><LI><a href="#[6]">&gt;&gt;</a>&nbsp;&nbsp;&nbsp;HardFault_Handler
</UL>
<BR>[Address Reference Count : 1]<UL><LI> arm_startup_nrf52.o(RESET)
</UL>
<P><STRONG><a name="[7]"></a>MemoryManagement_Handler</STRONG> (Thumb, 2 bytes, Stack size 0 bytes, arm_startup_nrf52.o(.text))
<BR><BR>[Calls]<UL><LI><a href="#[7]">&gt;&gt;</a>&nbsp;&nbsp;&nbsp;MemoryManagement_Handler
</UL>
<BR>[Called By]<UL><LI><a href="#[7]">&gt;&gt;</a>&nbsp;&nbsp;&nbsp;MemoryManagement_Handler
</UL>
<BR>[Address Reference Count : 1]<UL><LI> arm_startup_nrf52.o(RESET)
</UL>
<P><STRONG><a name="[8]"></a>BusFault_Handler</STRONG> (Thumb, 2 bytes, Stack size 0 bytes, arm_startup_nrf52.o(.text))
<BR><BR>[Calls]<UL><LI><a href="#[8]">&gt;&gt;</a>&nbsp;&nbsp;&nbsp;BusFault_Handler
</UL>
<BR>[Called By]<UL><LI><a href="#[8]">&gt;&gt;</a>&nbsp;&nbsp;&nbsp;BusFault_Handler
</UL>
<BR>[Address Reference Count : 1]<UL><LI> arm_startup_nrf52.o(RESET)
</UL>
<P><STRONG><a name="[9]"></a>UsageFault_Handler</STRONG> (Thumb, 2 bytes, Stack size 0 bytes, arm_startup_nrf52.o(.text))
<BR><BR>[Calls]<UL><LI><a href="#[9]">&gt;&gt;</a>&nbsp;&nbsp;&nbsp;UsageFault_Handler
</UL>
<BR>[Called By]<UL><LI><a href="#[9]">&gt;&gt;</a>&nbsp;&nbsp;&nbsp;UsageFault_Handler
</UL>
<BR>[Address Reference Count : 1]<UL><LI> arm_startup_nrf52.o(RESET)
</UL>
<P><STRONG><a name="[a]"></a>SVC_Handler</STRONG> (Thumb, 2 bytes, Stack size 0 bytes, arm_startup_nrf52.o(.text))
<BR><BR>[Calls]<UL><LI><a href="#[a]">&gt;&gt;</a>&nbsp;&nbsp;&nbsp;SVC_Handler
</UL>
<BR>[Called By]<UL><LI><a href="#[a]">&gt;&gt;</a>&nbsp;&nbsp;&nbsp;SVC_Handler
</UL>
<BR>[Address Reference Count : 1]<UL><LI> arm_startup_nrf52.o(RESET)
</UL>
<P><STRONG><a name="[b]"></a>DebugMon_Handler</STRONG> (Thumb, 2 bytes, Stack size 0 bytes, arm_startup_nrf52.o(.text))
<BR><BR>[Calls]<UL><LI><a href="#[b]">&gt;&gt;</a>&nbsp;&nbsp;&nbsp;DebugMon_Handler
</UL>
<BR>[Called By]<UL><LI><a href="#[b]">&gt;&gt;</a>&nbsp;&nbsp;&nbsp;DebugMon_Handler
</UL>
<BR>[Address Reference Count : 1]<UL><LI> arm_startup_nrf52.o(RESET)
</UL>
<P><STRONG><a name="[c]"></a>PendSV_Handler</STRONG> (Thumb, 2 bytes, Stack size 0 bytes, arm_startup_nrf52.o(.text))
<BR><BR>[Calls]<UL><LI><a href="#[c]">&gt;&gt;</a>&nbsp;&nbsp;&nbsp;PendSV_Handler
</UL>
<BR>[Called By]<UL><LI><a href="#[c]">&gt;&gt;</a>&nbsp;&nbsp;&nbsp;PendSV_Handler
</UL>
<BR>[Address Reference Count : 1]<UL><LI> arm_startup_nrf52.o(RESET)
</UL>
<P><STRONG><a name="[d]"></a>SysTick_Handler</STRONG> (Thumb, 2 bytes, Stack size 0 bytes, arm_startup_nrf52.o(.text))
<BR><BR>[Calls]<UL><LI><a href="#[d]">&gt;&gt;</a>&nbsp;&nbsp;&nbsp;SysTick_Handler
</UL>
<BR>[Called By]<UL><LI><a href="#[d]">&gt;&gt;</a>&nbsp;&nbsp;&nbsp;SysTick_Handler
</UL>
<BR>[Address Reference Count : 1]<UL><LI> arm_startup_nrf52.o(RESET)
</UL>
<P><STRONG><a name="[1d]"></a>CCM_AAR_IRQHandler</STRONG> (Thumb, 0 bytes, Stack size 0 bytes, arm_startup_nrf52.o(.text))
<BR><BR>[Calls]<UL><LI><a href="#[1d]">&gt;&gt;</a>&nbsp;&nbsp;&nbsp;CCM_AAR_IRQHandler
</UL>
<BR>[Called By]<UL><LI><a href="#[1d]">&gt;&gt;</a>&nbsp;&nbsp;&nbsp;CCM_AAR_IRQHandler
</UL>
<BR>[Address Reference Count : 1]<UL><LI> arm_startup_nrf52.o(RESET)
</UL>
<P><STRONG><a name="[21]"></a>COMP_LPCOMP_IRQHandler</STRONG> (Thumb, 0 bytes, Stack size 0 bytes, arm_startup_nrf52.o(.text))
<BR>[Address Reference Count : 1]<UL><LI> arm_startup_nrf52.o(RESET)
</UL>
<P><STRONG><a name="[1c]"></a>ECB_IRQHandler</STRONG> (Thumb, 0 bytes, Stack size 0 bytes, arm_startup_nrf52.o(.text))
<BR>[Address Reference Count : 1]<UL><LI> arm_startup_nrf52.o(RESET)
</UL>
<P><STRONG><a name="[32]"></a>FPU_IRQHandler</STRONG> (Thumb, 0 bytes, Stack size 0 bytes, arm_startup_nrf52.o(.text))
<BR>[Address Reference Count : 1]<UL><LI> arm_startup_nrf52.o(RESET)
</UL>
<P><STRONG><a name="[31]"></a>I2S_IRQHandler</STRONG> (Thumb, 0 bytes, Stack size 0 bytes, arm_startup_nrf52.o(.text))
<BR>[Address Reference Count : 1]<UL><LI> arm_startup_nrf52.o(RESET)
</UL>
<P><STRONG><a name="[2c]"></a>MWU_IRQHandler</STRONG> (Thumb, 0 bytes, Stack size 0 bytes, arm_startup_nrf52.o(.text))
<BR>[Address Reference Count : 1]<UL><LI> arm_startup_nrf52.o(RESET)
</UL>
<P><STRONG><a name="[13]"></a>NFCT_IRQHandler</STRONG> (Thumb, 0 bytes, Stack size 0 bytes, arm_startup_nrf52.o(.text))
<BR>[Address Reference Count : 1]<UL><LI> arm_startup_nrf52.o(RESET)
</UL>
<P><STRONG><a name="[2b]"></a>PDM_IRQHandler</STRONG> (Thumb, 0 bytes, Stack size 0 bytes, arm_startup_nrf52.o(.text))
<BR>[Address Reference Count : 1]<UL><LI> arm_startup_nrf52.o(RESET)
</UL>
<P><STRONG><a name="[2a]"></a>PWM0_IRQHandler</STRONG> (Thumb, 0 bytes, Stack size 0 bytes, arm_startup_nrf52.o(.text))
<BR>[Address Reference Count : 1]<UL><LI> arm_startup_nrf52.o(RESET)
</UL>
<P><STRONG><a name="[2d]"></a>PWM1_IRQHandler</STRONG> (Thumb, 0 bytes, Stack size 0 bytes, arm_startup_nrf52.o(.text))
<BR>[Address Reference Count : 1]<UL><LI> arm_startup_nrf52.o(RESET)
</UL>
<P><STRONG><a name="[2e]"></a>PWM2_IRQHandler</STRONG> (Thumb, 0 bytes, Stack size 0 bytes, arm_startup_nrf52.o(.text))
<BR>[Address Reference Count : 1]<UL><LI> arm_startup_nrf52.o(RESET)
</UL>
<P><STRONG><a name="[20]"></a>QDEC_IRQHandler</STRONG> (Thumb, 0 bytes, Stack size 0 bytes, arm_startup_nrf52.o(.text))
<BR>[Address Reference Count : 1]<UL><LI> arm_startup_nrf52.o(RESET)
</UL>
<P><STRONG><a name="[f]"></a>RADIO_IRQHandler</STRONG> (Thumb, 0 bytes, Stack size 0 bytes, arm_startup_nrf52.o(.text))
<BR>[Address Reference Count : 1]<UL><LI> arm_startup_nrf52.o(RESET)
</UL>
<P><STRONG><a name="[1b]"></a>RNG_IRQHandler</STRONG> (Thumb, 0 bytes, Stack size 0 bytes, arm_startup_nrf52.o(.text))
<BR>[Address Reference Count : 1]<UL><LI> arm_startup_nrf52.o(RESET)
</UL>
<P><STRONG><a name="[19]"></a>RTC0_IRQHandler</STRONG> (Thumb, 0 bytes, Stack size 0 bytes, arm_startup_nrf52.o(.text))
<BR>[Address Reference Count : 1]<UL><LI> arm_startup_nrf52.o(RESET)
</UL>
<P><STRONG><a name="[15]"></a>SAADC_IRQHandler</STRONG> (Thumb, 0 bytes, Stack size 0 bytes, arm_startup_nrf52.o(.text))
<BR>[Address Reference Count : 1]<UL><LI> arm_startup_nrf52.o(RESET)
</UL>
<P><STRONG><a name="[11]"></a>SPIM0_SPIS0_TWIM0_TWIS0_SPI0_TWI0_IRQHandler</STRONG> (Thumb, 0 bytes, Stack size 0 bytes, arm_startup_nrf52.o(.text))
<BR>[Address Reference Count : 1]<UL><LI> arm_startup_nrf52.o(RESET)
</UL>
<P><STRONG><a name="[12]"></a>SPIM1_SPIS1_TWIM1_TWIS1_SPI1_TWI1_IRQHandler</STRONG> (Thumb, 0 bytes, Stack size 0 bytes, arm_startup_nrf52.o(.text))
<BR>[Address Reference Count : 1]<UL><LI> arm_startup_nrf52.o(RESET)
</UL>
<P><STRONG><a name="[2f]"></a>SPIM2_SPIS2_SPI2_IRQHandler</STRONG> (Thumb, 0 bytes, Stack size 0 bytes, arm_startup_nrf52.o(.text))
<BR>[Address Reference Count : 1]<UL><LI> arm_startup_nrf52.o(RESET)
</UL>
<P><STRONG><a name="[23]"></a>SWI1_EGU1_IRQHandler</STRONG> (Thumb, 0 bytes, Stack size 0 bytes, arm_startup_nrf52.o(.text))
<BR>[Address Reference Count : 1]<UL><LI> arm_startup_nrf52.o(RESET)
</UL>
<P><STRONG><a name="[25]"></a>SWI3_EGU3_IRQHandler</STRONG> (Thumb, 0 bytes, Stack size 0 bytes, arm_startup_nrf52.o(.text))
<BR>[Address Reference Count : 1]<UL><LI> arm_startup_nrf52.o(RESET)
</UL>
<P><STRONG><a name="[26]"></a>SWI4_EGU4_IRQHandler</STRONG> (Thumb, 0 bytes, Stack size 0 bytes, arm_startup_nrf52.o(.text))
<BR>[Address Reference Count : 1]<UL><LI> arm_startup_nrf52.o(RESET)
</UL>
<P><STRONG><a name="[27]"></a>SWI5_EGU5_IRQHandler</STRONG> (Thumb, 0 bytes, Stack size 0 bytes, arm_startup_nrf52.o(.text))
<BR>[Address Reference Count : 1]<UL><LI> arm_startup_nrf52.o(RESET)
</UL>
<P><STRONG><a name="[1a]"></a>TEMP_IRQHandler</STRONG> (Thumb, 0 bytes, Stack size 0 bytes, arm_startup_nrf52.o(.text))
<BR>[Address Reference Count : 1]<UL><LI> arm_startup_nrf52.o(RESET)
</UL>
<P><STRONG><a name="[16]"></a>TIMER0_IRQHandler</STRONG> (Thumb, 0 bytes, Stack size 0 bytes, arm_startup_nrf52.o(.text))
<BR>[Address Reference Count : 1]<UL><LI> arm_startup_nrf52.o(RESET)
</UL>
<P><STRONG><a name="[17]"></a>TIMER1_IRQHandler</STRONG> (Thumb, 0 bytes, Stack size 0 bytes, arm_startup_nrf52.o(.text))
<BR>[Address Reference Count : 1]<UL><LI> arm_startup_nrf52.o(RESET)
</UL>
<P><STRONG><a name="[18]"></a>TIMER2_IRQHandler</STRONG> (Thumb, 0 bytes, Stack size 0 bytes, arm_startup_nrf52.o(.text))
<BR>[Address Reference Count : 1]<UL><LI> arm_startup_nrf52.o(RESET)
</UL>
<P><STRONG><a name="[28]"></a>TIMER3_IRQHandler</STRONG> (Thumb, 0 bytes, Stack size 0 bytes, arm_startup_nrf52.o(.text))
<BR>[Address Reference Count : 1]<UL><LI> arm_startup_nrf52.o(RESET)
</UL>
<P><STRONG><a name="[29]"></a>TIMER4_IRQHandler</STRONG> (Thumb, 0 bytes, Stack size 0 bytes, arm_startup_nrf52.o(.text))
<BR>[Address Reference Count : 1]<UL><LI> arm_startup_nrf52.o(RESET)
</UL>
<P><STRONG><a name="[87]"></a>__aeabi_uldivmod</STRONG> (Thumb, 98 bytes, Stack size 40 bytes, uldiv.o(.text))
<BR><BR>[Stack]<UL><LI>Max Depth = 40<LI>Call Chain = __aeabi_uldivmod
</UL>
<BR>[Calls]<UL><LI><a href="#[89]">&gt;&gt;</a>&nbsp;&nbsp;&nbsp;__aeabi_llsl
<LI><a href="#[88]">&gt;&gt;</a>&nbsp;&nbsp;&nbsp;__aeabi_llsr
</UL>
<BR>[Called By]<UL><LI><a href="#[13c]">&gt;&gt;</a>&nbsp;&nbsp;&nbsp;suble_timer_start
<LI><a href="#[365]">&gt;&gt;</a>&nbsp;&nbsp;&nbsp;tuya_ble_handle_unix_time_char_ms_resp
<LI><a href="#[1a9]">&gt;&gt;</a>&nbsp;&nbsp;&nbsp;bsp_led_indication
<LI><a href="#[bf]">&gt;&gt;</a>&nbsp;&nbsp;&nbsp;_printf_core
<LI><a href="#[cf]">&gt;&gt;</a>&nbsp;&nbsp;&nbsp;_fp_digits
</UL>

<P><STRONG><a name="[89]"></a>__aeabi_llsl</STRONG> (Thumb, 30 bytes, Stack size 0 bytes, llshl.o(.text))
<BR><BR>[Called By]<UL><LI><a href="#[38]">&gt;&gt;</a>&nbsp;&nbsp;&nbsp;gpiote_event_handler
<LI><a href="#[39]">&gt;&gt;</a>&nbsp;&nbsp;&nbsp;detection_delay_timeout_handler
<LI><a href="#[90]">&gt;&gt;</a>&nbsp;&nbsp;&nbsp;_double_epilogue
<LI><a href="#[9d]">&gt;&gt;</a>&nbsp;&nbsp;&nbsp;__aeabi_d2ulz
<LI><a href="#[87]">&gt;&gt;</a>&nbsp;&nbsp;&nbsp;__aeabi_uldivmod
<LI><a href="#[98]">&gt;&gt;</a>&nbsp;&nbsp;&nbsp;__aeabi_dadd
</UL>

<P><STRONG><a name="[3ae]"></a>_ll_shift_l</STRONG> (Thumb, 0 bytes, Stack size 0 bytes, llshl.o(.text), UNUSED)

<P><STRONG><a name="[96]"></a>__rt_ctype_table</STRONG> (Thumb, 4 bytes, Stack size 0 bytes, ctype_o.o(.text))
<BR><BR>[Called By]<UL><LI><a href="#[2a1]">&gt;&gt;</a>&nbsp;&nbsp;&nbsp;nrf_log_hexdump_entry_process
<LI><a href="#[8e]">&gt;&gt;</a>&nbsp;&nbsp;&nbsp;__strtoll
</UL>

<P><STRONG><a name="[32f]"></a>rand</STRONG> (Thumb, 20 bytes, Stack size 0 bytes, rand.o(.text))
<BR><BR>[Called By]<UL><LI><a href="#[30b]">&gt;&gt;</a>&nbsp;&nbsp;&nbsp;tuya_ble_master_commData_send
<LI><a href="#[377]">&gt;&gt;</a>&nbsp;&nbsp;&nbsp;tuya_ble_rand_generator
<LI><a href="#[32e]">&gt;&gt;</a>&nbsp;&nbsp;&nbsp;tuya_ble_commData_send
</UL>

<P><STRONG><a name="[3af]"></a>srand</STRONG> (Thumb, 6 bytes, Stack size 0 bytes, rand.o(.text), UNUSED)

<P><STRONG><a name="[ab]"></a>__aeabi_memcpy</STRONG> (Thumb, 36 bytes, Stack size 0 bytes, memcpya.o(.text))
<BR><BR>[Called By]<UL><LI><a href="#[253]">&gt;&gt;</a>&nbsp;&nbsp;&nbsp;tuya_ble_app_evt_send_with_data
<LI><a href="#[229]">&gt;&gt;</a>&nbsp;&nbsp;&nbsp;lock_hard_modify_in_local_flash
<LI><a href="#[227]">&gt;&gt;</a>&nbsp;&nbsp;&nbsp;lock_hard_modify_all_by_memberid
<LI><a href="#[207]">&gt;&gt;</a>&nbsp;&nbsp;&nbsp;lock_dp_parser_handler
<LI><a href="#[22e]">&gt;&gt;</a>&nbsp;&nbsp;&nbsp;lock_open_record_report_offline_pwd
<LI><a href="#[22d]">&gt;&gt;</a>&nbsp;&nbsp;&nbsp;lock_offline_pwd_verify
<LI><a href="#[22a]">&gt;&gt;</a>&nbsp;&nbsp;&nbsp;lock_hard_save_in_local_flash
<LI><a href="#[226]">&gt;&gt;</a>&nbsp;&nbsp;&nbsp;lock_hard_load_by_temp_password
<LI><a href="#[225]">&gt;&gt;</a>&nbsp;&nbsp;&nbsp;lock_hard_load_by_password
<LI><a href="#[100]">&gt;&gt;</a>&nbsp;&nbsp;&nbsp;app_ota_file_info_handler
<LI><a href="#[1f3]">&gt;&gt;</a>&nbsp;&nbsp;&nbsp;fpe_decrypt
<LI><a href="#[a8]">&gt;&gt;</a>&nbsp;&nbsp;&nbsp;HMAC_SHA1
<LI><a href="#[204]">&gt;&gt;</a>&nbsp;&nbsp;&nbsp;lock_evt_save
<LI><a href="#[19e]">&gt;&gt;</a>&nbsp;&nbsp;&nbsp;lock_offline_evt_report
<LI><a href="#[385]">&gt;&gt;</a>&nbsp;&nbsp;&nbsp;tuya_ble_master_data_passthrough_with_phone
<LI><a href="#[2fe]">&gt;&gt;</a>&nbsp;&nbsp;&nbsp;tuya_ble_app_init
<LI><a href="#[254]">&gt;&gt;</a>&nbsp;&nbsp;&nbsp;mbedtls_aes_crypt_cbc
<LI><a href="#[1c8]">&gt;&gt;</a>&nbsp;&nbsp;&nbsp;to_byte_str_with_bignum
<LI><a href="#[1c9]">&gt;&gt;</a>&nbsp;&nbsp;&nbsp;prf
<LI><a href="#[1c4]">&gt;&gt;</a>&nbsp;&nbsp;&nbsp;num_str_copy_of_range
<LI><a href="#[1cc]">&gt;&gt;</a>&nbsp;&nbsp;&nbsp;num_str_concatenate
<LI><a href="#[1c0]">&gt;&gt;</a>&nbsp;&nbsp;&nbsp;create_byte_str
<LI><a href="#[1b1]">&gt;&gt;</a>&nbsp;&nbsp;&nbsp;byte_str_copy_of_range
<LI><a href="#[1ae]">&gt;&gt;</a>&nbsp;&nbsp;&nbsp;byte_str_concatenate
<LI><a href="#[329]">&gt;&gt;</a>&nbsp;&nbsp;&nbsp;tuya_ble_sdk_init
<LI><a href="#[131]">&gt;&gt;</a>&nbsp;&nbsp;&nbsp;tuya_ble_ota_response
<LI><a href="#[11d]">&gt;&gt;</a>&nbsp;&nbsp;&nbsp;tuya_ble_dp_data_with_time_report
<LI><a href="#[11b]">&gt;&gt;</a>&nbsp;&nbsp;&nbsp;tuya_ble_dp_data_report
<LI><a href="#[12d]">&gt;&gt;</a>&nbsp;&nbsp;&nbsp;sf_nv_write
<LI><a href="#[129]">&gt;&gt;</a>&nbsp;&nbsp;&nbsp;sf_nv_read
<LI><a href="#[117]">&gt;&gt;</a>&nbsp;&nbsp;&nbsp;nrf_dfu_settings_init
<LI><a href="#[14c]">&gt;&gt;</a>&nbsp;&nbsp;&nbsp;app_test_write_auth_info_handler
<LI><a href="#[14f]">&gt;&gt;</a>&nbsp;&nbsp;&nbsp;app_test_rsp
<LI><a href="#[14d]">&gt;&gt;</a>&nbsp;&nbsp;&nbsp;app_test_query_info_handler
<LI><a href="#[319]">&gt;&gt;</a>&nbsp;&nbsp;&nbsp;tuya_ble_adv_change
<LI><a href="#[1c1]">&gt;&gt;</a>&nbsp;&nbsp;&nbsp;data_2_klvlist
<LI><a href="#[309]">&gt;&gt;</a>&nbsp;&nbsp;&nbsp;tuya_ble_gatt_receive_data
<LI><a href="#[338]">&gt;&gt;</a>&nbsp;&nbsp;&nbsp;tuya_ble_common_uart_receive_data
<LI><a href="#[340]">&gt;&gt;</a>&nbsp;&nbsp;&nbsp;tuya_ble_data_passthrough
<LI><a href="#[317]">&gt;&gt;</a>&nbsp;&nbsp;&nbsp;trsmitr_send_pkg_encode
<LI><a href="#[17c]">&gt;&gt;</a>&nbsp;&nbsp;&nbsp;trsmitr_recv_pkg_decode
<LI><a href="#[252]">&gt;&gt;</a>&nbsp;&nbsp;&nbsp;tuya_ble_master_open_with_master
<LI><a href="#[30a]">&gt;&gt;</a>&nbsp;&nbsp;&nbsp;tuya_ble_master_commonData_rx_proc
<LI><a href="#[30b]">&gt;&gt;</a>&nbsp;&nbsp;&nbsp;tuya_ble_master_commData_send
<LI><a href="#[303]">&gt;&gt;</a>&nbsp;&nbsp;&nbsp;tuya_ble_master_scan_finish_handler
<LI><a href="#[384]">&gt;&gt;</a>&nbsp;&nbsp;&nbsp;tuya_ble_master_receive_data_from_slave_decrypt
<LI><a href="#[381]">&gt;&gt;</a>&nbsp;&nbsp;&nbsp;tuya_ble_master_encryption
<LI><a href="#[382]">&gt;&gt;</a>&nbsp;&nbsp;&nbsp;tuya_ble_master_decryption
<LI><a href="#[37f]">&gt;&gt;</a>&nbsp;&nbsp;&nbsp;tuya_ble_key_generate
<LI><a href="#[239]">&gt;&gt;</a>&nbsp;&nbsp;&nbsp;lock_slave_info_save
<LI><a href="#[17b]">&gt;&gt;</a>&nbsp;&nbsp;&nbsp;ble_data_unpack
<LI><a href="#[2e7]">&gt;&gt;</a>&nbsp;&nbsp;&nbsp;suble_flash_write
<LI><a href="#[377]">&gt;&gt;</a>&nbsp;&nbsp;&nbsp;tuya_ble_rand_generator
<LI><a href="#[31d]">&gt;&gt;</a>&nbsp;&nbsp;&nbsp;tuya_ble_gap_advertising_scan_rsp_data_update
<LI><a href="#[31c]">&gt;&gt;</a>&nbsp;&nbsp;&nbsp;tuya_ble_gap_advertising_adv_data_update
<LI><a href="#[27f]">&gt;&gt;</a>&nbsp;&nbsp;&nbsp;nrf_ble_scan_params_set
<LI><a href="#[27a]">&gt;&gt;</a>&nbsp;&nbsp;&nbsp;nrf_ble_scan_init
<LI><a href="#[262]">&gt;&gt;</a>&nbsp;&nbsp;&nbsp;mbedtls_md5_update_ret
<LI><a href="#[39d]">&gt;&gt;</a>&nbsp;&nbsp;&nbsp;tuya_ble_storage_load_settings
<LI><a href="#[36d]">&gt;&gt;</a>&nbsp;&nbsp;&nbsp;tuya_ble_queue_get
<LI><a href="#[347]">&gt;&gt;</a>&nbsp;&nbsp;&nbsp;tuya_ble_enqueue
<LI><a href="#[342]">&gt;&gt;</a>&nbsp;&nbsp;&nbsp;tuya_ble_dequeue
<LI><a href="#[393]">&gt;&gt;</a>&nbsp;&nbsp;&nbsp;tuya_ble_sched_event_put
<LI><a href="#[380]">&gt;&gt;</a>&nbsp;&nbsp;&nbsp;tuya_sched_execute
<LI><a href="#[39e]">&gt;&gt;</a>&nbsp;&nbsp;&nbsp;tuya_ble_uart_common_mcu_ota_data_from_uart_handler
<LI><a href="#[353]">&gt;&gt;</a>&nbsp;&nbsp;&nbsp;tuya_ble_handle_dp_data_with_time_string_reported_evt
<LI><a href="#[352]">&gt;&gt;</a>&nbsp;&nbsp;&nbsp;tuya_ble_handle_dp_data_with_time_reported_evt
<LI><a href="#[34b]">&gt;&gt;</a>&nbsp;&nbsp;&nbsp;tuya_ble_handle_device_info_update_evt
<LI><a href="#[379]">&gt;&gt;</a>&nbsp;&nbsp;&nbsp;tuya_ble_uart_common_mcu_ota_data_from_ble_handler
<LI><a href="#[332]">&gt;&gt;</a>&nbsp;&nbsp;&nbsp;tuya_ble_gatt_send_data_enqueue
<LI><a href="#[331]">&gt;&gt;</a>&nbsp;&nbsp;&nbsp;tuya_ble_encryption
<LI><a href="#[334]">&gt;&gt;</a>&nbsp;&nbsp;&nbsp;tuya_ble_decryption
<LI><a href="#[35d]">&gt;&gt;</a>&nbsp;&nbsp;&nbsp;tuya_ble_evt_process
<LI><a href="#[333]">&gt;&gt;</a>&nbsp;&nbsp;&nbsp;tuya_ble_commonData_rx_proc
<LI><a href="#[32e]">&gt;&gt;</a>&nbsp;&nbsp;&nbsp;tuya_ble_commData_send
<LI><a href="#[365]">&gt;&gt;</a>&nbsp;&nbsp;&nbsp;tuya_ble_handle_unix_time_char_ms_resp
<LI><a href="#[363]">&gt;&gt;</a>&nbsp;&nbsp;&nbsp;tuya_ble_handle_pair_req
<LI><a href="#[364]">&gt;&gt;</a>&nbsp;&nbsp;&nbsp;tuya_ble_handle_ota_req
<LI><a href="#[35e]">&gt;&gt;</a>&nbsp;&nbsp;&nbsp;tuya_ble_handle_net_config_info_req
<LI><a href="#[360]">&gt;&gt;</a>&nbsp;&nbsp;&nbsp;tuya_ble_handle_dp_write_req
<LI><a href="#[361]">&gt;&gt;</a>&nbsp;&nbsp;&nbsp;tuya_ble_handle_dp_query_req
<LI><a href="#[362]">&gt;&gt;</a>&nbsp;&nbsp;&nbsp;tuya_ble_handle_dev_info_req
<LI><a href="#[183]">&gt;&gt;</a>&nbsp;&nbsp;&nbsp;ble_data_unpack
<LI><a href="#[2d0]">&gt;&gt;</a>&nbsp;&nbsp;&nbsp;nv_write
<LI><a href="#[2cc]">&gt;&gt;</a>&nbsp;&nbsp;&nbsp;nv_read
<LI><a href="#[1d4]">&gt;&gt;</a>&nbsp;&nbsp;&nbsp;discovery_complete_evt_trigger
<LI><a href="#[263]">&gt;&gt;</a>&nbsp;&nbsp;&nbsp;memobj_op
<LI><a href="#[6a]">&gt;&gt;</a>&nbsp;&nbsp;&nbsp;read
<LI><a href="#[62]">&gt;&gt;</a>&nbsp;&nbsp;&nbsp;read
<LI><a href="#[288]">&gt;&gt;</a>&nbsp;&nbsp;&nbsp;settings_write
<LI><a href="#[b7]">&gt;&gt;</a>&nbsp;&nbsp;&nbsp;_WriteNoCheck
<LI><a href="#[b8]">&gt;&gt;</a>&nbsp;&nbsp;&nbsp;_WriteBlocking
<LI><a href="#[341]">&gt;&gt;</a>&nbsp;&nbsp;&nbsp;tuya_ble_key_generate
<LI><a href="#[372]">&gt;&gt;</a>&nbsp;&nbsp;&nbsp;tuya_ble_generate_key1
<LI><a href="#[343]">&gt;&gt;</a>&nbsp;&nbsp;&nbsp;tuya_ble_device_id_key_generate
<LI><a href="#[318]">&gt;&gt;</a>&nbsp;&nbsp;&nbsp;tuya_ble_Add_Pkcs
</UL>

<P><STRONG><a name="[14a]"></a>__aeabi_memcpy4</STRONG> (Thumb, 0 bytes, Stack size 0 bytes, memcpya.o(.text))
<BR><BR>[Called By]<UL><LI><a href="#[149]">&gt;&gt;</a>&nbsp;&nbsp;&nbsp;app_test_process
<LI><a href="#[319]">&gt;&gt;</a>&nbsp;&nbsp;&nbsp;tuya_ble_adv_change
<LI><a href="#[166]">&gt;&gt;</a>&nbsp;&nbsp;&nbsp;app_uart_init
<LI><a href="#[241]">&gt;&gt;</a>&nbsp;&nbsp;&nbsp;suble_uart1_init
<LI><a href="#[75]">&gt;&gt;</a>&nbsp;&nbsp;&nbsp;nrf_ble_gatt_on_ble_evt
<LI><a href="#[39d]">&gt;&gt;</a>&nbsp;&nbsp;&nbsp;tuya_ble_storage_load_settings
<LI><a href="#[363]">&gt;&gt;</a>&nbsp;&nbsp;&nbsp;tuya_ble_handle_pair_req
<LI><a href="#[73]">&gt;&gt;</a>&nbsp;&nbsp;&nbsp;ble_evt_handler
<LI><a href="#[1d5]">&gt;&gt;</a>&nbsp;&nbsp;&nbsp;discovery_error_evt_trigger
<LI><a href="#[191]">&gt;&gt;</a>&nbsp;&nbsp;&nbsp;conn_handle_list_get
<LI><a href="#[168]">&gt;&gt;</a>&nbsp;&nbsp;&nbsp;nrf_drv_uart_init
</UL>

<P><STRONG><a name="[3b0]"></a>__aeabi_memcpy8</STRONG> (Thumb, 0 bytes, Stack size 0 bytes, memcpya.o(.text), UNUSED)

<P><STRONG><a name="[8b]"></a>__aeabi_memset</STRONG> (Thumb, 14 bytes, Stack size 0 bytes, memseta.o(.text))
<BR><BR>[Called By]<UL><LI><a href="#[db]">&gt;&gt;</a>&nbsp;&nbsp;&nbsp;elog_output
<LI><a href="#[1f2]">&gt;&gt;</a>&nbsp;&nbsp;&nbsp;lock_hard_uart_simulate
<LI><a href="#[1]">&gt;&gt;</a>&nbsp;&nbsp;&nbsp;memset
<LI><a href="#[8a]">&gt;&gt;</a>&nbsp;&nbsp;&nbsp;__aeabi_memclr
</UL>

<P><STRONG><a name="[3b1]"></a>__aeabi_memset4</STRONG> (Thumb, 0 bytes, Stack size 0 bytes, memseta.o(.text), UNUSED)

<P><STRONG><a name="[3b2]"></a>__aeabi_memset8</STRONG> (Thumb, 0 bytes, Stack size 0 bytes, memseta.o(.text), UNUSED)

<P><STRONG><a name="[8a]"></a>__aeabi_memclr</STRONG> (Thumb, 4 bytes, Stack size 0 bytes, memseta.o(.text))
<BR><BR>[Calls]<UL><LI><a href="#[8b]">&gt;&gt;</a>&nbsp;&nbsp;&nbsp;__aeabi_memset
</UL>
<BR>[Called By]<UL><LI><a href="#[20e]">&gt;&gt;</a>&nbsp;&nbsp;&nbsp;open_meth_sync_new_handler
<LI><a href="#[107]">&gt;&gt;</a>&nbsp;&nbsp;&nbsp;app_ota_req_handler
<LI><a href="#[100]">&gt;&gt;</a>&nbsp;&nbsp;&nbsp;app_ota_file_info_handler
<LI><a href="#[21b]">&gt;&gt;</a>&nbsp;&nbsp;&nbsp;lock_settings_default
<LI><a href="#[385]">&gt;&gt;</a>&nbsp;&nbsp;&nbsp;tuya_ble_master_data_passthrough_with_phone
<LI><a href="#[1c8]">&gt;&gt;</a>&nbsp;&nbsp;&nbsp;to_byte_str_with_bignum
<LI><a href="#[1c5]">&gt;&gt;</a>&nbsp;&nbsp;&nbsp;to_byte_str
<LI><a href="#[1c9]">&gt;&gt;</a>&nbsp;&nbsp;&nbsp;prf
<LI><a href="#[1cb]">&gt;&gt;</a>&nbsp;&nbsp;&nbsp;num_to_num_str
<LI><a href="#[1cc]">&gt;&gt;</a>&nbsp;&nbsp;&nbsp;num_str_concatenate
<LI><a href="#[1ae]">&gt;&gt;</a>&nbsp;&nbsp;&nbsp;byte_str_concatenate
<LI><a href="#[17f]">&gt;&gt;</a>&nbsp;&nbsp;&nbsp;tuya_ble_malloc
<LI><a href="#[319]">&gt;&gt;</a>&nbsp;&nbsp;&nbsp;tuya_ble_adv_change
<LI><a href="#[338]">&gt;&gt;</a>&nbsp;&nbsp;&nbsp;tuya_ble_common_uart_receive_data
<LI><a href="#[337]">&gt;&gt;</a>&nbsp;&nbsp;&nbsp;tuya_ble_common_uart_data_unpack
<LI><a href="#[30a]">&gt;&gt;</a>&nbsp;&nbsp;&nbsp;tuya_ble_master_commonData_rx_proc
<LI><a href="#[30b]">&gt;&gt;</a>&nbsp;&nbsp;&nbsp;tuya_ble_master_commData_send
<LI><a href="#[37f]">&gt;&gt;</a>&nbsp;&nbsp;&nbsp;tuya_ble_key_generate
<LI><a href="#[17b]">&gt;&gt;</a>&nbsp;&nbsp;&nbsp;ble_data_unpack
<LI><a href="#[25c]">&gt;&gt;</a>&nbsp;&nbsp;&nbsp;mbedtls_md5_finish_ret
<LI><a href="#[39e]">&gt;&gt;</a>&nbsp;&nbsp;&nbsp;tuya_ble_uart_common_mcu_ota_data_from_uart_handler
<LI><a href="#[353]">&gt;&gt;</a>&nbsp;&nbsp;&nbsp;tuya_ble_handle_dp_data_with_time_string_reported_evt
<LI><a href="#[352]">&gt;&gt;</a>&nbsp;&nbsp;&nbsp;tuya_ble_handle_dp_data_with_time_reported_evt
<LI><a href="#[333]">&gt;&gt;</a>&nbsp;&nbsp;&nbsp;tuya_ble_commonData_rx_proc
<LI><a href="#[32e]">&gt;&gt;</a>&nbsp;&nbsp;&nbsp;tuya_ble_commData_send
<LI><a href="#[35e]">&gt;&gt;</a>&nbsp;&nbsp;&nbsp;tuya_ble_handle_net_config_info_req
<LI><a href="#[183]">&gt;&gt;</a>&nbsp;&nbsp;&nbsp;ble_data_unpack
<LI><a href="#[2d0]">&gt;&gt;</a>&nbsp;&nbsp;&nbsp;nv_write
<LI><a href="#[189]">&gt;&gt;</a>&nbsp;&nbsp;&nbsp;discovery_start
<LI><a href="#[341]">&gt;&gt;</a>&nbsp;&nbsp;&nbsp;tuya_ble_key_generate
</UL>

<P><STRONG><a name="[aa]"></a>__aeabi_memclr4</STRONG> (Thumb, 0 bytes, Stack size 0 bytes, memseta.o(.text))
<BR><BR>[Called By]<UL><LI><a href="#[db]">&gt;&gt;</a>&nbsp;&nbsp;&nbsp;elog_output
<LI><a href="#[100]">&gt;&gt;</a>&nbsp;&nbsp;&nbsp;app_ota_file_info_handler
<LI><a href="#[f4]">&gt;&gt;</a>&nbsp;&nbsp;&nbsp;app_ota_exit
<LI><a href="#[fc]">&gt;&gt;</a>&nbsp;&nbsp;&nbsp;app_ota_end_handler
<LI><a href="#[a8]">&gt;&gt;</a>&nbsp;&nbsp;&nbsp;HMAC_SHA1
<LI><a href="#[258]">&gt;&gt;</a>&nbsp;&nbsp;&nbsp;mbedtls_aes_init
<LI><a href="#[117]">&gt;&gt;</a>&nbsp;&nbsp;&nbsp;nrf_dfu_settings_init
<LI><a href="#[14c]">&gt;&gt;</a>&nbsp;&nbsp;&nbsp;app_test_write_auth_info_handler
<LI><a href="#[316]">&gt;&gt;</a>&nbsp;&nbsp;&nbsp;trsmitr_init
<LI><a href="#[303]">&gt;&gt;</a>&nbsp;&nbsp;&nbsp;tuya_ble_master_scan_finish_handler
<LI><a href="#[25f]">&gt;&gt;</a>&nbsp;&nbsp;&nbsp;mbedtls_md5_init
<LI><a href="#[25e]">&gt;&gt;</a>&nbsp;&nbsp;&nbsp;mbedtls_md5_free
<LI><a href="#[79]">&gt;&gt;</a>&nbsp;&nbsp;&nbsp;ble_nus_on_ble_evt
<LI><a href="#[199]">&gt;&gt;</a>&nbsp;&nbsp;&nbsp;ble_nus_init
<LI><a href="#[197]">&gt;&gt;</a>&nbsp;&nbsp;&nbsp;ble_nus_c_on_db_disc_evt
<LI><a href="#[280]">&gt;&gt;</a>&nbsp;&nbsp;&nbsp;nrf_ble_scan_start
<LI><a href="#[74]">&gt;&gt;</a>&nbsp;&nbsp;&nbsp;nrf_ble_scan_on_ble_evt
<LI><a href="#[25c]">&gt;&gt;</a>&nbsp;&nbsp;&nbsp;mbedtls_md5_finish_ret
<LI><a href="#[39d]">&gt;&gt;</a>&nbsp;&nbsp;&nbsp;tuya_ble_storage_load_settings
<LI><a href="#[34d]">&gt;&gt;</a>&nbsp;&nbsp;&nbsp;tuya_ble_handle_factory_reset_evt
<LI><a href="#[35d]">&gt;&gt;</a>&nbsp;&nbsp;&nbsp;tuya_ble_evt_process
<LI><a href="#[35f]">&gt;&gt;</a>&nbsp;&nbsp;&nbsp;tuya_ble_handle_unix_time_date_resp
<LI><a href="#[365]">&gt;&gt;</a>&nbsp;&nbsp;&nbsp;tuya_ble_handle_unix_time_char_ms_resp
<LI><a href="#[362]">&gt;&gt;</a>&nbsp;&nbsp;&nbsp;tuya_ble_handle_dev_info_req
<LI><a href="#[2dd]">&gt;&gt;</a>&nbsp;&nbsp;&nbsp;sd_malloc
<LI><a href="#[240]">&gt;&gt;</a>&nbsp;&nbsp;&nbsp;suble_flash_init
<LI><a href="#[173]">&gt;&gt;</a>&nbsp;&nbsp;&nbsp;bcs_internal_state_reset
<LI><a href="#[19c]">&gt;&gt;</a>&nbsp;&nbsp;&nbsp;on_write
<LI><a href="#[19b]">&gt;&gt;</a>&nbsp;&nbsp;&nbsp;on_connect
<LI><a href="#[27d]">&gt;&gt;</a>&nbsp;&nbsp;&nbsp;nrf_ble_scan_on_adv_report
<LI><a href="#[279]">&gt;&gt;</a>&nbsp;&nbsp;&nbsp;nrf_ble_scan_connect_with_target
<LI><a href="#[19a]">&gt;&gt;</a>&nbsp;&nbsp;&nbsp;characteristic_add
<LI><a href="#[29d]">&gt;&gt;</a>&nbsp;&nbsp;&nbsp;nrf_log_backend_serial_put
<LI><a href="#[1f0]">&gt;&gt;</a>&nbsp;&nbsp;&nbsp;event_send
<LI><a href="#[63]">&gt;&gt;</a>&nbsp;&nbsp;&nbsp;write
<LI><a href="#[61]">&gt;&gt;</a>&nbsp;&nbsp;&nbsp;uninit
<LI><a href="#[1f1]">&gt;&gt;</a>&nbsp;&nbsp;&nbsp;event_send
<LI><a href="#[64]">&gt;&gt;</a>&nbsp;&nbsp;&nbsp;erase
<LI><a href="#[343]">&gt;&gt;</a>&nbsp;&nbsp;&nbsp;tuya_ble_device_id_key_generate
</UL>

<P><STRONG><a name="[3b3]"></a>__aeabi_memclr8</STRONG> (Thumb, 0 bytes, Stack size 0 bytes, memseta.o(.text), UNUSED)

<P><STRONG><a name="[1]"></a>memset</STRONG> (Thumb, 18 bytes, Stack size 8 bytes, memseta.o(.text))
<BR><BR>[Stack]<UL><LI>Max Depth = 8<LI>Call Chain = memset
</UL>
<BR>[Calls]<UL><LI><a href="#[8b]">&gt;&gt;</a>&nbsp;&nbsp;&nbsp;__aeabi_memset
</UL>
<BR>[Address Reference Count : 1]<UL><LI> aes.o(.data)
</UL>
<P><STRONG><a name="[1d7]"></a>strstr</STRONG> (Thumb, 36 bytes, Stack size 12 bytes, strstr.o(.text))
<BR><BR>[Stack]<UL><LI>Max Depth = 12<LI>Call Chain = strstr
</UL>
<BR>[Called By]<UL><LI><a href="#[db]">&gt;&gt;</a>&nbsp;&nbsp;&nbsp;elog_output
<LI><a href="#[1d6]">&gt;&gt;</a>&nbsp;&nbsp;&nbsp;elog_hexdump
</UL>

<P><STRONG><a name="[1da]"></a>strncpy</STRONG> (Thumb, 24 bytes, Stack size 8 bytes, strncpy.o(.text))
<BR><BR>[Stack]<UL><LI>Max Depth = 8<LI>Call Chain = strncpy
</UL>
<BR>[Called By]<UL><LI><a href="#[1d6]">&gt;&gt;</a>&nbsp;&nbsp;&nbsp;elog_hexdump
</UL>

<P><STRONG><a name="[14b]"></a>strlen</STRONG> (Thumb, 14 bytes, Stack size 0 bytes, strlen.o(.text))
<BR><BR>[Called By]<UL><LI><a href="#[db]">&gt;&gt;</a>&nbsp;&nbsp;&nbsp;elog_output
<LI><a href="#[212]">&gt;&gt;</a>&nbsp;&nbsp;&nbsp;verify_dynamic_pwd_token
<LI><a href="#[1f8]">&gt;&gt;</a>&nbsp;&nbsp;&nbsp;get_timer_string
<LI><a href="#[14c]">&gt;&gt;</a>&nbsp;&nbsp;&nbsp;app_test_write_auth_info_handler
<LI><a href="#[149]">&gt;&gt;</a>&nbsp;&nbsp;&nbsp;app_test_process
<LI><a href="#[293]">&gt;&gt;</a>&nbsp;&nbsp;&nbsp;nrf_fprintf_fmt
</UL>

<P><STRONG><a name="[101]"></a>memcmp</STRONG> (Thumb, 26 bytes, Stack size 12 bytes, memcmp.o(.text))
<BR><BR>[Stack]<UL><LI>Max Depth = 12<LI>Call Chain = memcmp
</UL>
<BR>[Called By]<UL><LI><a href="#[226]">&gt;&gt;</a>&nbsp;&nbsp;&nbsp;lock_hard_load_by_temp_password
<LI><a href="#[225]">&gt;&gt;</a>&nbsp;&nbsp;&nbsp;lock_hard_load_by_password
<LI><a href="#[103]">&gt;&gt;</a>&nbsp;&nbsp;&nbsp;app_ota_file_offset_handler
<LI><a href="#[100]">&gt;&gt;</a>&nbsp;&nbsp;&nbsp;app_ota_file_info_handler
<LI><a href="#[14d]">&gt;&gt;</a>&nbsp;&nbsp;&nbsp;app_test_query_info_handler
<LI><a href="#[395]">&gt;&gt;</a>&nbsp;&nbsp;&nbsp;tuya_ble_storage_init
<LI><a href="#[303]">&gt;&gt;</a>&nbsp;&nbsp;&nbsp;tuya_ble_master_scan_finish_handler
<LI><a href="#[37f]">&gt;&gt;</a>&nbsp;&nbsp;&nbsp;tuya_ble_key_generate
<LI><a href="#[5b]">&gt;&gt;</a>&nbsp;&nbsp;&nbsp;suble_master_evt_handler
<LI><a href="#[246]">&gt;&gt;</a>&nbsp;&nbsp;&nbsp;suble_gap_init_bt_mac
<LI><a href="#[363]">&gt;&gt;</a>&nbsp;&nbsp;&nbsp;tuya_ble_handle_pair_req
<LI><a href="#[176]">&gt;&gt;</a>&nbsp;&nbsp;&nbsp;ble_advdata_uuid_find
<LI><a href="#[288]">&gt;&gt;</a>&nbsp;&nbsp;&nbsp;settings_write
<LI><a href="#[341]">&gt;&gt;</a>&nbsp;&nbsp;&nbsp;tuya_ble_key_generate
</UL>

<P><STRONG><a name="[bd]"></a>strcpy</STRONG> (Thumb, 18 bytes, Stack size 0 bytes, strcpy.o(.text))
<BR><BR>[Called By]<UL><LI><a href="#[b4]">&gt;&gt;</a>&nbsp;&nbsp;&nbsp;_DoInit
</UL>

<P><STRONG><a name="[8c]"></a>atoll</STRONG> (Thumb, 26 bytes, Stack size 16 bytes, atoll.o(.text))
<BR><BR>[Stack]<UL><LI>Max Depth = 96<LI>Call Chain = atoll &rArr; __strtoll &rArr; _strtoull
</UL>
<BR>[Calls]<UL><LI><a href="#[8e]">&gt;&gt;</a>&nbsp;&nbsp;&nbsp;__strtoll
<LI><a href="#[8d]">&gt;&gt;</a>&nbsp;&nbsp;&nbsp;__aeabi_errno_addr
</UL>
<BR>[Called By]<UL><LI><a href="#[365]">&gt;&gt;</a>&nbsp;&nbsp;&nbsp;tuya_ble_handle_unix_time_char_ms_resp
</UL>

<P><STRONG><a name="[8f]"></a>__aeabi_dmul</STRONG> (Thumb, 228 bytes, Stack size 48 bytes, dmul.o(.text))
<BR><BR>[Stack]<UL><LI>Max Depth = 88<LI>Call Chain = __aeabi_dmul &rArr; _double_epilogue &rArr; _double_round
</UL>
<BR>[Calls]<UL><LI><a href="#[90]">&gt;&gt;</a>&nbsp;&nbsp;&nbsp;_double_epilogue
</UL>
<BR>[Called By]<UL><LI><a href="#[d9]">&gt;&gt;</a>&nbsp;&nbsp;&nbsp;suble_adv_param_set
<LI><a href="#[7b]">&gt;&gt;</a>&nbsp;&nbsp;&nbsp;suble_ble_evt_handler
<LI><a href="#[248]">&gt;&gt;</a>&nbsp;&nbsp;&nbsp;suble_adv_init
<LI><a href="#[ca]">&gt;&gt;</a>&nbsp;&nbsp;&nbsp;__mathlib_dbl_underflow
<LI><a href="#[c6]">&gt;&gt;</a>&nbsp;&nbsp;&nbsp;__mathlib_dbl_overflow
<LI><a href="#[cf]">&gt;&gt;</a>&nbsp;&nbsp;&nbsp;_fp_digits
<LI><a href="#[c2]">&gt;&gt;</a>&nbsp;&nbsp;&nbsp;__hardfp_pow
<LI><a href="#[cb]">&gt;&gt;</a>&nbsp;&nbsp;&nbsp;__kernel_poly
</UL>

<P><STRONG><a name="[91]"></a>__aeabi_ddiv</STRONG> (Thumb, 222 bytes, Stack size 32 bytes, ddiv.o(.text))
<BR><BR>[Stack]<UL><LI>Max Depth = 40<LI>Call Chain = __aeabi_ddiv &rArr; _double_round
</UL>
<BR>[Calls]<UL><LI><a href="#[92]">&gt;&gt;</a>&nbsp;&nbsp;&nbsp;_double_round
</UL>
<BR>[Called By]<UL><LI><a href="#[d9]">&gt;&gt;</a>&nbsp;&nbsp;&nbsp;suble_adv_param_set
<LI><a href="#[248]">&gt;&gt;</a>&nbsp;&nbsp;&nbsp;suble_adv_init
<LI><a href="#[c9]">&gt;&gt;</a>&nbsp;&nbsp;&nbsp;__mathlib_dbl_invalid
<LI><a href="#[c5]">&gt;&gt;</a>&nbsp;&nbsp;&nbsp;__mathlib_dbl_divzero
<LI><a href="#[cf]">&gt;&gt;</a>&nbsp;&nbsp;&nbsp;_fp_digits
<LI><a href="#[c2]">&gt;&gt;</a>&nbsp;&nbsp;&nbsp;__hardfp_pow
</UL>

<P><STRONG><a name="[93]"></a>__aeabi_ui2d</STRONG> (Thumb, 26 bytes, Stack size 16 bytes, dfltui.o(.text))
<BR><BR>[Stack]<UL><LI>Max Depth = 56<LI>Call Chain = __aeabi_ui2d &rArr; _double_epilogue &rArr; _double_round
</UL>
<BR>[Calls]<UL><LI><a href="#[90]">&gt;&gt;</a>&nbsp;&nbsp;&nbsp;_double_epilogue
</UL>
<BR>[Called By]<UL><LI><a href="#[7b]">&gt;&gt;</a>&nbsp;&nbsp;&nbsp;suble_ble_evt_handler
</UL>

<P><STRONG><a name="[94]"></a>__aeabi_d2iz</STRONG> (Thumb, 62 bytes, Stack size 16 bytes, dfixi.o(.text))
<BR><BR>[Stack]<UL><LI>Max Depth = 16<LI>Call Chain = __aeabi_d2iz
</UL>
<BR>[Calls]<UL><LI><a href="#[88]">&gt;&gt;</a>&nbsp;&nbsp;&nbsp;__aeabi_llsr
</UL>
<BR>[Called By]<UL><LI><a href="#[212]">&gt;&gt;</a>&nbsp;&nbsp;&nbsp;verify_dynamic_pwd_token
</UL>

<P><STRONG><a name="[95]"></a>__aeabi_d2uiz</STRONG> (Thumb, 50 bytes, Stack size 8 bytes, dfixui.o(.text))
<BR><BR>[Stack]<UL><LI>Max Depth = 8<LI>Call Chain = __aeabi_d2uiz
</UL>
<BR>[Calls]<UL><LI><a href="#[88]">&gt;&gt;</a>&nbsp;&nbsp;&nbsp;__aeabi_llsr
</UL>
<BR>[Called By]<UL><LI><a href="#[d9]">&gt;&gt;</a>&nbsp;&nbsp;&nbsp;suble_adv_param_set
<LI><a href="#[7b]">&gt;&gt;</a>&nbsp;&nbsp;&nbsp;suble_ble_evt_handler
<LI><a href="#[248]">&gt;&gt;</a>&nbsp;&nbsp;&nbsp;suble_adv_init
</UL>

<P><STRONG><a name="[3b4]"></a>__aeabi_uidiv</STRONG> (Thumb, 0 bytes, Stack size 12 bytes, uidiv.o(.text), UNUSED)

<P><STRONG><a name="[d2]"></a>__aeabi_uidivmod</STRONG> (Thumb, 44 bytes, Stack size 12 bytes, uidiv.o(.text), UNUSED)
<BR><BR>[Called By]<UL><LI><a href="#[bf]">&gt;&gt;</a>&nbsp;&nbsp;&nbsp;_printf_core
</UL>

<P><STRONG><a name="[88]"></a>__aeabi_llsr</STRONG> (Thumb, 32 bytes, Stack size 0 bytes, llushr.o(.text))
<BR><BR>[Called By]<UL><LI><a href="#[94]">&gt;&gt;</a>&nbsp;&nbsp;&nbsp;__aeabi_d2iz
<LI><a href="#[95]">&gt;&gt;</a>&nbsp;&nbsp;&nbsp;__aeabi_d2uiz
<LI><a href="#[90]">&gt;&gt;</a>&nbsp;&nbsp;&nbsp;_double_epilogue
<LI><a href="#[9d]">&gt;&gt;</a>&nbsp;&nbsp;&nbsp;__aeabi_d2ulz
<LI><a href="#[87]">&gt;&gt;</a>&nbsp;&nbsp;&nbsp;__aeabi_uldivmod
<LI><a href="#[a0]">&gt;&gt;</a>&nbsp;&nbsp;&nbsp;_dsqrt
</UL>

<P><STRONG><a name="[3b5]"></a>_ll_ushift_r</STRONG> (Thumb, 0 bytes, Stack size 0 bytes, llushr.o(.text), UNUSED)

<P><STRONG><a name="[8e]"></a>__strtoll</STRONG> (Thumb, 144 bytes, Stack size 32 bytes, __strtoll.o(.text))
<BR><BR>[Stack]<UL><LI>Max Depth = 80<LI>Call Chain = __strtoll &rArr; _strtoull
</UL>
<BR>[Calls]<UL><LI><a href="#[96]">&gt;&gt;</a>&nbsp;&nbsp;&nbsp;__rt_ctype_table
<LI><a href="#[97]">&gt;&gt;</a>&nbsp;&nbsp;&nbsp;_strtoull
<LI><a href="#[8d]">&gt;&gt;</a>&nbsp;&nbsp;&nbsp;__aeabi_errno_addr
</UL>
<BR>[Called By]<UL><LI><a href="#[8c]">&gt;&gt;</a>&nbsp;&nbsp;&nbsp;atoll
</UL>

<P><STRONG><a name="[3b6]"></a>__I$use$fp</STRONG> (Thumb, 0 bytes, Stack size 8 bytes, iusefp.o(.text), UNUSED)

<P><STRONG><a name="[92]"></a>_double_round</STRONG> (Thumb, 30 bytes, Stack size 8 bytes, depilogue.o(.text))
<BR><BR>[Stack]<UL><LI>Max Depth = 8<LI>Call Chain = _double_round
</UL>
<BR>[Called By]<UL><LI><a href="#[91]">&gt;&gt;</a>&nbsp;&nbsp;&nbsp;__aeabi_ddiv
<LI><a href="#[90]">&gt;&gt;</a>&nbsp;&nbsp;&nbsp;_double_epilogue
<LI><a href="#[98]">&gt;&gt;</a>&nbsp;&nbsp;&nbsp;__aeabi_dadd
<LI><a href="#[a0]">&gt;&gt;</a>&nbsp;&nbsp;&nbsp;_dsqrt
</UL>

<P><STRONG><a name="[90]"></a>_double_epilogue</STRONG> (Thumb, 156 bytes, Stack size 32 bytes, depilogue.o(.text))
<BR><BR>[Stack]<UL><LI>Max Depth = 40<LI>Call Chain = _double_epilogue &rArr; _double_round
</UL>
<BR>[Calls]<UL><LI><a href="#[92]">&gt;&gt;</a>&nbsp;&nbsp;&nbsp;_double_round
<LI><a href="#[89]">&gt;&gt;</a>&nbsp;&nbsp;&nbsp;__aeabi_llsl
<LI><a href="#[88]">&gt;&gt;</a>&nbsp;&nbsp;&nbsp;__aeabi_llsr
</UL>
<BR>[Called By]<UL><LI><a href="#[93]">&gt;&gt;</a>&nbsp;&nbsp;&nbsp;__aeabi_ui2d
<LI><a href="#[8f]">&gt;&gt;</a>&nbsp;&nbsp;&nbsp;__aeabi_dmul
<LI><a href="#[9c]">&gt;&gt;</a>&nbsp;&nbsp;&nbsp;__aeabi_i2d
<LI><a href="#[98]">&gt;&gt;</a>&nbsp;&nbsp;&nbsp;__aeabi_dadd
</UL>

<P><STRONG><a name="[98]"></a>__aeabi_dadd</STRONG> (Thumb, 322 bytes, Stack size 48 bytes, dadd.o(.text))
<BR><BR>[Stack]<UL><LI>Max Depth = 88<LI>Call Chain = __aeabi_dadd &rArr; _double_epilogue &rArr; _double_round
</UL>
<BR>[Calls]<UL><LI><a href="#[92]">&gt;&gt;</a>&nbsp;&nbsp;&nbsp;_double_round
<LI><a href="#[90]">&gt;&gt;</a>&nbsp;&nbsp;&nbsp;_double_epilogue
<LI><a href="#[89]">&gt;&gt;</a>&nbsp;&nbsp;&nbsp;__aeabi_llsl
<LI><a href="#[99]">&gt;&gt;</a>&nbsp;&nbsp;&nbsp;__aeabi_lasr
</UL>
<BR>[Called By]<UL><LI><a href="#[c3]">&gt;&gt;</a>&nbsp;&nbsp;&nbsp;__mathlib_dbl_infnan2
<LI><a href="#[cf]">&gt;&gt;</a>&nbsp;&nbsp;&nbsp;_fp_digits
<LI><a href="#[9a]">&gt;&gt;</a>&nbsp;&nbsp;&nbsp;__aeabi_dsub
<LI><a href="#[9b]">&gt;&gt;</a>&nbsp;&nbsp;&nbsp;__aeabi_drsub
<LI><a href="#[c2]">&gt;&gt;</a>&nbsp;&nbsp;&nbsp;__hardfp_pow
<LI><a href="#[cb]">&gt;&gt;</a>&nbsp;&nbsp;&nbsp;__kernel_poly
</UL>

<P><STRONG><a name="[9a]"></a>__aeabi_dsub</STRONG> (Thumb, 6 bytes, Stack size 0 bytes, dadd.o(.text))
<BR><BR>[Stack]<UL><LI>Max Depth = 88<LI>Call Chain = __aeabi_dsub &rArr; __aeabi_dadd &rArr; _double_epilogue &rArr; _double_round
</UL>
<BR>[Calls]<UL><LI><a href="#[98]">&gt;&gt;</a>&nbsp;&nbsp;&nbsp;__aeabi_dadd
</UL>
<BR>[Called By]<UL><LI><a href="#[c2]">&gt;&gt;</a>&nbsp;&nbsp;&nbsp;__hardfp_pow
</UL>

<P><STRONG><a name="[9b]"></a>__aeabi_drsub</STRONG> (Thumb, 6 bytes, Stack size 0 bytes, dadd.o(.text))
<BR><BR>[Stack]<UL><LI>Max Depth = 88<LI>Call Chain = __aeabi_drsub &rArr; __aeabi_dadd &rArr; _double_epilogue &rArr; _double_round
</UL>
<BR>[Calls]<UL><LI><a href="#[98]">&gt;&gt;</a>&nbsp;&nbsp;&nbsp;__aeabi_dadd
</UL>
<BR>[Called By]<UL><LI><a href="#[c2]">&gt;&gt;</a>&nbsp;&nbsp;&nbsp;__hardfp_pow
</UL>

<P><STRONG><a name="[cd]"></a>__ARM_scalbn</STRONG> (Thumb, 46 bytes, Stack size 16 bytes, dscalb.o(.text))
<BR><BR>[Stack]<UL><LI>Max Depth = 16<LI>Call Chain = __ARM_scalbn
</UL>
<BR>[Called By]<UL><LI><a href="#[c2]">&gt;&gt;</a>&nbsp;&nbsp;&nbsp;__hardfp_pow
</UL>

<P><STRONG><a name="[3b7]"></a>scalbn</STRONG> (Thumb, 0 bytes, Stack size 16 bytes, dscalb.o(.text), UNUSED)

<P><STRONG><a name="[9c]"></a>__aeabi_i2d</STRONG> (Thumb, 34 bytes, Stack size 16 bytes, dflti.o(.text))
<BR><BR>[Stack]<UL><LI>Max Depth = 56<LI>Call Chain = __aeabi_i2d &rArr; _double_epilogue &rArr; _double_round
</UL>
<BR>[Calls]<UL><LI><a href="#[90]">&gt;&gt;</a>&nbsp;&nbsp;&nbsp;_double_epilogue
</UL>
<BR>[Called By]<UL><LI><a href="#[c2]">&gt;&gt;</a>&nbsp;&nbsp;&nbsp;__hardfp_pow
</UL>

<P><STRONG><a name="[9d]"></a>__aeabi_d2ulz</STRONG> (Thumb, 48 bytes, Stack size 0 bytes, dfixul.o(.text), UNUSED)
<BR><BR>[Calls]<UL><LI><a href="#[89]">&gt;&gt;</a>&nbsp;&nbsp;&nbsp;__aeabi_llsl
<LI><a href="#[88]">&gt;&gt;</a>&nbsp;&nbsp;&nbsp;__aeabi_llsr
</UL>
<BR>[Called By]<UL><LI><a href="#[cf]">&gt;&gt;</a>&nbsp;&nbsp;&nbsp;_fp_digits
</UL>

<P><STRONG><a name="[cc]"></a>__aeabi_cdrcmple</STRONG> (Thumb, 48 bytes, Stack size 0 bytes, cdrcmple.o(.text))
<BR><BR>[Called By]<UL><LI><a href="#[cf]">&gt;&gt;</a>&nbsp;&nbsp;&nbsp;_fp_digits
<LI><a href="#[c2]">&gt;&gt;</a>&nbsp;&nbsp;&nbsp;__hardfp_pow
</UL>

<P><STRONG><a name="[84]"></a>__scatterload</STRONG> (Thumb, 28 bytes, Stack size 0 bytes, init.o(.text))
<BR><BR>[Calls]<UL><LI><a href="#[9e]">&gt;&gt;</a>&nbsp;&nbsp;&nbsp;__main_after_scatterload
</UL>
<BR>[Called By]<UL><LI><a href="#[83]">&gt;&gt;</a>&nbsp;&nbsp;&nbsp;_main_scatterload
</UL>

<P><STRONG><a name="[3b8]"></a>__scatterload_rt2</STRONG> (Thumb, 0 bytes, Stack size 0 bytes, init.o(.text), UNUSED)

<P><STRONG><a name="[99]"></a>__aeabi_lasr</STRONG> (Thumb, 36 bytes, Stack size 0 bytes, llsshr.o(.text))
<BR><BR>[Called By]<UL><LI><a href="#[98]">&gt;&gt;</a>&nbsp;&nbsp;&nbsp;__aeabi_dadd
</UL>

<P><STRONG><a name="[3b9]"></a>_ll_sshift_r</STRONG> (Thumb, 0 bytes, Stack size 0 bytes, llsshr.o(.text), UNUSED)

<P><STRONG><a name="[97]"></a>_strtoull</STRONG> (Thumb, 194 bytes, Stack size 48 bytes, _strtoull.o(.text))
<BR><BR>[Stack]<UL><LI>Max Depth = 48<LI>Call Chain = _strtoull
</UL>
<BR>[Calls]<UL><LI><a href="#[9f]">&gt;&gt;</a>&nbsp;&nbsp;&nbsp;_chval
<LI><a href="#[8d]">&gt;&gt;</a>&nbsp;&nbsp;&nbsp;__aeabi_errno_addr
</UL>
<BR>[Called By]<UL><LI><a href="#[8e]">&gt;&gt;</a>&nbsp;&nbsp;&nbsp;__strtoll
</UL>

<P><STRONG><a name="[a0]"></a>_dsqrt</STRONG> (Thumb, 162 bytes, Stack size 32 bytes, dsqrt.o(.text))
<BR><BR>[Stack]<UL><LI>Max Depth = 40<LI>Call Chain = _dsqrt &rArr; _double_round
</UL>
<BR>[Calls]<UL><LI><a href="#[92]">&gt;&gt;</a>&nbsp;&nbsp;&nbsp;_double_round
<LI><a href="#[88]">&gt;&gt;</a>&nbsp;&nbsp;&nbsp;__aeabi_llsr
</UL>
<BR>[Called By]<UL><LI><a href="#[c7]">&gt;&gt;</a>&nbsp;&nbsp;&nbsp;sqrt
</UL>

<P><STRONG><a name="[9f]"></a>_chval</STRONG> (Thumb, 28 bytes, Stack size 0 bytes, _chval.o(.text))
<BR><BR>[Called By]<UL><LI><a href="#[97]">&gt;&gt;</a>&nbsp;&nbsp;&nbsp;_strtoull
</UL>

<P><STRONG><a name="[3ba]"></a>__decompress</STRONG> (Thumb, 0 bytes, Stack size unknown bytes, __dczerorl2.o(.text), UNUSED)

<P><STRONG><a name="[3bb]"></a>__decompress1</STRONG> (Thumb, 86 bytes, Stack size unknown bytes, __dczerorl2.o(.text), UNUSED)

<P><STRONG><a name="[14]"></a>GPIOTE_IRQHandler</STRONG> (Thumb, 346 bytes, Stack size 72 bytes, nrfx_gpiote.o(i.GPIOTE_IRQHandler))
<BR><BR>[Stack]<UL><LI>Max Depth = 84<LI>Call Chain = GPIOTE_IRQHandler &rArr; nrf_gpio_ports_read
</UL>
<BR>[Calls]<UL><LI><a href="#[a1]">&gt;&gt;</a>&nbsp;&nbsp;&nbsp;nrf_gpiote_event_is_set
<LI><a href="#[a2]">&gt;&gt;</a>&nbsp;&nbsp;&nbsp;nrf_gpiote_event_clear
<LI><a href="#[a3]">&gt;&gt;</a>&nbsp;&nbsp;&nbsp;nrf_gpio_ports_read
<LI><a href="#[a7]">&gt;&gt;</a>&nbsp;&nbsp;&nbsp;nrf_gpio_cfg_sense_set
<LI><a href="#[a6]">&gt;&gt;</a>&nbsp;&nbsp;&nbsp;nrf_bitmask_bit_set
<LI><a href="#[a4]">&gt;&gt;</a>&nbsp;&nbsp;&nbsp;nrf_bitmask_bit_is_set
<LI><a href="#[a5]">&gt;&gt;</a>&nbsp;&nbsp;&nbsp;channel_port_get
</UL>
<BR>[Address Reference Count : 1]<UL><LI> arm_startup_nrf52.o(RESET)
</UL>
<P><STRONG><a name="[a8]"></a>HMAC_SHA1</STRONG> (Thumb, 170 bytes, Stack size 280 bytes, hmac-sha1.o(i.HMAC_SHA1))
<BR><BR>[Stack]<UL><LI>Max Depth = 804<LI>Call Chain = HMAC_SHA1 &rArr; SHA1 &rArr; SHA1Result &rArr; SHA1PadMessage &rArr; SHA1ProcessMessageBlock
</UL>
<BR>[Calls]<UL><LI><a href="#[ae]">&gt;&gt;</a>&nbsp;&nbsp;&nbsp;SHA1Result
<LI><a href="#[ac]">&gt;&gt;</a>&nbsp;&nbsp;&nbsp;SHA1Reset
<LI><a href="#[ad]">&gt;&gt;</a>&nbsp;&nbsp;&nbsp;SHA1Input
<LI><a href="#[a9]">&gt;&gt;</a>&nbsp;&nbsp;&nbsp;SHA1
<LI><a href="#[aa]">&gt;&gt;</a>&nbsp;&nbsp;&nbsp;__aeabi_memclr4
<LI><a href="#[ab]">&gt;&gt;</a>&nbsp;&nbsp;&nbsp;__aeabi_memcpy
</UL>
<BR>[Called By]<UL><LI><a href="#[212]">&gt;&gt;</a>&nbsp;&nbsp;&nbsp;verify_dynamic_pwd_token
</UL>

<P><STRONG><a name="[e]"></a>POWER_CLOCK_IRQHandler</STRONG> (Thumb, 154 bytes, Stack size 24 bytes, nrfx_clock.o(i.POWER_CLOCK_IRQHandler))
<BR><BR>[Stack]<UL><LI>Max Depth = 32<LI>Call Chain = POWER_CLOCK_IRQHandler &rArr; nrf_clock_event_clear
</UL>
<BR>[Calls]<UL><LI><a href="#[b0]">&gt;&gt;</a>&nbsp;&nbsp;&nbsp;nrf_clock_event_clear
<LI><a href="#[af]">&gt;&gt;</a>&nbsp;&nbsp;&nbsp;nrf_clock_event_check
</UL>
<BR>[Address Reference Count : 1]<UL><LI> arm_startup_nrf52.o(RESET)
</UL>
<P><STRONG><a name="[1f]"></a>RTC1_IRQHandler</STRONG> (Thumb, 32 bytes, Stack size 0 bytes, app_timer.o(i.RTC1_IRQHandler))
<BR><BR>[Stack]<UL><LI>Max Depth = 24<LI>Call Chain = RTC1_IRQHandler &rArr; timer_timeouts_check
</UL>
<BR>[Calls]<UL><LI><a href="#[b1]">&gt;&gt;</a>&nbsp;&nbsp;&nbsp;timer_timeouts_check
</UL>
<BR>[Address Reference Count : 1]<UL><LI> arm_startup_nrf52.o(RESET)
</UL>
<P><STRONG><a name="[30]"></a>RTC2_IRQHandler</STRONG> (Thumb, 10 bytes, Stack size 0 bytes, nrfx_rtc.o(i.RTC2_IRQHandler))
<BR><BR>[Stack]<UL><LI>Max Depth = 40<LI>Call Chain = RTC2_IRQHandler &rArr; irq_handler &rArr; nrf_rtc_event_clear
</UL>
<BR>[Calls]<UL><LI><a href="#[b2]">&gt;&gt;</a>&nbsp;&nbsp;&nbsp;irq_handler
</UL>
<BR>[Address Reference Count : 1]<UL><LI> arm_startup_nrf52.o(RESET)
</UL>
<P><STRONG><a name="[b3]"></a>SEGGER_RTT_Init</STRONG> (Thumb, 4 bytes, Stack size 0 bytes, segger_rtt.o(i.SEGGER_RTT_Init))
<BR><BR>[Stack]<UL><LI>Max Depth = 8<LI>Call Chain = SEGGER_RTT_Init &rArr; _DoInit
</UL>
<BR>[Calls]<UL><LI><a href="#[b4]">&gt;&gt;</a>&nbsp;&nbsp;&nbsp;_DoInit
</UL>
<BR>[Called By]<UL><LI><a href="#[1df]">&gt;&gt;</a>&nbsp;&nbsp;&nbsp;elog_port_init
<LI><a href="#[29c]">&gt;&gt;</a>&nbsp;&nbsp;&nbsp;nrf_log_backend_rtt_init
</UL>

<P><STRONG><a name="[b5]"></a>SEGGER_RTT_WriteNoLock</STRONG> (Thumb, 86 bytes, Stack size 16 bytes, segger_rtt.o(i.SEGGER_RTT_WriteNoLock))
<BR><BR>[Stack]<UL><LI>Max Depth = 48<LI>Call Chain = SEGGER_RTT_WriteNoLock &rArr; _WriteBlocking
</UL>
<BR>[Calls]<UL><LI><a href="#[b7]">&gt;&gt;</a>&nbsp;&nbsp;&nbsp;_WriteNoCheck
<LI><a href="#[b8]">&gt;&gt;</a>&nbsp;&nbsp;&nbsp;_WriteBlocking
<LI><a href="#[b6]">&gt;&gt;</a>&nbsp;&nbsp;&nbsp;_GetAvailWriteSpace
</UL>
<BR>[Called By]<UL><LI><a href="#[1dc]">&gt;&gt;</a>&nbsp;&nbsp;&nbsp;elog_port_output
<LI><a href="#[4b]">&gt;&gt;</a>&nbsp;&nbsp;&nbsp;serial_tx
</UL>

<P><STRONG><a name="[a9]"></a>SHA1</STRONG> (Thumb, 46 bytes, Stack size 116 bytes, sha1.o(i.SHA1))
<BR><BR>[Stack]<UL><LI>Max Depth = 524<LI>Call Chain = SHA1 &rArr; SHA1Result &rArr; SHA1PadMessage &rArr; SHA1ProcessMessageBlock
</UL>
<BR>[Calls]<UL><LI><a href="#[ae]">&gt;&gt;</a>&nbsp;&nbsp;&nbsp;SHA1Result
<LI><a href="#[ac]">&gt;&gt;</a>&nbsp;&nbsp;&nbsp;SHA1Reset
<LI><a href="#[ad]">&gt;&gt;</a>&nbsp;&nbsp;&nbsp;SHA1Input
</UL>
<BR>[Called By]<UL><LI><a href="#[a8]">&gt;&gt;</a>&nbsp;&nbsp;&nbsp;HMAC_SHA1
</UL>

<P><STRONG><a name="[ad]"></a>SHA1Input</STRONG> (Thumb, 106 bytes, Stack size 24 bytes, sha1.o(i.SHA1Input))
<BR><BR>[Stack]<UL><LI>Max Depth = 404<LI>Call Chain = SHA1Input &rArr; SHA1ProcessMessageBlock
</UL>
<BR>[Calls]<UL><LI><a href="#[b9]">&gt;&gt;</a>&nbsp;&nbsp;&nbsp;SHA1ProcessMessageBlock
</UL>
<BR>[Called By]<UL><LI><a href="#[a8]">&gt;&gt;</a>&nbsp;&nbsp;&nbsp;HMAC_SHA1
<LI><a href="#[a9]">&gt;&gt;</a>&nbsp;&nbsp;&nbsp;SHA1
</UL>

<P><STRONG><a name="[ba]"></a>SHA1PadMessage</STRONG> (Thumb, 140 bytes, Stack size 16 bytes, sha1.o(i.SHA1PadMessage))
<BR><BR>[Stack]<UL><LI>Max Depth = 396<LI>Call Chain = SHA1PadMessage &rArr; SHA1ProcessMessageBlock
</UL>
<BR>[Calls]<UL><LI><a href="#[b9]">&gt;&gt;</a>&nbsp;&nbsp;&nbsp;SHA1ProcessMessageBlock
</UL>
<BR>[Called By]<UL><LI><a href="#[ae]">&gt;&gt;</a>&nbsp;&nbsp;&nbsp;SHA1Result
</UL>

<P><STRONG><a name="[b9]"></a>SHA1ProcessMessageBlock</STRONG> (Thumb, 370 bytes, Stack size 380 bytes, sha1.o(i.SHA1ProcessMessageBlock))
<BR><BR>[Stack]<UL><LI>Max Depth = 380<LI>Call Chain = SHA1ProcessMessageBlock
</UL>
<BR>[Called By]<UL><LI><a href="#[ba]">&gt;&gt;</a>&nbsp;&nbsp;&nbsp;SHA1PadMessage
<LI><a href="#[ad]">&gt;&gt;</a>&nbsp;&nbsp;&nbsp;SHA1Input
</UL>

<P><STRONG><a name="[ac]"></a>SHA1Reset</STRONG> (Thumb, 46 bytes, Stack size 0 bytes, sha1.o(i.SHA1Reset))
<BR><BR>[Called By]<UL><LI><a href="#[a8]">&gt;&gt;</a>&nbsp;&nbsp;&nbsp;HMAC_SHA1
<LI><a href="#[a9]">&gt;&gt;</a>&nbsp;&nbsp;&nbsp;SHA1
</UL>

<P><STRONG><a name="[ae]"></a>SHA1Result</STRONG> (Thumb, 86 bytes, Stack size 12 bytes, sha1.o(i.SHA1Result))
<BR><BR>[Stack]<UL><LI>Max Depth = 408<LI>Call Chain = SHA1Result &rArr; SHA1PadMessage &rArr; SHA1ProcessMessageBlock
</UL>
<BR>[Calls]<UL><LI><a href="#[ba]">&gt;&gt;</a>&nbsp;&nbsp;&nbsp;SHA1PadMessage
</UL>
<BR>[Called By]<UL><LI><a href="#[a8]">&gt;&gt;</a>&nbsp;&nbsp;&nbsp;HMAC_SHA1
<LI><a href="#[a9]">&gt;&gt;</a>&nbsp;&nbsp;&nbsp;SHA1
</UL>

<P><STRONG><a name="[22]"></a>SWI0_EGU0_IRQHandler</STRONG> (Thumb, 4 bytes, Stack size 0 bytes, app_timer.o(i.SWI0_EGU0_IRQHandler))
<BR><BR>[Stack]<UL><LI>Max Depth = 96<LI>Call Chain = SWI0_EGU0_IRQHandler &rArr; timer_list_handler &rArr; list_insertions_handler &rArr; timer_list_remove
</UL>
<BR>[Calls]<UL><LI><a href="#[bb]">&gt;&gt;</a>&nbsp;&nbsp;&nbsp;timer_list_handler
</UL>
<BR>[Address Reference Count : 1]<UL><LI> arm_startup_nrf52.o(RESET)
</UL>
<P><STRONG><a name="[24]"></a>SWI2_EGU2_IRQHandler</STRONG> (Thumb, 4 bytes, Stack size 0 bytes, nrf_sdh.o(i.SWI2_EGU2_IRQHandler))
<BR><BR>[Stack]<UL><LI>Max Depth = 24<LI>Call Chain = SWI2_EGU2_IRQHandler &rArr; nrf_sdh_evts_poll &rArr; nrf_section_iter_next &rArr; nrf_section_iter_item_set
</UL>
<BR>[Calls]<UL><LI><a href="#[bc]">&gt;&gt;</a>&nbsp;&nbsp;&nbsp;nrf_sdh_evts_poll
</UL>
<BR>[Address Reference Count : 1]<UL><LI> arm_startup_nrf52.o(RESET)
</UL>
<P><STRONG><a name="[34]"></a>SystemInit</STRONG> (Thumb, 726 bytes, Stack size 20 bytes, system_nrf52.o(i.SystemInit))
<BR><BR>[Stack]<UL><LI>Max Depth = 20<LI>Call Chain = SystemInit
</UL>
<BR>[Address Reference Count : 1]<UL><LI> arm_startup_nrf52.o(.text)
</UL>
<P><STRONG><a name="[10]"></a>UARTE0_UART0_IRQHandler</STRONG> (Thumb, 6 bytes, Stack size 0 bytes, nrfx_prs.o(i.UARTE0_UART0_IRQHandler))
<BR>[Address Reference Count : 1]<UL><LI> arm_startup_nrf52.o(RESET)
</UL>
<P><STRONG><a name="[1e]"></a>WDT_IRQHandler</STRONG> (Thumb, 26 bytes, Stack size 16 bytes, nrfx_wdt.o(i.WDT_IRQHandler))
<BR><BR>[Stack]<UL><LI>Max Depth = 16<LI>Call Chain = WDT_IRQHandler
</UL>
<BR>[Address Reference Count : 1]<UL><LI> arm_startup_nrf52.o(RESET)
</UL>
<P><STRONG><a name="[be]"></a>__0snprintf</STRONG> (Thumb, 44 bytes, Stack size 32 bytes, printfa.o(i.__0snprintf), UNUSED)
<BR><BR>[Calls]<UL><LI><a href="#[bf]">&gt;&gt;</a>&nbsp;&nbsp;&nbsp;_printf_core
</UL>

<P><STRONG><a name="[3bc]"></a>__1snprintf</STRONG> (Thumb, 0 bytes, Stack size 32 bytes, printfa.o(i.__0snprintf), UNUSED)

<P><STRONG><a name="[1d9]"></a>__2snprintf</STRONG> (Thumb, 0 bytes, Stack size 32 bytes, printfa.o(i.__0snprintf))
<BR><BR>[Stack]<UL><LI>Max Depth = 32<LI>Call Chain = __2snprintf
</UL>
<BR>[Called By]<UL><LI><a href="#[db]">&gt;&gt;</a>&nbsp;&nbsp;&nbsp;elog_output
<LI><a href="#[1f8]">&gt;&gt;</a>&nbsp;&nbsp;&nbsp;get_timer_string
<LI><a href="#[1d6]">&gt;&gt;</a>&nbsp;&nbsp;&nbsp;elog_hexdump
</UL>

<P><STRONG><a name="[3bd]"></a>__c89snprintf</STRONG> (Thumb, 0 bytes, Stack size 32 bytes, printfa.o(i.__0snprintf), UNUSED)

<P><STRONG><a name="[3be]"></a>snprintf</STRONG> (Thumb, 0 bytes, Stack size 32 bytes, printfa.o(i.__0snprintf), UNUSED)

<P><STRONG><a name="[c0]"></a>__0sprintf</STRONG> (Thumb, 34 bytes, Stack size 24 bytes, printfa.o(i.__0sprintf), UNUSED)
<BR><BR>[Calls]<UL><LI><a href="#[37]">&gt;&gt;</a>&nbsp;&nbsp;&nbsp;_sputc
<LI><a href="#[bf]">&gt;&gt;</a>&nbsp;&nbsp;&nbsp;_printf_core
</UL>

<P><STRONG><a name="[3bf]"></a>__1sprintf</STRONG> (Thumb, 0 bytes, Stack size 24 bytes, printfa.o(i.__0sprintf), UNUSED)

<P><STRONG><a name="[14e]"></a>__2sprintf</STRONG> (Thumb, 0 bytes, Stack size 24 bytes, printfa.o(i.__0sprintf))
<BR><BR>[Stack]<UL><LI>Max Depth = 24<LI>Call Chain = __2sprintf
</UL>
<BR>[Called By]<UL><LI><a href="#[149]">&gt;&gt;</a>&nbsp;&nbsp;&nbsp;app_test_process
</UL>

<P><STRONG><a name="[3c0]"></a>__c89sprintf</STRONG> (Thumb, 0 bytes, Stack size 24 bytes, printfa.o(i.__0sprintf), UNUSED)

<P><STRONG><a name="[3c1]"></a>sprintf</STRONG> (Thumb, 0 bytes, Stack size 24 bytes, printfa.o(i.__0sprintf), UNUSED)

<P><STRONG><a name="[c1]"></a>__0vsnprintf</STRONG> (Thumb, 40 bytes, Stack size 24 bytes, printfa.o(i.__0vsnprintf), UNUSED)
<BR><BR>[Calls]<UL><LI><a href="#[bf]">&gt;&gt;</a>&nbsp;&nbsp;&nbsp;_printf_core
</UL>

<P><STRONG><a name="[3c2]"></a>__1vsnprintf</STRONG> (Thumb, 0 bytes, Stack size 24 bytes, printfa.o(i.__0vsnprintf), UNUSED)

<P><STRONG><a name="[3c3]"></a>__2vsnprintf</STRONG> (Thumb, 0 bytes, Stack size 24 bytes, printfa.o(i.__0vsnprintf), UNUSED)

<P><STRONG><a name="[3c4]"></a>__c89vsnprintf</STRONG> (Thumb, 0 bytes, Stack size 24 bytes, printfa.o(i.__0vsnprintf), UNUSED)

<P><STRONG><a name="[1e6]"></a>vsnprintf</STRONG> (Thumb, 0 bytes, Stack size 24 bytes, printfa.o(i.__0vsnprintf))
<BR><BR>[Stack]<UL><LI>Max Depth = 24<LI>Call Chain = vsnprintf
</UL>
<BR>[Called By]<UL><LI><a href="#[db]">&gt;&gt;</a>&nbsp;&nbsp;&nbsp;elog_output
</UL>

<P><STRONG><a name="[ce]"></a>__ARM_fpclassify</STRONG> (Thumb, 48 bytes, Stack size 8 bytes, fpclassify.o(i.__ARM_fpclassify))
<BR><BR>[Stack]<UL><LI>Max Depth = 8<LI>Call Chain = __ARM_fpclassify
</UL>
<BR>[Called By]<UL><LI><a href="#[c2]">&gt;&gt;</a>&nbsp;&nbsp;&nbsp;__hardfp_pow
</UL>

<P><STRONG><a name="[8d]"></a>__aeabi_errno_addr</STRONG> (Thumb, 4 bytes, Stack size 0 bytes, errno.o(i.__aeabi_errno_addr))
<BR><BR>[Called By]<UL><LI><a href="#[8c]">&gt;&gt;</a>&nbsp;&nbsp;&nbsp;atoll
<LI><a href="#[97]">&gt;&gt;</a>&nbsp;&nbsp;&nbsp;_strtoull
<LI><a href="#[8e]">&gt;&gt;</a>&nbsp;&nbsp;&nbsp;__strtoll
</UL>

<P><STRONG><a name="[3c5]"></a>__rt_errno_addr</STRONG> (Thumb, 0 bytes, Stack size 0 bytes, errno.o(i.__aeabi_errno_addr), UNUSED)

<P><STRONG><a name="[c2]"></a>__hardfp_pow</STRONG> (Thumb, 3072 bytes, Stack size 192 bytes, pow.o(i.__hardfp_pow))
<BR><BR>[Stack]<UL><LI>Max Depth = 304<LI>Call Chain = __hardfp_pow &rArr; __kernel_poly &rArr; __aeabi_dmul &rArr; _double_epilogue &rArr; _double_round
</UL>
<BR>[Calls]<UL><LI><a href="#[8f]">&gt;&gt;</a>&nbsp;&nbsp;&nbsp;__aeabi_dmul
<LI><a href="#[91]">&gt;&gt;</a>&nbsp;&nbsp;&nbsp;__aeabi_ddiv
<LI><a href="#[ca]">&gt;&gt;</a>&nbsp;&nbsp;&nbsp;__mathlib_dbl_underflow
<LI><a href="#[c6]">&gt;&gt;</a>&nbsp;&nbsp;&nbsp;__mathlib_dbl_overflow
<LI><a href="#[c9]">&gt;&gt;</a>&nbsp;&nbsp;&nbsp;__mathlib_dbl_invalid
<LI><a href="#[c3]">&gt;&gt;</a>&nbsp;&nbsp;&nbsp;__mathlib_dbl_infnan2
<LI><a href="#[c5]">&gt;&gt;</a>&nbsp;&nbsp;&nbsp;__mathlib_dbl_divzero
<LI><a href="#[9c]">&gt;&gt;</a>&nbsp;&nbsp;&nbsp;__aeabi_i2d
<LI><a href="#[9a]">&gt;&gt;</a>&nbsp;&nbsp;&nbsp;__aeabi_dsub
<LI><a href="#[9b]">&gt;&gt;</a>&nbsp;&nbsp;&nbsp;__aeabi_drsub
<LI><a href="#[98]">&gt;&gt;</a>&nbsp;&nbsp;&nbsp;__aeabi_dadd
<LI><a href="#[cc]">&gt;&gt;</a>&nbsp;&nbsp;&nbsp;__aeabi_cdrcmple
<LI><a href="#[cd]">&gt;&gt;</a>&nbsp;&nbsp;&nbsp;__ARM_scalbn
<LI><a href="#[c4]">&gt;&gt;</a>&nbsp;&nbsp;&nbsp;__set_errno
<LI><a href="#[c7]">&gt;&gt;</a>&nbsp;&nbsp;&nbsp;sqrt
<LI><a href="#[cb]">&gt;&gt;</a>&nbsp;&nbsp;&nbsp;__kernel_poly
<LI><a href="#[ce]">&gt;&gt;</a>&nbsp;&nbsp;&nbsp;__ARM_fpclassify
<LI><a href="#[c8]">&gt;&gt;</a>&nbsp;&nbsp;&nbsp;fabs
</UL>
<BR>[Called By]<UL><LI><a href="#[212]">&gt;&gt;</a>&nbsp;&nbsp;&nbsp;verify_dynamic_pwd_token
</UL>

<P><STRONG><a name="[cb]"></a>__kernel_poly</STRONG> (Thumb, 248 bytes, Stack size 24 bytes, poly.o(i.__kernel_poly))
<BR><BR>[Stack]<UL><LI>Max Depth = 112<LI>Call Chain = __kernel_poly &rArr; __aeabi_dmul &rArr; _double_epilogue &rArr; _double_round
</UL>
<BR>[Calls]<UL><LI><a href="#[8f]">&gt;&gt;</a>&nbsp;&nbsp;&nbsp;__aeabi_dmul
<LI><a href="#[98]">&gt;&gt;</a>&nbsp;&nbsp;&nbsp;__aeabi_dadd
</UL>
<BR>[Called By]<UL><LI><a href="#[c2]">&gt;&gt;</a>&nbsp;&nbsp;&nbsp;__hardfp_pow
</UL>

<P><STRONG><a name="[c5]"></a>__mathlib_dbl_divzero</STRONG> (Thumb, 28 bytes, Stack size 8 bytes, dunder.o(i.__mathlib_dbl_divzero))
<BR><BR>[Stack]<UL><LI>Max Depth = 48<LI>Call Chain = __mathlib_dbl_divzero &rArr; __aeabi_ddiv &rArr; _double_round
</UL>
<BR>[Calls]<UL><LI><a href="#[91]">&gt;&gt;</a>&nbsp;&nbsp;&nbsp;__aeabi_ddiv
</UL>
<BR>[Called By]<UL><LI><a href="#[c2]">&gt;&gt;</a>&nbsp;&nbsp;&nbsp;__hardfp_pow
</UL>

[...]
</UL>
<P><STRONG><a name="[66]"></a>wmap</STRONG> (Thumb, 4 bytes, Stack size 0 bytes, nrf_fstorage_sd.o(i.wmap))
<BR>[Address Reference Count : 1]<UL><LI> nrf_fstorage_sd.o(.constdata)
</UL>
<P><STRONG><a name="[63]"></a>write</STRONG> (Thumb, 74 bytes, Stack size 40 bytes, nrf_fstorage_sd.o(i.write))
<BR><BR>[Stack]<UL><LI>Max Depth = 328<LI>Call Chain = write &rArr; queue_start &rArr; queue_process &rArr; nrf_fstorage_sys_evt_handler &rArr;  queue_process (Cycle)
</UL>
<BR>[Calls]<UL><LI><a href="#[1eb]">&gt;&gt;</a>&nbsp;&nbsp;&nbsp;nrf_atfifo_item_put
<LI><a href="#[1ea]">&gt;&gt;</a>&nbsp;&nbsp;&nbsp;nrf_atfifo_item_alloc
<LI><a href="#[1ec]">&gt;&gt;</a>&nbsp;&nbsp;&nbsp;queue_start
<LI><a href="#[aa]">&gt;&gt;</a>&nbsp;&nbsp;&nbsp;__aeabi_memclr4
</UL>
<BR>[Address Reference Count : 1]<UL><LI> nrf_fstorage_sd.o(.constdata)
</UL>
<P><STRONG><a name="[6c]"></a>erase</STRONG> (Thumb, 68 bytes, Stack size 32 bytes, nrf_fstorage_nvmc.o(i.erase))
<BR><BR>[Stack]<UL><LI>Max Depth = 88<LI>Call Chain = erase &rArr; event_send
</UL>
<BR>[Calls]<UL><LI><a href="#[1ee]">&gt;&gt;</a>&nbsp;&nbsp;&nbsp;nrf_nvmc_page_erase
<LI><a href="#[1ed]">&gt;&gt;</a>&nbsp;&nbsp;&nbsp;nrf_atomic_flag_set_fetch
<LI><a href="#[1ef]">&gt;&gt;</a>&nbsp;&nbsp;&nbsp;nrf_atomic_flag_clear
<LI><a href="#[1f0]">&gt;&gt;</a>&nbsp;&nbsp;&nbsp;event_send
</UL>
<BR>[Address Reference Count : 1]<UL><LI> nrf_fstorage_nvmc.o(.constdata)
</UL>
<P><STRONG><a name="[1f0]"></a>event_send</STRONG> (Thumb, 54 bytes, Stack size 56 bytes, nrf_fstorage_nvmc.o(i.event_send))
<BR><BR>[Stack]<UL><LI>Max Depth = 56<LI>Call Chain = event_send
</UL>
<BR>[Calls]<UL><LI><a href="#[aa]">&gt;&gt;</a>&nbsp;&nbsp;&nbsp;__aeabi_memclr4
</UL>
<BR>[Called By]<UL><LI><a href="#[6b]">&gt;&gt;</a>&nbsp;&nbsp;&nbsp;write
<LI><a href="#[6c]">&gt;&gt;</a>&nbsp;&nbsp;&nbsp;erase
</UL>

<P><STRONG><a name="[68]"></a>init</STRONG> (Thumb, 8 bytes, Stack size 0 bytes, nrf_fstorage_nvmc.o(i.init))
<BR>[Address Reference Count : 1]<UL><LI> nrf_fstorage_nvmc.o(.constdata)
</UL>
<P><STRONG><a name="[6f]"></a>is_busy</STRONG> (Thumb, 12 bytes, Stack size 0 bytes, nrf_fstorage_nvmc.o(i.is_busy))
<BR>[Address Reference Count : 1]<UL><LI> nrf_fstorage_nvmc.o(.constdata)
</UL>
<P><STRONG><a name="[6a]"></a>read</STRONG> (Thumb, 14 bytes, Stack size 8 bytes, nrf_fstorage_nvmc.o(i.read))
<BR><BR>[Stack]<UL><LI>Max Depth = 8<LI>Call Chain = read
</UL>
<BR>[Calls]<UL><LI><a href="#[ab]">&gt;&gt;</a>&nbsp;&nbsp;&nbsp;__aeabi_memcpy
</UL>
<BR>[Address Reference Count : 1]<UL><LI> nrf_fstorage_nvmc.o(.constdata)
</UL>
<P><STRONG><a name="[6d]"></a>rmap</STRONG> (Thumb, 4 bytes, Stack size 0 bytes, nrf_fstorage_nvmc.o(i.rmap))
<BR>[Address Reference Count : 1]<UL><LI> nrf_fstorage_nvmc.o(.constdata)
</UL>
<P><STRONG><a name="[69]"></a>uninit</STRONG> (Thumb, 12 bytes, Stack size 8 bytes, nrf_fstorage_nvmc.o(i.uninit))
<BR><BR>[Stack]<UL><LI>Max Depth = 16<LI>Call Chain = uninit &rArr; nrf_atomic_flag_clear &rArr; nrf_atomic_u32_and
</UL>
<BR>[Calls]<UL><LI><a href="#[1ef]">&gt;&gt;</a>&nbsp;&nbsp;&nbsp;nrf_atomic_flag_clear
</UL>
<BR>[Address Reference Count : 1]<UL><LI> nrf_fstorage_nvmc.o(.constdata)
</UL>
<P><STRONG><a name="[6e]"></a>wmap</STRONG> (Thumb, 4 bytes, Stack size 0 bytes, nrf_fstorage_nvmc.o(i.wmap))
<BR>[Address Reference Count : 1]<UL><LI> nrf_fstorage_nvmc.o(.constdata)
</UL>
<P><STRONG><a name="[6b]"></a>write</STRONG> (Thumb, 64 bytes, Stack size 32 bytes, nrf_fstorage_nvmc.o(i.write))
<BR><BR>[Stack]<UL><LI>Max Depth = 88<LI>Call Chain = write &rArr; event_send
</UL>
<BR>[Calls]<UL><LI><a href="#[3a4]">&gt;&gt;</a>&nbsp;&nbsp;&nbsp;nrf_nvmc_write_words
<LI><a href="#[1ed]">&gt;&gt;</a>&nbsp;&nbsp;&nbsp;nrf_atomic_flag_set_fetch
<LI><a href="#[1ef]">&gt;&gt;</a>&nbsp;&nbsp;&nbsp;nrf_atomic_flag_clear
<LI><a href="#[1f0]">&gt;&gt;</a>&nbsp;&nbsp;&nbsp;event_send
</UL>
<BR>[Address Reference Count : 1]<UL><LI> nrf_fstorage_nvmc.o(.constdata)
</UL>
<P><STRONG><a name="[72]"></a>nrf_log_backend_rtt_flush</STRONG> (Thumb, 2 bytes, Stack size 0 bytes, nrf_log_backend_rtt.o(i.nrf_log_backend_rtt_flush))
<BR>[Address Reference Count : 1]<UL><LI> nrf_log_backend_rtt.o(.constdata)
</UL>
<P><STRONG><a name="[71]"></a>nrf_log_backend_rtt_panic_set</STRONG> (Thumb, 2 bytes, Stack size 0 bytes, nrf_log_backend_rtt.o(i.nrf_log_backend_rtt_panic_set))
<BR>[Address Reference Count : 1]<UL><LI> nrf_log_backend_rtt.o(.constdata)
</UL>
<P><STRONG><a name="[70]"></a>nrf_log_backend_rtt_put</STRONG> (Thumb, 16 bytes, Stack size 8 bytes, nrf_log_backend_rtt.o(i.nrf_log_backend_rtt_put))
<BR><BR>[Stack]<UL><LI>Max Depth = 352<LI>Call Chain = nrf_log_backend_rtt_put &rArr; nrf_log_backend_serial_put &rArr; nrf_log_std_entry_process &rArr; prefix_process &rArr; nrf_fprintf &rArr; nrf_fprintf_fmt &rArr; int_print &rArr; unsigned_print &rArr; buffer_add &rArr;  buffer_add (Cycle)
</UL>
<BR>[Calls]<UL><LI><a href="#[29d]">&gt;&gt;</a>&nbsp;&nbsp;&nbsp;nrf_log_backend_serial_put
</UL>
<BR>[Address Reference Count : 1]<UL><LI> nrf_log_backend_rtt.o(.constdata)
</UL>
<P><STRONG><a name="[4b]"></a>serial_tx</STRONG> (Thumb, 70 bytes, Stack size 24 bytes, nrf_log_backend_rtt.o(i.serial_tx))
<BR><BR>[Stack]<UL><LI>Max Depth = 72<LI>Call Chain = serial_tx &rArr; SEGGER_RTT_WriteNoLock &rArr; _WriteBlocking
</UL>
<BR>[Calls]<UL><LI><a href="#[b5]">&gt;&gt;</a>&nbsp;&nbsp;&nbsp;SEGGER_RTT_WriteNoLock
</UL>
<BR>[Address Reference Count : 1]<UL><LI> nrf_log_backend_rtt.o(i.nrf_log_backend_rtt_put)
</UL>
<P><STRONG><a name="[2a5]"></a>invalid_packets_omit</STRONG> (Thumb, 52 bytes, Stack size 0 bytes, nrf_log_frontend.o(i.invalid_packets_omit))
<BR><BR>[Called By]<UL><LI><a href="#[250]">&gt;&gt;</a>&nbsp;&nbsp;&nbsp;nrf_log_frontend_dequeue
</UL>

<P><STRONG><a name="[264]"></a>module_idx_get</STRONG> (Thumb, 42 bytes, Stack size 12 bytes, nrf_log_frontend.o(i.module_idx_get))
<BR><BR>[Stack]<UL><LI>Max Depth = 12<LI>Call Chain = module_idx_get
</UL>
<BR>[Calls]<UL><LI><a href="#[265]">&gt;&gt;</a>&nbsp;&nbsp;&nbsp;nrf_log_module_cnt_get
</UL>
<BR>[Called By]<UL><LI><a href="#[2ac]">&gt;&gt;</a>&nbsp;&nbsp;&nbsp;nrf_log_module_name_get
</UL>

<P><STRONG><a name="[2a9]"></a>postfix_process</STRONG> (Thumb, 48 bytes, Stack size 8 bytes, nrf_log_str_formatter.o(i.postfix_process))
<BR><BR>[Stack]<UL><LI>Max Depth = 184<LI>Call Chain = postfix_process &rArr; nrf_fprintf &rArr; nrf_fprintf_fmt &rArr; int_print &rArr; unsigned_print &rArr; buffer_add &rArr;  buffer_add (Cycle)
</UL>
<BR>[Calls]<UL><LI><a href="#[1ad]">&gt;&gt;</a>&nbsp;&nbsp;&nbsp;nrf_fprintf_buffer_flush
<LI><a href="#[292]">&gt;&gt;</a>&nbsp;&nbsp;&nbsp;nrf_fprintf
</UL>
<BR>[Called By]<UL><LI><a href="#[2a0]">&gt;&gt;</a>&nbsp;&nbsp;&nbsp;nrf_log_std_entry_process
<LI><a href="#[2a1]">&gt;&gt;</a>&nbsp;&nbsp;&nbsp;nrf_log_hexdump_entry_process
</UL>

<P><STRONG><a name="[2a8]"></a>prefix_process</STRONG> (Thumb, 90 bytes, Stack size 16 bytes, nrf_log_str_formatter.o(i.prefix_process))
<BR><BR>[Stack]<UL><LI>Max Depth = 192<LI>Call Chain = prefix_process &rArr; nrf_fprintf &rArr; nrf_fprintf_fmt &rArr; int_print &rArr; unsigned_print &rArr; buffer_add &rArr;  buffer_add (Cycle)
</UL>
<BR>[Calls]<UL><LI><a href="#[292]">&gt;&gt;</a>&nbsp;&nbsp;&nbsp;nrf_fprintf
<LI><a href="#[2ac]">&gt;&gt;</a>&nbsp;&nbsp;&nbsp;nrf_log_module_name_get
<LI><a href="#[2d5]">&gt;&gt;</a>&nbsp;&nbsp;&nbsp;nrf_log_color_id_get
</UL>
<BR>[Called By]<UL><LI><a href="#[2a0]">&gt;&gt;</a>&nbsp;&nbsp;&nbsp;nrf_log_std_entry_process
<LI><a href="#[2a1]">&gt;&gt;</a>&nbsp;&nbsp;&nbsp;nrf_log_hexdump_entry_process
</UL>

<P><STRONG><a name="[b4]"></a>_DoInit</STRONG> (Thumb, 76 bytes, Stack size 8 bytes, segger_rtt.o(i._DoInit))
<BR><BR>[Stack]<UL><LI>Max Depth = 8<LI>Call Chain = _DoInit
</UL>
<BR>[Calls]<UL><LI><a href="#[bd]">&gt;&gt;</a>&nbsp;&nbsp;&nbsp;strcpy
</UL>
<BR>[Called By]<UL><LI><a href="#[b3]">&gt;&gt;</a>&nbsp;&nbsp;&nbsp;SEGGER_RTT_Init
</UL>

<P><STRONG><a name="[b6]"></a>_GetAvailWriteSpace</STRONG> (Thumb, 22 bytes, Stack size 0 bytes, segger_rtt.o(i._GetAvailWriteSpace))
<BR><BR>[Called By]<UL><LI><a href="#[b5]">&gt;&gt;</a>&nbsp;&nbsp;&nbsp;SEGGER_RTT_WriteNoLock
</UL>

<P><STRONG><a name="[b8]"></a>_WriteBlocking</STRONG> (Thumb, 90 bytes, Stack size 32 bytes, segger_rtt.o(i._WriteBlocking))
<BR><BR>[Stack]<UL><LI>Max Depth = 32<LI>Call Chain = _WriteBlocking
</UL>
<BR>[Calls]<UL><LI><a href="#[ab]">&gt;&gt;</a>&nbsp;&nbsp;&nbsp;__aeabi_memcpy
</UL>
<BR>[Called By]<UL><LI><a href="#[b5]">&gt;&gt;</a>&nbsp;&nbsp;&nbsp;SEGGER_RTT_WriteNoLock
</UL>

<P><STRONG><a name="[b7]"></a>_WriteNoCheck</STRONG> (Thumb, 66 bytes, Stack size 24 bytes, segger_rtt.o(i._WriteNoCheck))
<BR><BR>[Stack]<UL><LI>Max Depth = 24<LI>Call Chain = _WriteNoCheck
</UL>
<BR>[Calls]<UL><LI><a href="#[ab]">&gt;&gt;</a>&nbsp;&nbsp;&nbsp;__aeabi_memcpy
</UL>
<BR>[Called By]<UL><LI><a href="#[b5]">&gt;&gt;</a>&nbsp;&nbsp;&nbsp;SEGGER_RTT_WriteNoLock
</UL>

<P><STRONG><a name="[2e8]"></a>__sd_nvic_app_accessible_irq</STRONG> (Thumb, 32 bytes, Stack size 0 bytes, nrf_sdh.o(i.__sd_nvic_app_accessible_irq))
<BR><BR>[Called By]<UL><LI><a href="#[2b8]">&gt;&gt;</a>&nbsp;&nbsp;&nbsp;softdevices_evt_irq_enable
<LI><a href="#[2b6]">&gt;&gt;</a>&nbsp;&nbsp;&nbsp;softdevice_evt_irq_disable
</UL>

<P><STRONG><a name="[2b4]"></a>sdh_request_observer_notify</STRONG> (Thumb, 44 bytes, Stack size 24 bytes, nrf_sdh.o(i.sdh_request_observer_notify))
<BR><BR>[Stack]<UL><LI>Max Depth = 32<LI>Call Chain = sdh_request_observer_notify &rArr; nrf_section_iter_next &rArr; nrf_section_iter_item_set
</UL>
<BR>[Calls]<UL><LI><a href="#[2b2]">&gt;&gt;</a>&nbsp;&nbsp;&nbsp;nrf_section_iter_next
<LI><a href="#[2af]">&gt;&gt;</a>&nbsp;&nbsp;&nbsp;nrf_section_iter_init
</UL>
<BR>[Called By]<UL><LI><a href="#[2b7]">&gt;&gt;</a>&nbsp;&nbsp;&nbsp;nrf_sdh_enable_request
<LI><a href="#[2b3]">&gt;&gt;</a>&nbsp;&nbsp;&nbsp;nrf_sdh_disable_request
</UL>

<P><STRONG><a name="[2b5]"></a>sdh_state_observer_notify</STRONG> (Thumb, 38 bytes, Stack size 24 bytes, nrf_sdh.o(i.sdh_state_observer_notify))
<BR><BR>[Stack]<UL><LI>Max Depth = 32<LI>Call Chain = sdh_state_observer_notify &rArr; nrf_section_iter_next &rArr; nrf_section_iter_item_set
</UL>
<BR>[Calls]<UL><LI><a href="#[2b2]">&gt;&gt;</a>&nbsp;&nbsp;&nbsp;nrf_section_iter_next
<LI><a href="#[2af]">&gt;&gt;</a>&nbsp;&nbsp;&nbsp;nrf_section_iter_init
</UL>
<BR>[Called By]<UL><LI><a href="#[2b7]">&gt;&gt;</a>&nbsp;&nbsp;&nbsp;nrf_sdh_enable_request
<LI><a href="#[2b3]">&gt;&gt;</a>&nbsp;&nbsp;&nbsp;nrf_sdh_disable_request
</UL>

<P><STRONG><a name="[2b6]"></a>softdevice_evt_irq_disable</STRONG> (Thumb, 52 bytes, Stack size 8 bytes, nrf_sdh.o(i.softdevice_evt_irq_disable))
<BR><BR>[Stack]<UL><LI>Max Depth = 216<LI>Call Chain = softdevice_evt_irq_disable &rArr; app_error_handler_bare &rArr; app_error_fault_handler &rArr; elog_output &rArr;  elog_output (Cycle)
</UL>
<BR>[Calls]<UL><LI><a href="#[ed]">&gt;&gt;</a>&nbsp;&nbsp;&nbsp;app_error_handler_bare
<LI><a href="#[2e8]">&gt;&gt;</a>&nbsp;&nbsp;&nbsp;__sd_nvic_app_accessible_irq
</UL>
<BR>[Called By]<UL><LI><a href="#[2b3]">&gt;&gt;</a>&nbsp;&nbsp;&nbsp;nrf_sdh_disable_request
</UL>

<P><STRONG><a name="[2b8]"></a>softdevices_evt_irq_enable</STRONG> (Thumb, 80 bytes, Stack size 8 bytes, nrf_sdh.o(i.softdevices_evt_irq_enable))
<BR><BR>[Stack]<UL><LI>Max Depth = 216<LI>Call Chain = softdevices_evt_irq_enable &rArr; app_error_handler_bare &rArr; app_error_fault_handler &rArr; elog_output &rArr;  elog_output (Cycle)
</UL>
<BR>[Calls]<UL><LI><a href="#[ed]">&gt;&gt;</a>&nbsp;&nbsp;&nbsp;app_error_handler_bare
<LI><a href="#[2e8]">&gt;&gt;</a>&nbsp;&nbsp;&nbsp;__sd_nvic_app_accessible_irq
</UL>
<BR>[Called By]<UL><LI><a href="#[2b7]">&gt;&gt;</a>&nbsp;&nbsp;&nbsp;nrf_sdh_enable_request
</UL>

<P><STRONG><a name="[7f]"></a>nrf_sdh_ble_evts_poll</STRONG> (Thumb, 82 bytes, Stack size 80 bytes, nrf_sdh_ble.o(i.nrf_sdh_ble_evts_poll))
<BR><BR>[Stack]<UL><LI>Max Depth = 288<LI>Call Chain = nrf_sdh_ble_evts_poll &rArr; app_error_handler_bare &rArr; app_error_fault_handler &rArr; elog_output &rArr;  elog_output (Cycle)
</UL>
<BR>[Calls]<UL><LI><a href="#[ed]">&gt;&gt;</a>&nbsp;&nbsp;&nbsp;app_error_handler_bare
<LI><a href="#[2b2]">&gt;&gt;</a>&nbsp;&nbsp;&nbsp;nrf_section_iter_next
<LI><a href="#[2af]">&gt;&gt;</a>&nbsp;&nbsp;&nbsp;nrf_section_iter_init
</UL>
<BR>[Address Reference Count : 1]<UL><LI> nrf_sdh_ble.o(sdh_stack_observers0)
</UL>
<P><STRONG><a name="[80]"></a>nrf_sdh_soc_evts_poll</STRONG> (Thumb, 56 bytes, Stack size 24 bytes, nrf_sdh_soc.o(i.nrf_sdh_soc_evts_poll))
<BR><BR>[Stack]<UL><LI>Max Depth = 232<LI>Call Chain = nrf_sdh_soc_evts_poll &rArr; app_error_handler_bare &rArr; app_error_fault_handler &rArr; elog_output &rArr;  elog_output (Cycle)
</UL>
<BR>[Calls]<UL><LI><a href="#[ed]">&gt;&gt;</a>&nbsp;&nbsp;&nbsp;app_error_handler_bare
<LI><a href="#[2b2]">&gt;&gt;</a>&nbsp;&nbsp;&nbsp;nrf_section_iter_next
<LI><a href="#[2af]">&gt;&gt;</a>&nbsp;&nbsp;&nbsp;nrf_section_iter_init
</UL>
<BR>[Address Reference Count : 1]<UL><LI> nrf_sdh_soc.o(sdh_stack_observers0)
</UL>
<P><STRONG><a name="[1be]"></a>crc_ok</STRONG> (Thumb, 30 bytes, Stack size 8 bytes, nrf_dfu_settings.o(i.crc_ok))
<BR><BR>[Stack]<UL><LI>Max Depth = 28<LI>Call Chain = crc_ok &rArr; settings_crc_get &rArr; crc32_compute
</UL>
<BR>[Calls]<UL><LI><a href="#[1bf]">&gt;&gt;</a>&nbsp;&nbsp;&nbsp;settings_crc_get
</UL>
<BR>[Called By]<UL><LI><a href="#[117]">&gt;&gt;</a>&nbsp;&nbsp;&nbsp;nrf_dfu_settings_init
</UL>

<P><STRONG><a name="[1bf]"></a>settings_crc_get</STRONG> (Thumb, 10 bytes, Stack size 0 bytes, nrf_dfu_settings.o(i.settings_crc_get))
<BR><BR>[Stack]<UL><LI>Max Depth = 20<LI>Call Chain = settings_crc_get &rArr; crc32_compute
</UL>
<BR>[Calls]<UL><LI><a href="#[2de]">&gt;&gt;</a>&nbsp;&nbsp;&nbsp;crc32_compute
</UL>
<BR>[Called By]<UL><LI><a href="#[287]">&gt;&gt;</a>&nbsp;&nbsp;&nbsp;nrf_dfu_settings_write
<LI><a href="#[1be]">&gt;&gt;</a>&nbsp;&nbsp;&nbsp;crc_ok
</UL>

<P><STRONG><a name="[288]"></a>settings_write</STRONG> (Thumb, 80 bytes, Stack size 24 bytes, nrf_dfu_settings.o(i.settings_write))
<BR><BR>[Stack]<UL><LI>Max Depth = 64<LI>Call Chain = settings_write &rArr; nrf_dfu_flash_store &rArr; nrf_fstorage_write
</UL>
<BR>[Calls]<UL><LI><a href="#[285]">&gt;&gt;</a>&nbsp;&nbsp;&nbsp;nrf_dfu_flash_store
<LI><a href="#[281]">&gt;&gt;</a>&nbsp;&nbsp;&nbsp;nrf_dfu_flash_erase
<LI><a href="#[101]">&gt;&gt;</a>&nbsp;&nbsp;&nbsp;memcmp
<LI><a href="#[ab]">&gt;&gt;</a>&nbsp;&nbsp;&nbsp;__aeabi_memcpy
</UL>
<BR>[Called By]<UL><LI><a href="#[289]">&gt;&gt;</a>&nbsp;&nbsp;&nbsp;settings_backup
<LI><a href="#[287]">&gt;&gt;</a>&nbsp;&nbsp;&nbsp;nrf_dfu_settings_write
</UL>

<P><STRONG><a name="[346]"></a>hextoascii</STRONG> (Thumb, 84 bytes, Stack size 16 bytes, tuya_ble_secure.o(i.hextoascii))
<BR><BR>[Stack]<UL><LI>Max Depth = 16<LI>Call Chain = hextoascii
</UL>
<BR>[Called By]<UL><LI><a href="#[31a]">&gt;&gt;</a>&nbsp;&nbsp;&nbsp;tuya_ble_encrypt_old_with_key
</UL>

<P><STRONG><a name="[318]"></a>tuya_ble_Add_Pkcs</STRONG> (Thumb, 102 bytes, Stack size 40 bytes, tuya_ble_secure.o(i.tuya_ble_Add_Pkcs))
<BR><BR>[Stack]<UL><LI>Max Depth = 40<LI>Call Chain = tuya_ble_Add_Pkcs
</UL>
<BR>[Calls]<UL><LI><a href="#[ab]">&gt;&gt;</a>&nbsp;&nbsp;&nbsp;__aeabi_memcpy
</UL>
<BR>[Called By]<UL><LI><a href="#[31a]">&gt;&gt;</a>&nbsp;&nbsp;&nbsp;tuya_ble_encrypt_old_with_key
<LI><a href="#[331]">&gt;&gt;</a>&nbsp;&nbsp;&nbsp;tuya_ble_encryption
</UL>

<P><STRONG><a name="[343]"></a>tuya_ble_device_id_key_generate</STRONG> (Thumb, 62 bytes, Stack size 88 bytes, tuya_ble_secure.o(i.tuya_ble_device_id_key_generate))
<BR><BR>[Stack]<UL><LI>Max Depth = 192<LI>Call Chain = tuya_ble_device_id_key_generate &rArr; tuya_ble_md5_crypt
</UL>
<BR>[Calls]<UL><LI><a href="#[344]">&gt;&gt;</a>&nbsp;&nbsp;&nbsp;tuya_ble_md5_crypt
<LI><a href="#[aa]">&gt;&gt;</a>&nbsp;&nbsp;&nbsp;__aeabi_memclr4
<LI><a href="#[ab]">&gt;&gt;</a>&nbsp;&nbsp;&nbsp;__aeabi_memcpy
</UL>
<BR>[Called By]<UL><LI><a href="#[31b]">&gt;&gt;</a>&nbsp;&nbsp;&nbsp;tuya_ble_device_id_encrypt
</UL>

<P><STRONG><a name="[372]"></a>tuya_ble_generate_key1</STRONG> (Thumb, 72 bytes, Stack size 56 bytes, tuya_ble_secure.o(i.tuya_ble_generate_key1))
<BR><BR>[Stack]<UL><LI>Max Depth = 460<LI>Call Chain = tuya_ble_generate_key1 &rArr; tuya_ble_aes128_cbc_encrypt &rArr; mbedtls_aes_crypt_cbc &rArr; mbedtls_aes_crypt_ecb &rArr; mbedtls_internal_aes_encrypt
</UL>
<BR>[Calls]<UL><LI><a href="#[10e]">&gt;&gt;</a>&nbsp;&nbsp;&nbsp;tuya_ble_aes128_cbc_encrypt
<LI><a href="#[ab]">&gt;&gt;</a>&nbsp;&nbsp;&nbsp;__aeabi_memcpy
</UL>
<BR>[Called By]<UL><LI><a href="#[341]">&gt;&gt;</a>&nbsp;&nbsp;&nbsp;tuya_ble_key_generate
</UL>

<P><STRONG><a name="[341]"></a>tuya_ble_key_generate</STRONG> (Thumb, 406 bytes, Stack size 24 bytes, tuya_ble_secure.o(i.tuya_ble_key_generate))
<BR><BR>[Stack]<UL><LI>Max Depth = 484<LI>Call Chain = tuya_ble_key_generate &rArr; tuya_ble_generate_key1 &rArr; tuya_ble_aes128_cbc_encrypt &rArr; mbedtls_aes_crypt_cbc &rArr; mbedtls_aes_crypt_ecb &rArr; mbedtls_internal_aes_encrypt
</UL>
<BR>[Calls]<UL><LI><a href="#[344]">&gt;&gt;</a>&nbsp;&nbsp;&nbsp;tuya_ble_md5_crypt
<LI><a href="#[101]">&gt;&gt;</a>&nbsp;&nbsp;&nbsp;memcmp
<LI><a href="#[8a]">&gt;&gt;</a>&nbsp;&nbsp;&nbsp;__aeabi_memclr
<LI><a href="#[ab]">&gt;&gt;</a>&nbsp;&nbsp;&nbsp;__aeabi_memcpy
<LI><a href="#[372]">&gt;&gt;</a>&nbsp;&nbsp;&nbsp;tuya_ble_generate_key1
</UL>
<BR>[Called By]<UL><LI><a href="#[331]">&gt;&gt;</a>&nbsp;&nbsp;&nbsp;tuya_ble_encryption
<LI><a href="#[334]">&gt;&gt;</a>&nbsp;&nbsp;&nbsp;tuya_ble_decryption
</UL>

<P><STRONG><a name="[cf]"></a>_fp_digits</STRONG> (Thumb, 366 bytes, Stack size 64 bytes, printfa.o(i._fp_digits), UNUSED)
<BR><BR>[Calls]<UL><LI><a href="#[8f]">&gt;&gt;</a>&nbsp;&nbsp;&nbsp;__aeabi_dmul
<LI><a href="#[91]">&gt;&gt;</a>&nbsp;&nbsp;&nbsp;__aeabi_ddiv
<LI><a href="#[9d]">&gt;&gt;</a>&nbsp;&nbsp;&nbsp;__aeabi_d2ulz
<LI><a href="#[87]">&gt;&gt;</a>&nbsp;&nbsp;&nbsp;__aeabi_uldivmod
<LI><a href="#[98]">&gt;&gt;</a>&nbsp;&nbsp;&nbsp;__aeabi_dadd
<LI><a href="#[cc]">&gt;&gt;</a>&nbsp;&nbsp;&nbsp;__aeabi_cdrcmple
</UL>
<BR>[Called By]<UL><LI><a href="#[bf]">&gt;&gt;</a>&nbsp;&nbsp;&nbsp;_printf_core
</UL>

<P><STRONG><a name="[bf]"></a>_printf_core</STRONG> (Thumb, 1744 bytes, Stack size 136 bytes, printfa.o(i._printf_core), UNUSED)
<BR><BR>[Calls]<UL><LI><a href="#[d0]">&gt;&gt;</a>&nbsp;&nbsp;&nbsp;_printf_pre_padding
<LI><a href="#[d1]">&gt;&gt;</a>&nbsp;&nbsp;&nbsp;_printf_post_padding
<LI><a href="#[cf]">&gt;&gt;</a>&nbsp;&nbsp;&nbsp;_fp_digits
<LI><a href="#[87]">&gt;&gt;</a>&nbsp;&nbsp;&nbsp;__aeabi_uldivmod
<LI><a href="#[d2]">&gt;&gt;</a>&nbsp;&nbsp;&nbsp;__aeabi_uidivmod
</UL>
<BR>[Called By]<UL><LI><a href="#[c1]">&gt;&gt;</a>&nbsp;&nbsp;&nbsp;__0vsnprintf
<LI><a href="#[c0]">&gt;&gt;</a>&nbsp;&nbsp;&nbsp;__0sprintf
<LI><a href="#[be]">&gt;&gt;</a>&nbsp;&nbsp;&nbsp;__0snprintf
</UL>

<P><STRONG><a name="[d1]"></a>_printf_post_padding</STRONG> (Thumb, 36 bytes, Stack size 24 bytes, printfa.o(i._printf_post_padding), UNUSED)
<BR><BR>[Called By]<UL><LI><a href="#[bf]">&gt;&gt;</a>&nbsp;&nbsp;&nbsp;_printf_core
</UL>

<P><STRONG><a name="[d0]"></a>_printf_pre_padding</STRONG> (Thumb, 46 bytes, Stack size 24 bytes, printfa.o(i._printf_pre_padding), UNUSED)
<BR><BR>[Called By]<UL><LI><a href="#[bf]">&gt;&gt;</a>&nbsp;&nbsp;&nbsp;_printf_core
</UL>

<P><STRONG><a name="[36]"></a>_snputc</STRONG> (Thumb, 22 bytes, Stack size 0 bytes, printfa.o(i._snputc))
<BR>[Address Reference Count : 2]<UL><LI> printfa.o(i.__0snprintf)
<LI> printfa.o(i.__0vsnprintf)
</UL>
<P><STRONG><a name="[37]"></a>_sputc</STRONG> (Thumb, 10 bytes, Stack size 0 bytes, printfa.o(i._sputc))
<BR><BR>[Called By]<UL><LI><a href="#[c0]">&gt;&gt;</a>&nbsp;&nbsp;&nbsp;__0sprintf
</UL>
<BR>[Address Reference Count : 1]<UL><LI> printfa.o(i.__0sprintf)
</UL><P>
<H3>
Undefined Global Symbols
</H3><HR></body></html>
