Component: ARM Compiler 5.06 update 6 (build 750) Tool: armlink [4d35ed]

==============================================================================

Section Cross References

    lock_common.o(i.lock_common_init) refers to app_ota.o(i.app_ota_init) for app_ota_init
    lock_common.o(i.lock_common_init) refers to app_port.o(i.app_port_local_clock_start) for app_port_local_clock_start
    lock_common.o(i.lock_common_init) refers to app_port.o(i.app_port_nv_init) for app_port_nv_init
    lock_common.o(i.lock_common_init) refers to app_common.o(i.app_common_init) for app_common_init
    lock_common.o(i.lock_factory_handler) refers to app_port.o(i.app_port_tuya_ble_device_factory_reset) for app_port_tuya_ble_device_factory_reset
    lock_common.o(i.lock_factory_handler) refers to app_flash.o(i.lock_flash_erease_all) for lock_flash_erease_all
    lock_hard.o(i.lock_hard_uart_simulate) refers to elog.o(i.elog_output) for elog_output
    lock_hard.o(i.lock_hard_uart_simulate) refers to suble_common.o(i.suble_log_hexdump_for_tuya_ble_sdk) for suble_log_hexdump_for_tuya_ble_sdk
    lock_hard.o(i.lock_hard_uart_simulate) refers to app_port.o(i.app_port_dp_data_report) for app_port_dp_data_report
    lock_hard.o(i.lock_hard_uart_simulate) refers to app_port.o(i.app_port_nv_set_default) for app_port_nv_set_default
    lock_hard.o(i.lock_hard_uart_simulate) refers to app_flash.o(i.lock_get_hardid) for lock_get_hardid
    lock_hard.o(i.lock_hard_uart_simulate) refers to lock_dp_report.o(i.lock_hard_creat_sub_report) for lock_hard_creat_sub_report
    lock_hard.o(i.lock_hard_uart_simulate) refers to app_flash.o(i.lock_hard_save_in_local_flash) for lock_hard_save_in_local_flash
    lock_hard.o(i.lock_hard_uart_simulate) refers to lock_dp_report.o(i.lock_open_record_report) for lock_open_record_report
    lock_hard.o(i.lock_hard_uart_simulate) refers to lock_dp_report.o(i.lock_alarm_record_report) for lock_alarm_record_report
    lock_hard.o(i.lock_hard_uart_simulate) refers to lock_dp_report.o(i.lock_state_sync_report) for lock_state_sync_report
    lock_hard.o(i.lock_hard_uart_simulate) refers to lock_dynamic_pwd.o(i.lock_dynamic_pwd_verify) for lock_dynamic_pwd_verify
    lock_hard.o(i.lock_hard_uart_simulate) refers to memseta.o(.text) for __aeabi_memset
    lock_hard.o(i.lock_hard_uart_simulate) refers to app_port.o(i.app_port_get_timestamp) for app_port_get_timestamp
    lock_hard.o(i.lock_hard_uart_simulate) refers to lock_offline_pwd.o(i.lock_offline_pwd_verify) for lock_offline_pwd_verify
    lock_hard.o(i.lock_hard_uart_simulate) refers to app_port.o(i.app_port_aes128_cbc_encrypt) for app_port_aes128_cbc_encrypt
    lock_hard.o(i.lock_hard_uart_simulate) refers to lock_hard.o(.constdata) for .constdata
    lock_hard.o(i.lock_hard_uart_simulate) refers to lock_hard.o(.data) for .data
    lock_hard.o(i.lock_hard_uart_simulate) refers to tuya_ble_main.o(.bss) for tuya_ble_current_para
    lock_hard.o(i.lock_hard_uart_simulate) refers to lock_dp_report.o(i.lock_open_record_report_offline_pwd) for lock_open_record_report_offline_pwd
    lock_hard.o(i.lock_hard_uart_simulate) refers to app_flash.o(i.lock_hard_load_by_password) for lock_hard_load_by_password
    lock_hard.o(i.lock_hard_uart_simulate) refers to suble_gpio.o(i.suble_gpio_open_with_common_pwd) for suble_gpio_open_with_common_pwd
    lock_hard.o(i.lock_hard_uart_simulate) refers to app_flash.o(i.lock_hard_load_by_temp_password) for lock_hard_load_by_temp_password
    lock_hard.o(i.lock_hard_uart_simulate) refers to suble_gpio.o(i.suble_gpio_open_with_tmp_pwd) for suble_gpio_open_with_tmp_pwd
    lock_hard.o(i.lock_hard_uart_simulate) refers to lock_common.o(i.lock_factory_handler) for lock_factory_handler
    lock_hard.o(i.lock_hard_uart_simulate) refers to lock_timer.o(i.lock_timer_start) for lock_timer_start
    lock_hard.o(i.lock_hard_uart_simulate) refers to app_port.o(i.app_port_dp_data_with_time_report) for app_port_dp_data_with_time_report
    lock_hard.o(i.lock_hard_uart_simulate) refers to app_active_report.o(i.app_active_report_finished_and_disconnect) for app_active_report_finished_and_disconnect
    lock_hard.o(i.lock_hard_uart_simulate) refers to app_active_report.o(i.app_active_report_start) for app_active_report_start
    lock_dp_parser.o(i.lock_dp_parser_handler) refers to memcpya.o(.text) for __aeabi_memcpy
    lock_dp_parser.o(i.lock_dp_parser_handler) refers to elog.o(i.elog_output) for elog_output
    lock_dp_parser.o(i.lock_dp_parser_handler) refers to suble_common.o(i.suble_log_hexdump_for_tuya_ble_sdk) for suble_log_hexdump_for_tuya_ble_sdk
    lock_dp_parser.o(i.lock_dp_parser_handler) refers to lock_dp_parser.o(i.open_meth_creat_handler) for open_meth_creat_handler
    lock_dp_parser.o(i.lock_dp_parser_handler) refers to lock_dp_parser.o(i.open_meth_delete_handler) for open_meth_delete_handler
    lock_dp_parser.o(i.lock_dp_parser_handler) refers to lock_dp_parser.o(i.open_meth_modify_handler) for open_meth_modify_handler
[...]
    0x000330ca   0x000330ca   0x00000014   Code   RO         8335    i.nrf_gpio_cfg_output  nrfx_uart.o
    0x000330de   0x000330de   0x00000022   Code   RO         8016    i.nrf_gpio_cfg_sense_set  nrfx_gpiote.o
    0x00033100   0x00033100   0x00000016   Code   RO         6193    i.nrf_gpio_pin_write  boards.o
    0x00033116   0x00033116   0x00000002   PAD
    0x00033118   0x00033118   0x00000028   Code   RO         8017    i.nrf_gpio_ports_read  nrfx_gpiote.o
    0x00033140   0x00033140   0x00000014   Code   RO         8018    i.nrf_gpiote_event_clear  nrfx_gpiote.o
    0x00033154   0x00033154   0x00000010   Code   RO         8019    i.nrf_gpiote_event_is_set  nrfx_gpiote.o
    0x00033164   0x00033164   0x0000005c   Code   RO        10545    i.nrf_log_backend_add  nrf_log_frontend.o
    0x000331c0   0x000331c0   0x00000002   Code   RO        10410    i.nrf_log_backend_rtt_flush  nrf_log_backend_rtt.o
    0x000331c2   0x000331c2   0x00000004   Code   RO        10411    i.nrf_log_backend_rtt_init  nrf_log_backend_rtt.o
    0x000331c6   0x000331c6   0x00000002   Code   RO        10412    i.nrf_log_backend_rtt_panic_set  nrf_log_backend_rtt.o
    0x000331c8   0x000331c8   0x00000018   Code   RO        10413    i.nrf_log_backend_rtt_put  nrf_log_backend_rtt.o
    0x000331e0   0x000331e0   0x000000c8   Code   RO        10469    i.nrf_log_backend_serial_put  nrf_log_backend_serial.o
    0x000332a8   0x000332a8   0x00000030   Code   RO        10547    i.nrf_log_color_id_get  nrf_log_frontend.o
    0x000332d8   0x000332d8   0x0000001c   Code   RO        10503    i.nrf_log_default_backends_init  nrf_log_default_backends.o
    0x000332f4   0x000332f4   0x00000204   Code   RO        10548    i.nrf_log_frontend_dequeue  nrf_log_frontend.o
    0x000334f8   0x000334f8   0x000000b0   Code   RO        10726    i.nrf_log_hexdump_entry_process  nrf_log_str_formatter.o
    0x000335a8   0x000335a8   0x0000003c   Code   RO        10557    i.nrf_log_init      nrf_log_frontend.o
    0x000335e4   0x000335e4   0x00000014   Code   RO        10558    i.nrf_log_module_cnt_get  nrf_log_frontend.o
    0x000335f8   0x000335f8   0x0000001c   Code   RO        10561    i.nrf_log_module_name_get  nrf_log_frontend.o
    0x00033614   0x00033614   0x0000002c   Code   RO        10562    i.nrf_log_panic     nrf_log_frontend.o
    0x00033640   0x00033640   0x000000b6   Code   RO        10727    i.nrf_log_std_entry_process  nrf_log_str_formatter.o
    0x000336f6   0x000336f6   0x00000060   Code   RO         9804    i.nrf_memobj_alloc  nrf_memobj.o
    0x00033756   0x00033756   0x00000032   Code   RO         9805    i.nrf_memobj_free   nrf_memobj.o
    0x00033788   0x00033788   0x00000008   Code   RO         9806    i.nrf_memobj_get    nrf_memobj.o
    0x00033790   0x00033790   0x00000004   Code   RO         9807    i.nrf_memobj_pool_init  nrf_memobj.o
    0x00033794   0x00033794   0x0000001e   Code   RO         9808    i.nrf_memobj_put    nrf_memobj.o
    0x000337b2   0x000337b2   0x00000010   Code   RO         9809    i.nrf_memobj_read   nrf_memobj.o
    0x000337c2   0x000337c2   0x00000010   Code   RO         9810    i.nrf_memobj_write  nrf_memobj.o
    0x000337d2   0x000337d2   0x00000002   PAD
    0x000337d4   0x000337d4   0x00000030   Code   RO         8655    i.nrf_nvmc_page_erase  nrf_nvmc.o
    0x00033804   0x00033804   0x00000044   Code   RO         8659    i.nrf_nvmc_write_words  nrf_nvmc.o
    0x00033848   0x00033848   0x00000028   Code   RO         9869    i.nrf_pwr_mgmt_init  nrf_pwr_mgmt.o
    0x00033870   0x00033870   0x00000044   Code   RO         9870    i.nrf_pwr_mgmt_run  nrf_pwr_mgmt.o
    0x000338b4   0x000338b4   0x0000001c   Code   RO         9946    i.nrf_ringbuf_init  nrf_ringbuf.o
    0x000338d0   0x000338d0   0x0000000c   Code   RO         8539    i.nrf_rtc_event_clear  nrfx_rtc.o
    0x000338dc   0x000338dc   0x00000014   Code   RO        11154    i.nrf_sdh_ble_app_ram_start_get  nrf_sdh_ble.o
    0x000338f0   0x000338f0   0x00000086   Code   RO        11155    i.nrf_sdh_ble_default_cfg_set  nrf_sdh_ble.o
    0x00033976   0x00033976   0x00000002   PAD
    0x00033978   0x00033978   0x00000014   Code   RO        11156    i.nrf_sdh_ble_enable  nrf_sdh_ble.o
    0x0003398c   0x0003398c   0x0000005c   Code   RO        11157    i.nrf_sdh_ble_evts_poll  nrf_sdh_ble.o
    0x000339e8   0x000339e8   0x00000054   Code   RO        11035    i.nrf_sdh_disable_request  nrf_sdh.o
    0x00033a3c   0x00033a3c   0x00000074   Code   RO        11036    i.nrf_sdh_enable_request  nrf_sdh.o
    0x00033ab0   0x00033ab0   0x00000024   Code   RO        11037    i.nrf_sdh_evts_poll  nrf_sdh.o
    0x00033ad4   0x00033ad4   0x0000000c   Code   RO        11038    i.nrf_sdh_is_enabled  nrf_sdh.o
    0x00033ae0   0x00033ae0   0x0000001c   Code   RO        11040    i.nrf_sdh_request_continue  nrf_sdh.o
    0x00033afc   0x00033afc   0x0000003c   Code   RO        11207    i.nrf_sdh_soc_evts_poll  nrf_sdh_soc.o
    0x00033b38   0x00033b38   0x0000000a   Code   RO        10004    i.nrf_section_iter_init  nrf_section_iter.o
    0x00033b42   0x00033b42   0x00000024   Code   RO        10005    i.nrf_section_iter_item_set  nrf_section_iter.o
    0x00033b66   0x00033b66   0x00000020   Code   RO        10006    i.nrf_section_iter_next  nrf_section_iter.o
    0x00033b86   0x00033b86   0x00000002   PAD
    0x00033b88   0x00033b88   0x00000038   Code   RO        10039    i.nrf_strerror_find  nrf_strerror.o
    0x00033bc0   0x00033bc0   0x00000014   Code   RO        10040    i.nrf_strerror_get  nrf_strerror.o
    0x00033bd4   0x00033bd4   0x0000000a   Code   RO         8336    i.nrf_uart_event_check  nrfx_uart.o
    0x00033bde   0x00033bde   0x0000000c   Code   RO         8337    i.nrf_uart_event_clear  nrfx_uart.o
    0x00033bea   0x00033bea   0x0000000c   Code   RO         8338    i.nrf_uart_int_enable_check  nrfx_uart.o
    0x00033bf6   0x00033bf6   0x00000002   PAD
    0x00033bf8   0x00033bf8   0x0000002c   Code   RO         7873    i.nrfx_clock_enable  nrfx_clock.o
    0x00033c24   0x00033c24   0x00000020   Code   RO         7876    i.nrfx_clock_init   nrfx_clock.o
    0x00033c44   0x00033c44   0x0000001c   Code   RO         7879    i.nrfx_clock_lfclk_stop  nrfx_clock.o
    0x00033c60   0x00033c60   0x00000010   Code   RO         5450    i.nrfx_coredep_delay_us  suble_timer.o
    0x00033c70   0x00033c70   0x00000010   Code   RO         9074    i.nrfx_coredep_delay_us  app_timer.o
    0x00033c80   0x00033c80   0x000000a4   Code   RO         8024    i.nrfx_gpiote_in_event_enable  nrfx_gpiote.o
    0x00033d24   0x00033d24   0x000000d0   Code   RO         8025    i.nrfx_gpiote_in_init  nrfx_gpiote.o
    0x00033df4   0x00033df4   0x00000014   Code   RO         8026    i.nrfx_gpiote_in_is_set  nrfx_gpiote.o
    0x00033e08   0x00033e08   0x0000006c   Code   RO         8028    i.nrfx_gpiote_init  nrfx_gpiote.o
    0x00033e74   0x00033e74   0x00000014   Code   RO         8029    i.nrfx_gpiote_is_init  nrfx_gpiote.o
    0x00033e88   0x00033e88   0x0000003a   Code   RO         8278    i.nrfx_prs_acquire  nrfx_prs.o
    0x00033ec2   0x00033ec2   0x00000012   Code   RO         8279    i.nrfx_prs_release  nrfx_prs.o
    0x00033ed4   0x00033ed4   0x00000018   Code   RO         8543    i.nrfx_rtc_enable   nrfx_rtc.o
    0x00033eec   0x00033eec   0x00000088   Code   RO         8544    i.nrfx_rtc_init     nrfx_rtc.o
    0x00033f74   0x00033f74   0x00000024   Code   RO         8549    i.nrfx_rtc_tick_enable  nrfx_rtc.o
    0x00033f98   0x00033f98   0x00000010   Code   RO         8339    i.nrfx_uart_0_irq_handler  nrfx_uart.o
    0x00033fa8   0x00033fa8   0x000000d0   Code   RO         8341    i.nrfx_uart_init    nrfx_uart.o
    0x00034078   0x00034078   0x000000ec   Code   RO         8342    i.nrfx_uart_rx      nrfx_uart.o
    0x00034164   0x00034164   0x000000a4   Code   RO         8347    i.nrfx_uart_tx      nrfx_uart.o
    0x00034208   0x00034208   0x00000020   Code   RO         8349    i.nrfx_uart_tx_in_progress  nrfx_uart.o
    0x00034228   0x00034228   0x000000b4   Code   RO         8350    i.nrfx_uart_uninit  nrfx_uart.o
    0x000342dc   0x000342dc   0x00000044   Code   RO         8707    i.nrfx_wdt_channel_alloc  nrfx_wdt.o
    0x00034320   0x00034320   0x00000018   Code   RO         8708    i.nrfx_wdt_channel_feed  nrfx_wdt.o
    0x00034338   0x00034338   0x0000001c   Code   RO         8709    i.nrfx_wdt_enable   nrfx_wdt.o
    0x00034354   0x00034354   0x00000050   Code   RO         8711    i.nrfx_wdt_init     nrfx_wdt.o
    0x000343a4   0x000343a4   0x00000052   Code   RO         2047    i.num_str_concatenate  fpe_str.o
    0x000343f6   0x000343f6   0x00000002   PAD
    0x000343f8   0x000343f8   0x00000040   Code   RO         2048    i.num_str_copy_of_range  fpe_str.o
    0x00034438   0x00034438   0x0000001e   Code   RO         2049    i.num_str_to_num    fpe_str.o
    0x00034456   0x00034456   0x00000002   PAD
    0x00034458   0x00034458   0x0000003e   Code   RO         2050    i.num_to_num_str    fpe_str.o
    0x00034496   0x00034496   0x0000000a   Code   RO         5712    i.nv_erase          sf_nv.o
    0x000344a0   0x000344a0   0x00000104   Code   RO         5713    i.nv_read           sf_nv.o
    0x000345a4   0x000345a4   0x00000108   Code   RO         5714    i.nv_write          sf_nv.o
    0x000346ac   0x000346ac   0x00000114   Code   RO         7290    i.on_characteristic_discovery_rsp  ble_db_discovery.o
    0x000347c0   0x000347c0   0x0000006a   Code   RO         7399    i.on_connect        ble_nus.o
    0x0003482a   0x0003482a   0x00000002   PAD
    0x0003482c   0x0003482c   0x000000f0   Code   RO         7291    i.on_descriptor_discovery_rsp  ble_db_discovery.o
    0x0003491c   0x0003491c   0x00000068   Code   RO         7292    i.on_primary_srv_discovery_rsp  ble_db_discovery.o
    0x00034984   0x00034984   0x0000007c   Code   RO         7293    i.on_srv_disc_completion  ble_db_discovery.o
    0x00034a00   0x00034a00   0x00000084   Code   RO         7400    i.on_write          ble_nus.o
    0x00034a84   0x00034a84   0x000002cc   Code   RO          634    i.open_meth_creat_handler  lock_dp_parser.o
    0x00034d50   0x00034d50   0x00000168   Code   RO          635    i.open_meth_delete_handler  lock_dp_parser.o
    0x00034eb8   0x00034eb8   0x00000170   Code   RO          636    i.open_meth_modify_handler  lock_dp_parser.o
    0x00035028   0x00035028   0x00000078   Code   RO          637    i.open_meth_sync_new_handler  lock_dp_parser.o
    0x000350a0   0x000350a0   0x00000014   Code   RO         5270    i.open_with_master_success_handler  suble_gpio.o
    0x000350b4   0x000350b4   0x00000018   Code   RO         8045    i.pin_in_use_by_port  nrfx_gpiote.o
    0x000350cc   0x000350cc   0x00000018   Code   RO         8046    i.pin_in_use_by_te  nrfx_gpiote.o
    0x000350e4   0x000350e4   0x0000003c   Code   RO        10729    i.postfix_process   nrf_log_str_formatter.o
    0x00035120   0x00035120   0x00000098   Code   RO        10730    i.prefix_process    nrf_log_str_formatter.o
    0x000351b8   0x000351b8   0x00000084   Code   RO         1968    i.prf               fpe_cipher.o
    0x0003523c   0x0003523c   0x00000018   Code   RO         8280    i.prs_box_get       nrfx_prs.o
    0x00035254   0x00035254   0x0000004c   Code   RO         3408    i.prvHeapInit       tuya_ble_heap.o
    0x000352a0   0x000352a0   0x0000004c   Code   RO         3409    i.prvInsertBlockIntoFreeList  tuya_ble_heap.o
    0x000352ec   0x000352ec   0x00000098   Code   RO         3410    i.pvTuyaPortMalloc  tuya_ble_heap.o
    0x00035384   0x00035384   0x00000014   Code   RO        10207    i.queue_free        nrf_fstorage_sd.o
    0x00035398   0x00035398   0x0000009c   Code   RO        10208    i.queue_process     nrf_fstorage_sd.o
    0x00035434   0x00035434   0x00000024   Code   RO        10209    i.queue_start       nrf_fstorage_sd.o
    0x00035458   0x00035458   0x0000000e   Code   RO        10210    i.read              nrf_fstorage_sd.o
    0x00035466   0x00035466   0x0000000e   Code   RO        10316    i.read              nrf_fstorage_nvmc.o
    0x00035474   0x00035474   0x00000038   Code   RO         7294    i.registered_handler_get  ble_db_discovery.o
    0x000354ac   0x000354ac   0x0000000a   Code   RO         2051    i.release_str       fpe_str.o
    0x000354b6   0x000354b6   0x00000006   Code   RO          805    i.reset_with_disconn2_outtime_cb  lock_timer.o
    0x000354bc   0x000354bc   0x00000004   Code   RO          806    i.reset_with_disconn2_outtime_cb_handler  lock_timer.o
    0x000354c0   0x000354c0   0x00000006   Code   RO          807    i.reset_with_disconn_outtime_cb  lock_timer.o
    0x000354c6   0x000354c6   0x00000010   Code   RO          808    i.reset_with_disconn_outtime_cb_handler  lock_timer.o
    0x000354d6   0x000354d6   0x00000004   Code   RO        10211    i.rmap              nrf_fstorage_sd.o
    0x000354da   0x000354da   0x00000004   Code   RO        10317    i.rmap              nrf_fstorage_nvmc.o
    0x000354de   0x000354de   0x00000002   PAD
    0x000354e0   0x000354e0   0x0000003c   Code   RO         9075    i.rtc1_stop         app_timer.o
    0x0003551c   0x0003551c   0x00000032   Code   RO         8351    i.rx_byte           nrfx_uart.o
    0x0003554e   0x0003554e   0x00000016   Code   RO         8352    i.rx_done_event     nrfx_uart.o
    0x00035564   0x00035564   0x00000020   Code   RO         8353    i.rx_enable         nrfx_uart.o
    0x00035584   0x00035584   0x0000002c   Code   RO         5859    i.sd_free           sf_mem.o
    0x000355b0   0x000355b0   0x00000050   Code   RO         5860    i.sd_malloc         sf_mem.o
    0x00035600   0x00035600   0x00000018   Code   RO         5861    i.sd_mem_init       sf_mem.o
    0x00035618   0x00035618   0x00000050   Code   RO         7553    i.sd_state_evt_handler  nrf_drv_clock.o
    0x00035668   0x00035668   0x00000030   Code   RO        11043    i.sdh_request_observer_notify  nrf_sdh.o
    0x00035698   0x00035698   0x0000002c   Code   RO        11044    i.sdh_state_observer_notify  nrf_sdh.o
    0x000356c4   0x000356c4   0x00000010   Code   RO         6722    i.send_error_evt    ble_conn_params.o
    0x000356d4   0x000356d4   0x00000050   Code   RO        10414    i.serial_tx         nrf_log_backend_rtt.o
    0x00035724   0x00035724   0x00000030   Code   RO         6978    i.set_security_req  ble_srv_common.o
    0x00035754   0x00035754   0x00000014   Code   RO        11304    i.settings_backup   nrf_dfu_settings.o
    0x00035768   0x00035768   0x0000000a   Code   RO        11305    i.settings_crc_get  nrf_dfu_settings.o
    0x00035772   0x00035772   0x00000050   Code   RO        11306    i.settings_write    nrf_dfu_settings.o
    0x000357c2   0x000357c2   0x0000000c   Code   RO         5793    i.sf_free           sf_port.o
    0x000357ce   0x000357ce   0x00000004   Code   RO         5796    i.sf_malloc         sf_port.o
    0x000357d2   0x000357d2   0x00000004   Code   RO         5797    i.sf_mem_init       sf_port.o
    0x000357d6   0x000357d6   0x00000002   PAD
    0x000357d8   0x000357d8   0x00000020   Code   RO         5715    i.sf_next_unit_addr  sf_nv.o
    0x000357f8   0x000357f8   0x000000b0   Code   RO         5716    i.sf_nv_delete      sf_nv.o
    0x000358a8   0x000358a8   0x000001a0   Code   RO         5717    i.sf_nv_init        sf_nv.o
    0x00035a48   0x00035a48   0x000000d0   Code   RO         5718    i.sf_nv_read        sf_nv.o
    0x00035b18   0x00035b18   0x00000344   Code   RO         5720    i.sf_nv_write       sf_nv.o
    0x00035e5c   0x00035e5c   0x0000000a   Code   RO         5798    i.sf_port_flash_erase  sf_port.o
    0x00035e66   0x00035e66   0x0000000a   Code   RO         5799    i.sf_port_flash_read  sf_port.o
    0x00035e70   0x00035e70   0x0000000a   Code   RO         5800    i.sf_port_flash_write  sf_port.o
    0x00035e7a   0x00035e7a   0x00000002   PAD
    0x00035e7c   0x00035e7c   0x00000018   Code   RO         7554    i.soc_evt_handler   nrf_drv_clock.o
    0x00035e94   0x00035e94   0x00000038   Code   RO        11045    i.softdevice_evt_irq_disable  nrf_sdh.o
    0x00035ecc   0x00035ecc   0x00000058   Code   RO        11046    i.softdevices_evt_irq_enable  nrf_sdh.o
    0x00035f24   0x00035f24   0x0000006e   Code   RO        11972    i.sqrt              m_wm.l(sqrt.o)
    0x00035f92   0x00035f92   0x00000002   PAD
    0x00035f94   0x00035f94   0x00000088   Code   RO         4948    i.suble_adv_init    suble_adv_scan.o
    0x0003601c   0x0003601c   0x00000080   Code   RO         4949    i.suble_adv_param_set  suble_adv_scan.o
    0x0003609c   0x0003609c   0x00000094   Code   RO         4950    i.suble_adv_start   suble_adv_scan.o
    0x00036130   0x00036130   0x0000000c   Code   RO         4951    i.suble_adv_state_update  suble_adv_scan.o
    0x0003613c   0x0003613c   0x00000094   Code   RO         4952    i.suble_adv_stop    suble_adv_scan.o
    0x000361d0   0x000361d0   0x00000054   Code   RO         4953    i.suble_adv_update_advDataAndScanRsp  suble_adv_scan.o
    0x00036224   0x00036224   0x000004a8   Code   RO         5042    i.suble_ble_evt_handler  suble_gap.o
    0x000366cc   0x000366cc   0x0000002e   Code   RO         5043    i.suble_ble_stack_init  suble_gap.o
    0x000366fa   0x000366fa   0x00000002   PAD
    0x000366fc   0x000366fc   0x00000048   Code   RO         2622    i.suble_connect_result_handler  tuya_ble_master.o
    0x00036744   0x00036744   0x0000001c   Code   RO         5166    i.suble_db_discovery_init  suble_svc.o
    0x00036760   0x00036760   0x0000002c   Code   RO         5167    i.suble_db_discovery_start  suble_svc.o
    0x0003678c   0x0003678c   0x00000016   Code   RO         5451    i.suble_delay_ms    suble_timer.o
    0x000367a2   0x000367a2   0x00000002   PAD
    0x000367a4   0x000367a4   0x0000000c   Code   RO         4836    i.suble_enter_critical  suble_common.o
    0x000367b0   0x000367b0   0x0000000c   Code   RO         4837    i.suble_exit_critical  suble_common.o
    0x000367bc   0x000367bc   0x0000014c   Code   RO         5382    i.suble_flash_erase  suble_flash.o
    0x00036908   0x00036908   0x0000003c   Code   RO         5383    i.suble_flash_init  suble_flash.o
    0x00036944   0x00036944   0x0000002c   Code   RO         5384    i.suble_flash_read  suble_flash.o
    0x00036970   0x00036970   0x00000174   Code   RO         5385    i.suble_flash_write  suble_flash.o
    0x00036ae4   0x00036ae4   0x00000044   Code   RO         5045    i.suble_gap_conn_param_update  suble_gap.o
    0x00036b28   0x00036b28   0x000000a0   Code   RO         5046    i.suble_gap_connect  suble_gap.o
    0x00036bc8   0x00036bc8   0x00000004   Code   RO         5048    i.suble_gap_disconnect  suble_gap.o
    0x00036bcc   0x00036bcc   0x0000009c   Code   RO         5049    i.suble_gap_disconnect_for_tuya_ble_sdk  suble_gap.o
    0x00036c68   0x00036c68   0x0000001c   Code   RO         5050    i.suble_gap_get_bt_mac  suble_gap.o
    0x00036c84   0x00036c84   0x00000114   Code   RO         5051    i.suble_gap_init_bt_mac  suble_gap.o
    0x00036d98   0x00036d98   0x00000068   Code   RO         5052    i.suble_gap_params_init  suble_gap.o
    0x00036e00   0x00036e00   0x00000094   Code   RO         5053    i.suble_gap_reconnect  suble_gap.o
    0x00036e94   0x00036e94   0x00000048   Code   RO         5054    i.suble_gap_set_bt_mac  suble_gap.o
    0x00036edc   0x00036edc   0x00000020   Code   RO         5055    i.suble_gatt_init   suble_gap.o
    0x00036efc   0x00036efc   0x00000018   Code   RO         5455    i.suble_get_old_timestamp  suble_timer.o
    0x00036f14   0x00036f14   0x00000014   Code   RO         5457    i.suble_get_timestamp  suble_timer.o
    0x00036f28   0x00036f28   0x00000028   Code   RO         5271    i.suble_gpio_init   suble_gpio.o
    0x00036f50   0x00036f50   0x000000d8   Code   RO         5272    i.suble_gpio_open_with_common_pwd  suble_gpio.o
    0x00037028   0x00037028   0x000000d8   Code   RO         5273    i.suble_gpio_open_with_tmp_pwd  suble_gpio.o
    0x00037100   0x00037100   0x0000002e   Code   RO         4838    i.suble_init_func   suble_common.o
    0x0003712e   0x0003712e   0x00000002   PAD
    0x00037130   0x00037130   0x00000044   Code   RO         5458    i.suble_local_timer_start  suble_timer.o
    0x00037174   0x00037174   0x00000004   Code   RO         4841    i.suble_log_hexdump_for_tuya_ble_sdk  suble_common.o
    0x00037178   0x00037178   0x0000000e   Code   RO         4842    i.suble_log_init    suble_common.o
    0x00037186   0x00037186   0x00000004   Code   RO         4843    i.suble_mainloop    suble_common.o
    0x0003718a   0x0003718a   0x00000002   PAD
    0x0003718c   0x0003718c   0x0000004c   Code   RO         2623    i.suble_master_evt_handler  tuya_ble_master.o
    0x000371d8   0x000371d8   0x00000024   Code   RO         5459    i.suble_rtc_handler  suble_timer.o
    0x000371fc   0x000371fc   0x0000019c   Code   RO         4954    i.suble_scan_evt_handler  suble_adv_scan.o
    0x00037398   0x00037398   0x00000030   Code   RO         4955    i.suble_scan_init   suble_adv_scan.o
    0x000373c8   0x000373c8   0x00000068   Code   RO         4956    i.suble_scan_param_set  suble_adv_scan.o
    0x00037430   0x00037430   0x0000002c   Code   RO         2624    i.suble_scan_result_handler  tuya_ble_master.o
    0x0003745c   0x0003745c   0x000000a0   Code   RO         4957    i.suble_scan_start  suble_adv_scan.o
    0x000374fc   0x000374fc   0x00000084   Code   RO         4958    i.suble_scan_stop   suble_adv_scan.o
    0x00037580   0x00037580   0x00000020   Code   RO         5168    i.suble_svc_c_handle_assign  suble_svc.o
    0x000375a0   0x000375a0   0x00000020   Code   RO         5169    i.suble_svc_c_init  suble_svc.o
    0x000375c0   0x000375c0   0x00000028   Code   RO         5170    i.suble_svc_c_send_data  suble_svc.o
    0x000375e8   0x000375e8   0x00000020   Code   RO         5171    i.suble_svc_init    suble_svc.o
    0x00037608   0x00037608   0x00000010   Code   RO         5174    i.suble_svc_receive_data  suble_svc.o
    0x00037618   0x00037618   0x00000028   Code   RO         2625    i.suble_svc_result_handler  tuya_ble_master.o
    0x00037640   0x00037640   0x000000dc   Code   RO         5175    i.suble_svc_send_data  suble_svc.o
    0x0003771c   0x0003771c   0x00000030   Code   RO         4844    i.suble_system_reset  suble_common.o
    0x0003774c   0x0003774c   0x00000002   Code   RO         5683    i.suble_test_func   suble_test.o
    0x0003774e   0x0003774e   0x00000002   PAD
    0x00037750   0x00037750   0x000000dc   Code   RO         5460    i.suble_timer_create  suble_timer.o
    0x0003782c   0x0003782c   0x000000c0   Code   RO         5463    i.suble_timer_start  suble_timer.o
    0x000378ec   0x000378ec   0x00000012   Code   RO         5464    i.suble_timer_stop  suble_timer.o
    0x000378fe   0x000378fe   0x00000002   PAD
    0x00037900   0x00037900   0x00000048   Code   RO         5330    i.suble_uart1_init  suble_uart.o
    0x00037948   0x00037948   0x000000b8   Code   RO         5331    i.suble_uart1_send  suble_uart.o
    0x00037a00   0x00037a00   0x00000010   Code   RO         5465    i.suble_update_timestamp  suble_timer.o
    0x00037a10   0x00037a10   0x00000018   Code   RO         5578    i.suble_util_check_sum8  suble_util.o
    0x00037a28   0x00037a28   0x00000040   Code   RO         5579    i.suble_util_crc16  suble_util.o
    0x00037a68   0x00037a68   0x0000003c   Code   RO         5580    i.suble_util_crc32  suble_util.o
    0x00037aa4   0x00037aa4   0x00000026   Code   RO         5581    i.suble_util_numarray2int  suble_util.o
    0x00037aca   0x00037aca   0x0000001e   Code   RO         5582    i.suble_util_reverse_byte  suble_util.o
    0x00037ae8   0x00037ae8   0x00000098   Code   RO         5584    i.suble_util_str_hexchar2int  suble_util.o
    0x00037b80   0x00037b80   0x00000036   Code   RO         5585    i.suble_util_str_hexstr2hexarray  suble_util.o
    0x00037bb6   0x00037bb6   0x00000036   Code   RO         5588    i.suble_util_str_intstr2int  suble_util.o
    0x00037bec   0x00037bec   0x0000000c   Code   RO         4845    i.suble_wdt_feed    suble_common.o
    0x00037bf8   0x00037bf8   0x00000038   Code   RO         4846    i.suble_wdt_init    suble_common.o
    0x00037c30   0x00037c30   0x0000003a   Code   RO         3729    i.sys_settings_crc_ok  tuya_ble_storage.o
    0x00037c6a   0x00037c6a   0x00000002   PAD
    0x00037c6c   0x00037c6c   0x00000120   Code   RO          638    i.temp_pw_creat_handler  lock_dp_parser.o
    0x00037d8c   0x00037d8c   0x00000110   Code   RO          639    i.temp_pw_delete_handler  lock_dp_parser.o
    0x00037e9c   0x00037e9c   0x00000110   Code   RO          640    i.temp_pw_modify_handler  lock_dp_parser.o
    0x00037fac   0x00037fac   0x00000080   Code   RO         9076    i.timer_list_handler  app_timer.o
    0x0003802c   0x0003802c   0x0000003c   Code   RO         9077    i.timer_list_insert  app_timer.o
    0x00038068   0x00038068   0x00000060   Code   RO         9078    i.timer_list_remove  app_timer.o
    0x000380c8   0x000380c8   0x00000048   Code   RO         9079    i.timer_stop_op_schedule  app_timer.o
    0x00038110   0x00038110   0x00000074   Code   RO         9080    i.timer_timeouts_check  app_timer.o
    0x00038184   0x00038184   0x00000032   Code   RO         2052    i.to_byte_str       fpe_str.o
    0x000381b6   0x000381b6   0x00000002   PAD
    0x000381b8   0x000381b8   0x00000050   Code   RO         2053    i.to_byte_str_with_bignum  fpe_str.o
    0x00038208   0x00038208   0x00000006   Code   RO         4193    i.trsmitr_init      tuya_ble_mutli_tsf_protocol.o
    0x0003820e   0x0003820e   0x00000106   Code   RO         4194    i.trsmitr_recv_pkg_decode  tuya_ble_mutli_tsf_protocol.o
    0x00038314   0x00038314   0x000000ec   Code   RO         4195    i.trsmitr_send_pkg_encode  tuya_ble_mutli_tsf_protocol.o
    0x00038400   0x00038400   0x00000066   Code   RO        11506    i.tuya_ble_Add_Pkcs  tuya_ble_sdk_lib_arm_m4f.lib(tuya_ble_secure.o)
    0x00038466   0x00038466   0x00000002   PAD
    0x00038468   0x00038468   0x00000134   Code   RO         3469    i.tuya_ble_adv_change  tuya_ble_main.o
    0x0003859c   0x0003859c   0x00000048   Code   RO         2310    i.tuya_ble_aes128_cbc_decrypt  tuya_ble_port_bk3431q.o
    0x000385e4   0x000385e4   0x00000048   Code   RO         2311    i.tuya_ble_aes128_cbc_encrypt  tuya_ble_port_bk3431q.o
    0x0003862c   0x0003862c   0x0000004a   Code   RO         2313    i.tuya_ble_aes128_ecb_encrypt  tuya_ble_port_bk3431q.o
    0x00038676   0x00038676   0x00000002   PAD
    0x00038678   0x00038678   0x0000001c   Code   RO         3847    i.tuya_ble_air_recv_packet_free  tuya_ble_data_handler.o
    0x00038694   0x00038694   0x000000cc   Code   RO         2118    i.tuya_ble_app_data_process  tuya_ble_app_demo.o
    0x00038760   0x00038760   0x0000000c   Code   RO         2119    i.tuya_ble_app_evt_send  tuya_ble_app_demo.o
    0x0003876c   0x0003876c   0x000000a0   Code   RO         2120    i.tuya_ble_app_evt_send_with_data  tuya_ble_app_demo.o
    0x0003880c   0x0003880c   0x00000124   Code   RO         2121    i.tuya_ble_app_init  tuya_ble_app_demo.o
    0x00038930   0x00038930   0x0000000c   Code   RO         2122    i.tuya_ble_app_master_evt_register  tuya_ble_app_demo.o
    0x0003893c   0x0003893c   0x00000012   Code   RO         4394    i.tuya_ble_app_production_test_process  tuya_ble_app_production_test.o
    0x0003894e   0x0003894e   0x0000001e   Code   RO         3248    i.tuya_ble_buffer_value_is_all_x  tuya_ble_utils.o
    0x0003896c   0x0003896c   0x00000030   Code   RO         2761    i.tuya_ble_callback_queue_register  tuya_ble_api.o
    0x0003899c   0x0003899c   0x0000001c   Code   RO         3471    i.tuya_ble_cb_event_send  tuya_ble_main.o
    0x000389b8   0x000389b8   0x00000016   Code   RO         3251    i.tuya_ble_check_sum  tuya_ble_utils.o
    0x000389ce   0x000389ce   0x00000002   PAD
    0x000389d0   0x000389d0   0x000001cc   Code   RO         3848    i.tuya_ble_commData_send  tuya_ble_data_handler.o
    0x00038b9c   0x00038b9c   0x00000158   Code   RO         3849    i.tuya_ble_commonData_rx_proc  tuya_ble_data_handler.o
    0x00038cf4   0x00038cf4   0x00000110   Code   RO         2762    i.tuya_ble_common_uart_data_unpack  tuya_ble_api.o
    0x00038e04   0x00038e04   0x00000004   Code   RO         2314    i.tuya_ble_common_uart_init  tuya_ble_port_bk3431q.o
    0x00038e08   0x00038e08   0x00000094   Code   RO         2763    i.tuya_ble_common_uart_receive_data  tuya_ble_api.o
    0x00038e9c   0x00038e9c   0x0000000a   Code   RO         2315    i.tuya_ble_common_uart_send_data  tuya_ble_port_bk3431q.o
    0x00038ea6   0x00038ea6   0x00000002   PAD
    0x00038ea8   0x00038ea8   0x0000000c   Code   RO         2765    i.tuya_ble_connect_monitor_timer_start  tuya_ble_api.o
    0x00038eb4   0x00038eb4   0x0000000c   Code   RO         2766    i.tuya_ble_connect_monitor_timer_stop  tuya_ble_api.o
    0x00038ec0   0x00038ec0   0x0000000c   Code   RO         3472    i.tuya_ble_connect_status_get  tuya_ble_main.o
    0x00038ecc   0x00038ecc   0x00000018   Code   RO         3473    i.tuya_ble_connect_status_set  tuya_ble_main.o
    0x00038ee4   0x00038ee4   0x0000001a   Code   RO         2767    i.tuya_ble_connected_handler  tuya_ble_api.o
    0x00038efe   0x00038efe   0x00000002   PAD
    0x00038f00   0x00038f00   0x00000040   Code   RO         3252    i.tuya_ble_crc16_compute  tuya_ble_utils.o
    0x00038f40   0x00038f40   0x0000003c   Code   RO         3253    i.tuya_ble_crc32_compute  tuya_ble_utils.o
    0x00038f7c   0x00038f7c   0x00000002   Code   RO         2283    i.tuya_ble_custom_app_uart_common_process  tuya_ble_app_uart_module_handler.o
    0x00038f7e   0x00038f7e   0x00000002   PAD
    0x00038f80   0x00038f80   0x00000034   Code   RO         3474    i.tuya_ble_custom_event_send  tuya_ble_main.o
    0x00038fb4   0x00038fb4   0x00000056   Code   RO         2768    i.tuya_ble_data_passthrough  tuya_ble_api.o
    0x0003900a   0x0003900a   0x00000002   PAD
    0x0003900c   0x0003900c   0x000000b0   Code   RO        11507    i.tuya_ble_decryption  tuya_ble_sdk_lib_arm_m4f.lib(tuya_ble_secure.o)
    0x000390bc   0x000390bc   0x00000038   Code   RO         3674    i.tuya_ble_dequeue  tuya_ble_queue.o
    0x000390f4   0x000390f4   0x00000004   Code   RO         2317    i.tuya_ble_device_enter_critical  tuya_ble_port_bk3431q.o
    0x000390f8   0x000390f8   0x00000004   Code   RO         2318    i.tuya_ble_device_exit_critical  tuya_ble_port_bk3431q.o
    0x000390fc   0x000390fc   0x0000001a   Code   RO         2769    i.tuya_ble_device_factory_reset  tuya_ble_api.o
    0x00039116   0x00039116   0x00000094   Code   RO         3254    i.tuya_ble_device_id_16_to_20  tuya_ble_utils.o
    0x000391aa   0x000391aa   0x00000098   Code   RO         3255    i.tuya_ble_device_id_20_to_16  tuya_ble_utils.o
    0x00039242   0x00039242   0x00000058   Code   RO        11508    i.tuya_ble_device_id_encrypt  tuya_ble_sdk_lib_arm_m4f.lib(tuya_ble_secure.o)
    0x0003929a   0x0003929a   0x0000003e   Code   RO        11509    i.tuya_ble_device_id_key_generate  tuya_ble_sdk_lib_arm_m4f.lib(tuya_ble_secure.o)
    0x000392d8   0x000392d8   0x0000000a   Code   RO         2319    i.tuya_ble_device_reset  tuya_ble_port_bk3431q.o
    0x000392e2   0x000392e2   0x00000002   PAD
    0x000392e4   0x000392e4   0x0000002c   Code   RO         3850    i.tuya_ble_device_unbond  tuya_ble_data_handler.o
    0x00039310   0x00039310   0x0000001a   Code   RO         2774    i.tuya_ble_disconnected_handler  tuya_ble_api.o
    0x0003932a   0x0003932a   0x00000074   Code   RO         2775    i.tuya_ble_dp_data_report  tuya_ble_api.o
    0x0003939e   0x0003939e   0x00000078   Code   RO         2777    i.tuya_ble_dp_data_with_time_report  tuya_ble_api.o
    0x00039416   0x00039416   0x00000052   Code   RO        11510    i.tuya_ble_encrypt_old_with_key  tuya_ble_sdk_lib_arm_m4f.lib(tuya_ble_secure.o)
    0x00039468   0x00039468   0x00000080   Code   RO        11511    i.tuya_ble_encryption  tuya_ble_sdk_lib_arm_m4f.lib(tuya_ble_secure.o)
    0x000394e8   0x000394e8   0x00000038   Code   RO         3675    i.tuya_ble_enqueue  tuya_ble_queue.o
    0x00039520   0x00039520   0x00000020   Code   RO         3475    i.tuya_ble_event_init  tuya_ble_main.o
    0x00039540   0x00039540   0x000000c6   Code   RO        11512    i.tuya_ble_event_process  tuya_ble_sdk_lib_arm_m4f.lib(tuya_ble_secure.o)
    0x00039606   0x00039606   0x00000002   PAD
    0x00039608   0x00039608   0x00000010   Code   RO         3609    i.tuya_ble_event_queue_init  tuya_ble_event.o
    0x00039618   0x00039618   0x0000000e   Code   RO         3476    i.tuya_ble_event_send  tuya_ble_main.o
    0x00039626   0x00039626   0x00000002   PAD
    0x00039628   0x00039628   0x00000220   Code   RO         3851    i.tuya_ble_evt_process  tuya_ble_data_handler.o
    0x00039848   0x00039848   0x0000000e   Code   RO         3568    i.tuya_ble_free     tuya_ble_mem.o
    0x00039856   0x00039856   0x0000000c   Code   RO         2320    i.tuya_ble_gap_addr_get  tuya_ble_port_bk3431q.o
    0x00039862   0x00039862   0x0000000a   Code   RO         2321    i.tuya_ble_gap_addr_set  tuya_ble_port_bk3431q.o
    0x0003986c   0x0003986c   0x00000020   Code   RO         2322    i.tuya_ble_gap_advertising_adv_data_update  tuya_ble_port_bk3431q.o
    0x0003988c   0x0003988c   0x00000020   Code   RO         2323    i.tuya_ble_gap_advertising_scan_rsp_data_update  tuya_ble_port_bk3431q.o
    0x000398ac   0x000398ac   0x0000000a   Code   RO         2324    i.tuya_ble_gap_disconnect  tuya_ble_port_bk3431q.o
    0x000398b6   0x000398b6   0x0000002e   Code   RO         2778    i.tuya_ble_gatt_receive_data  tuya_ble_api.o
    0x000398e4   0x000398e4   0x0000000a   Code   RO         2325    i.tuya_ble_gatt_send_data  tuya_ble_port_bk3431q.o
    0x000398ee   0x000398ee   0x00000002   PAD
    0x000398f0   0x000398f0   0x00000054   Code   RO         4135    i.tuya_ble_gatt_send_data_enqueue  tuya_ble_gatt_send_queue.o
    0x00039944   0x00039944   0x00000074   Code   RO         4136    i.tuya_ble_gatt_send_data_handle  tuya_ble_gatt_send_queue.o
    0x000399b8   0x000399b8   0x00000024   Code   RO         4137    i.tuya_ble_gatt_send_queue_free  tuya_ble_gatt_send_queue.o
    0x000399dc   0x000399dc   0x0000001c   Code   RO         4138    i.tuya_ble_gatt_send_queue_init  tuya_ble_gatt_send_queue.o
    0x000399f8   0x000399f8   0x00000048   Code   RO        11513    i.tuya_ble_generate_key1  tuya_ble_sdk_lib_arm_m4f.lib(tuya_ble_secure.o)
    0x00039a40   0x00039a40   0x00000010   Code   RO         3477    i.tuya_ble_get_adv_connect_request_bit_status  tuya_ble_main.o
    0x00039a50   0x00039a50   0x00000004   Code   RO         3676    i.tuya_ble_get_queue_used  tuya_ble_queue.o
    0x00039a54   0x00039a54   0x00000002   Code   RO         3988    i.tuya_ble_handle_anomaly_unbound_response_evt  tuya_ble_event_handler.o
    0x00039a56   0x00039a56   0x00000020   Code   RO         3989    i.tuya_ble_handle_ble_cmd_evt  tuya_ble_event_handler.o
    0x00039a76   0x00039a76   0x00000004   Code   RO         3990    i.tuya_ble_handle_ble_data_evt  tuya_ble_event_handler.o
    0x00039a7a   0x00039a7a   0x00000002   PAD
    0x00039a7c   0x00039a7c   0x0000006c   Code   RO         3991    i.tuya_ble_handle_connect_change_evt  tuya_ble_event_handler.o
    0x00039ae8   0x00039ae8   0x00000040   Code   RO         3993    i.tuya_ble_handle_data_passthrough_evt  tuya_ble_event_handler.o
    0x00039b28   0x00039b28   0x00000044   Code   RO         3994    i.tuya_ble_handle_data_prod_test_response_evt  tuya_ble_event_handler.o
    0x00039b6c   0x00039b6c   0x00000118   Code   RO         3852    i.tuya_ble_handle_dev_info_req  tuya_ble_data_handler.o
    0x00039c84   0x00039c84   0x00000034   Code   RO         3995    i.tuya_ble_handle_device_info_update_evt  tuya_ble_event_handler.o
    0x00039cb8   0x00039cb8   0x00000002   Code   RO         3996    i.tuya_ble_handle_device_reset_response_evt  tuya_ble_event_handler.o
    0x00039cba   0x00039cba   0x00000032   Code   RO         3997    i.tuya_ble_handle_dp_data_reported_evt  tuya_ble_event_handler.o
    0x00039cec   0x00039cec   0x00000072   Code   RO         3998    i.tuya_ble_handle_dp_data_with_time_reported_evt  tuya_ble_event_handler.o
    0x00039d5e   0x00039d5e   0x0000006a   Code   RO         3999    i.tuya_ble_handle_dp_data_with_time_string_reported_evt  tuya_ble_event_handler.o
    0x00039dc8   0x00039dc8   0x0000006e   Code   RO         3853    i.tuya_ble_handle_dp_query_req  tuya_ble_data_handler.o
    0x00039e36   0x00039e36   0x000000a4   Code   RO         3854    i.tuya_ble_handle_dp_write_req  tuya_ble_data_handler.o
    0x00039eda   0x00039eda   0x00000002   PAD
    0x00039edc   0x00039edc   0x0000002c   Code   RO         4000    i.tuya_ble_handle_factory_reset_evt  tuya_ble_event_handler.o
    0x00039f08   0x00039f08   0x00000084   Code   RO         3855    i.tuya_ble_handle_net_config_info_req  tuya_ble_data_handler.o
    0x00039f8c   0x00039f8c   0x0000002e   Code   RO         4001    i.tuya_ble_handle_net_config_response_evt  tuya_ble_event_handler.o
    0x00039fba   0x00039fba   0x0000008c   Code   RO         3856    i.tuya_ble_handle_ota_req  tuya_ble_data_handler.o
    0x0003a046   0x0003a046   0x00000050   Code   RO         4002    i.tuya_ble_handle_ota_response_evt  tuya_ble_event_handler.o
    0x0003a096   0x0003a096   0x00000002   PAD
    0x0003a098   0x0003a098   0x00000134   Code   RO         3857    i.tuya_ble_handle_pair_req  tuya_ble_data_handler.o
    0x0003a1cc   0x0003a1cc   0x0000002e   Code   RO         4003    i.tuya_ble_handle_time_request_evt  tuya_ble_event_handler.o
    0x0003a1fa   0x0003a1fa   0x00000054   Code   RO         4004    i.tuya_ble_handle_uart_cmd_evt  tuya_ble_event_handler.o
    0x0003a24e   0x0003a24e   0x00000002   Code   RO         4005    i.tuya_ble_handle_unbound_response_evt  tuya_ble_event_handler.o
    0x0003a250   0x0003a250   0x0000007c   Code   RO         3858    i.tuya_ble_handle_unix_time_char_ms_resp  tuya_ble_data_handler.o
    0x0003a2cc   0x0003a2cc   0x000000a2   Code   RO         3859    i.tuya_ble_handle_unix_time_date_resp  tuya_ble_data_handler.o
    0x0003a36e   0x0003a36e   0x00000028   Code   RO         3478    i.tuya_ble_inter_event_response  tuya_ble_main.o
    0x0003a396   0x0003a396   0x00000002   PAD
    0x0003a398   0x0003a398   0x0000000c   Code   RO         4396    i.tuya_ble_internal_production_test_with_ble_flag_clear  tuya_ble_app_production_test.o
    0x0003a3a4   0x0003a3a4   0x0000000c   Code   RO         3261    i.tuya_ble_is_word_aligned_tuya  tuya_ble_utils.o
    0x0003a3b0   0x0003a3b0   0x00000194   Code   RO         2626    i.tuya_ble_key_generate  tuya_ble_master.o
    0x0003a544   0x0003a544   0x000001a8   Code   RO        11514    i.tuya_ble_key_generate  tuya_ble_sdk_lib_arm_m4f.lib(tuya_ble_secure.o)
    0x0003a6ec   0x0003a6ec   0x00000004   Code   RO         3479    i.tuya_ble_main_tasks_exec  tuya_ble_main.o
    0x0003a6f0   0x0003a6f0   0x00000016   Code   RO         3570    i.tuya_ble_malloc   tuya_ble_mem.o
    0x0003a706   0x0003a706   0x00000002   PAD
    0x0003a708   0x0003a708   0x00000350   Code   RO         2627    i.tuya_ble_master_commData_send  tuya_ble_master.o
    0x0003aa58   0x0003aa58   0x000003ac   Code   RO         2628    i.tuya_ble_master_commonData_rx_proc  tuya_ble_master.o
    0x0003ae04   0x0003ae04   0x0000000c   Code   RO         2629    i.tuya_ble_master_connect_monitor_timer_stop  tuya_ble_master.o
    0x0003ae10   0x0003ae10   0x0000024c   Code   RO         2630    i.tuya_ble_master_data_passthrough_with_phone  tuya_ble_master.o
    0x0003b05c   0x0003b05c   0x000000a0   Code   RO         2631    i.tuya_ble_master_decryption  tuya_ble_master.o
    0x0003b0fc   0x0003b0fc   0x000000b0   Code   RO         2632    i.tuya_ble_master_encryption  tuya_ble_master.o
    0x0003b1ac   0x0003b1ac   0x00000068   Code   RO         2633    i.tuya_ble_master_info_init  tuya_ble_master.o
    0x0003b214   0x0003b214   0x00000094   Code   RO         2634    i.tuya_ble_master_open_with_master  tuya_ble_master.o
    0x0003b2a8   0x0003b2a8   0x00000004   Code   RO         2514    i.tuya_ble_master_port_connect  tuya_ble_master_port.o
    0x0003b2ac   0x0003b2ac   0x00000004   Code   RO         2515    i.tuya_ble_master_port_db_discovery_start  tuya_ble_master_port.o
    0x0003b2b0   0x0003b2b0   0x00000004   Code   RO         2516    i.tuya_ble_master_port_delete_slave_info  tuya_ble_master_port.o
    0x0003b2b4   0x0003b2b4   0x00000010   Code   RO         2517    i.tuya_ble_master_port_disconnect  tuya_ble_master_port.o
    0x0003b2c4   0x0003b2c4   0x00000004   Code   RO         2518    i.tuya_ble_master_port_evt_register  tuya_ble_master_port.o
    0x0003b2c8   0x0003b2c8   0x00000004   Code   RO         2520    i.tuya_ble_master_port_nv_delete  tuya_ble_master_port.o
    0x0003b2cc   0x0003b2cc   0x00000004   Code   RO         2521    i.tuya_ble_master_port_nv_read  tuya_ble_master_port.o
    0x0003b2d0   0x0003b2d0   0x00000004   Code   RO         2522    i.tuya_ble_master_port_nv_write  tuya_ble_master_port.o
    0x0003b2d4   0x0003b2d4   0x00000004   Code   RO         2524    i.tuya_ble_master_port_scan_start  tuya_ble_master_port.o
    0x0003b2d8   0x0003b2d8   0x00000004   Code   RO         2525    i.tuya_ble_master_port_scan_stop  tuya_ble_master_port.o
    0x0003b2dc   0x0003b2dc   0x000001d4   Code   RO         2635    i.tuya_ble_master_receive_data_from_slave_decrypt  tuya_ble_master.o
    0x0003b4b0   0x0003b4b0   0x0000001c   Code   RO         2636    i.tuya_ble_master_reset_ble_sn  tuya_ble_master.o
    0x0003b4cc   0x0003b4cc   0x000001f4   Code   RO         2637    i.tuya_ble_master_scan_finish_handler  tuya_ble_master.o
    0x0003b6c0   0x0003b6c0   0x00000030   Code   RO         2638    i.tuya_ble_master_scan_start  tuya_ble_master.o
    0x0003b6f0   0x0003b6f0   0x00000084   Code   RO         2639    i.tuya_ble_master_send_data  tuya_ble_master.o
    0x0003b774   0x0003b774   0x0000001c   Code   RO         2640    i.tuya_ble_master_timer_conncet_monitor_callback  tuya_ble_master.o
    0x0003b790   0x0003b790   0x00000034   Code   RO         2328    i.tuya_ble_md5_crypt  tuya_ble_port_bk3431q.o
    0x0003b7c4   0x0003b7c4   0x0000000c   Code   RO         3610    i.tuya_ble_message_send  tuya_ble_event.o
    0x0003b7d0   0x0003b7d0   0x0000007a   Code   RO         3804    i.tuya_ble_mytime_2_utc_sec  tuya_ble_unix_time.o
    0x0003b84a   0x0003b84a   0x00000014   Code   RO         2329    i.tuya_ble_nv_erase  tuya_ble_port_bk3431q.o
    0x0003b85e   0x0003b85e   0x00000004   Code   RO         2330    i.tuya_ble_nv_init  tuya_ble_port_bk3431q.o
    0x0003b862   0x0003b862   0x0000000a   Code   RO         2331    i.tuya_ble_nv_read  tuya_ble_port_bk3431q.o
    0x0003b86c   0x0003b86c   0x0000000a   Code   RO         2332    i.tuya_ble_nv_write  tuya_ble_port_bk3431q.o
    0x0003b876   0x0003b876   0x0000005c   Code   RO         2780    i.tuya_ble_ota_response  tuya_ble_api.o
    0x0003b8d2   0x0003b8d2   0x00000002   PAD
    0x0003b8d4   0x0003b8d4   0x0000000c   Code   RO         3860    i.tuya_ble_ota_status_get  tuya_ble_data_handler.o
    0x0003b8e0   0x0003b8e0   0x00000020   Code   RO         3862    i.tuya_ble_pair_rand_clear  tuya_ble_data_handler.o
    0x0003b900   0x0003b900   0x0000000c   Code   RO         3863    i.tuya_ble_pair_rand_valid_get  tuya_ble_data_handler.o
    0x0003b90c   0x0003b90c   0x0000001e   Code   RO         3677    i.tuya_ble_queue_decrease  tuya_ble_queue.o
    0x0003b92a   0x0003b92a   0x0000000a   Code   RO         3678    i.tuya_ble_queue_flush  tuya_ble_queue.o
    0x0003b934   0x0003b934   0x00000020   Code   RO         3679    i.tuya_ble_queue_get  tuya_ble_queue.o
    0x0003b954   0x0003b954   0x0000001a   Code   RO         3680    i.tuya_ble_queue_init  tuya_ble_queue.o
    0x0003b96e   0x0003b96e   0x00000002   PAD
    0x0003b970   0x0003b970   0x00000034   Code   RO         2333    i.tuya_ble_rand_generator  tuya_ble_port_bk3431q.o
    0x0003b9a4   0x0003b9a4   0x00000024   Code   RO        11515    i.tuya_ble_register_key_generate  tuya_ble_sdk_lib_arm_m4f.lib(tuya_ble_secure.o)
    0x0003b9c8   0x0003b9c8   0x0000001c   Code   RO         3864    i.tuya_ble_reset_ble_sn  tuya_ble_data_handler.o
    0x0003b9e4   0x0003b9e4   0x00000004   Code   RO         2335    i.tuya_ble_rtc_set_timestamp  tuya_ble_port_bk3431q.o
    0x0003b9e8   0x0003b9e8   0x00000060   Code   RO         3611    i.tuya_ble_sched_event_put  tuya_ble_event.o
    0x0003ba48   0x0003ba48   0x00000028   Code   RO         3612    i.tuya_ble_sched_init  tuya_ble_event.o
    0x0003ba70   0x0003ba70   0x00000214   Code   RO         2123    i.tuya_ble_sdk_callback  tuya_ble_app_demo.o
    0x0003bc84   0x0003bc84   0x000000e4   Code   RO         2785    i.tuya_ble_sdk_init  tuya_ble_api.o
    0x0003bd68   0x0003bd68   0x0000000c   Code   RO         3865    i.tuya_ble_set_device_version  tuya_ble_data_handler.o
    0x0003bd74   0x0003bd74   0x0000001c   Code   RO         3866    i.tuya_ble_set_external_mcu_version  tuya_ble_data_handler.o
    0x0003bd90   0x0003bd90   0x00000060   Code   RO         3730    i.tuya_ble_storage_init  tuya_ble_storage.o
    0x0003bdf0   0x0003bdf0   0x0000016c   Code   RO         3731    i.tuya_ble_storage_load_settings  tuya_ble_storage.o
    0x0003bf5c   0x0003bf5c   0x00000054   Code   RO         3733    i.tuya_ble_storage_save_auth_settings  tuya_ble_storage.o
    0x0003bfb0   0x0003bfb0   0x0000005c   Code   RO         3734    i.tuya_ble_storage_save_sys_settings  tuya_ble_storage.o
    0x0003c00c   0x0003c00c   0x0000000a   Code   RO         2336    i.tuya_ble_timer_create  tuya_ble_port_bk3431q.o
    0x0003c016   0x0003c016   0x0000000a   Code   RO         2339    i.tuya_ble_timer_start  tuya_ble_port_bk3431q.o
    0x0003c020   0x0003c020   0x0000000a   Code   RO         2340    i.tuya_ble_timer_stop  tuya_ble_port_bk3431q.o
    0x0003c02a   0x0003c02a   0x00000002   PAD
    0x0003c02c   0x0003c02c   0x000000e8   Code   RO         4459    i.tuya_ble_uart_common_mcu_ota_data_from_ble_handler  tuya_ble_app_uart_common_handler.o
    0x0003c114   0x0003c114   0x000000bc   Code   RO         4460    i.tuya_ble_uart_common_mcu_ota_data_from_uart_handler  tuya_ble_app_uart_common_handler.o
    0x0003c1d0   0x0003c1d0   0x0000002c   Code   RO         4461    i.tuya_ble_uart_common_process  tuya_ble_app_uart_common_handler.o
    0x0003c1fc   0x0003c1fc   0x00000090   Code   RO         3805    i.tuya_ble_utc_sec_2_mytime  tuya_ble_unix_time.o
    0x0003c28c   0x0003c28c   0x0000007c   Code   RO         2787    i.tuya_ble_vtimer_conncet_monitor_callback  tuya_ble_api.o
    0x0003c308   0x0003c308   0x00000044   Code   RO         3616    i.tuya_sched_execute  tuya_ble_event.o
    0x0003c34c   0x0003c34c   0x00000020   Code   RO         8354    i.tx_byte           nrfx_uart.o
    0x0003c36c   0x0003c36c   0x0000001a   Code   RO         8355    i.tx_done_event     nrfx_uart.o
    0x0003c386   0x0003c386   0x00000002   PAD
    0x0003c388   0x0003c388   0x000000a8   Code   RO         5334    i.uart1_rx_handler  suble_uart.o
    0x0003c430   0x0003c430   0x000000a0   Code   RO         9233    i.uart_event_handler  app_uart_fifo.o
    0x0003c4d0   0x0003c4d0   0x00000030   Code   RO         7685    i.uart_evt_handler  nrf_drv_uart.o
    0x0003c500   0x0003c500   0x00000128   Code   RO         8356    i.uart_irq_handler  nrfx_uart.o
    0x0003c628   0x0003c628   0x00000020   Code   RO        10212    i.uninit            nrf_fstorage_sd.o
    0x0003c648   0x0003c648   0x00000010   Code   RO        10318    i.uninit            nrf_fstorage_nvmc.o
    0x0003c658   0x0003c658   0x000000b4   Code   RO         9766    i.unsigned_print    nrf_fprintf_format.o
    0x0003c70c   0x0003c70c   0x0000002e   Code   RO         5721    i.update_area_header  sf_nv.o
    0x0003c73a   0x0003c73a   0x00000002   PAD
    0x0003c73c   0x0003c73c   0x00000030   Code   RO         9081    i.user_op_alloc     app_timer.o
    0x0003c76c   0x0003c76c   0x00000040   Code   RO         3411    i.vTuyaPortFree     tuya_ble_heap.o
    0x0003c7ac   0x0003c7ac   0x00000208   Code   RO          934    i.verify_dynamic_pwd_token  lock_dynamic_pwd.o
    0x0003c9b4   0x0003c9b4   0x00000070   Code   RO         4847    i.wdt_event_handler  suble_common.o
    0x0003ca24   0x0003ca24   0x00000004   Code   RO        10213    i.wmap              nrf_fstorage_sd.o
    0x0003ca28   0x0003ca28   0x00000004   Code   RO        10319    i.wmap              nrf_fstorage_nvmc.o
    0x0003ca2c   0x0003ca2c   0x00000050   Code   RO        10214    i.write             nrf_fstorage_sd.o
    0x0003ca7c   0x0003ca7c   0x00000044   Code   RO        10320    i.write             nrf_fstorage_nvmc.o
    0x0003cac0   0x0003cac0   0x00000018   Data   RO          558    .constdata          lock_hard.o
    0x0003cad8   0x0003cad8   0x000000a5   Data   RO          642    .constdata          lock_dp_parser.o
    0x0003cb7d   0x0003cb7d   0x00000018   Data   RO          711    .constdata          lock_dp_report.o
    0x0003cb95   0x0003cb95   0x00000029   Data   RO          810    .constdata          lock_timer.o
    0x0003cbbe   0x0003cbbe   0x0000002a   Data   RO          935    .constdata          lock_dynamic_pwd.o
    0x0003cbe8   0x0003cbe8   0x0000007e   Data   RO          978    .constdata          lock_offline_pwd.o
    0x0003cc66   0x0003cc66   0x0000000e   Data   RO         1145    .constdata          app_flash.o
    0x0003cc74   0x0003cc74   0x00000083   Data   RO         1339    .constdata          app_ota.o
    0x0003ccf7   0x0003ccf7   0x00000061   Data   RO         1421    .constdata          app_active_report.o
    0x0003cd58   0x0003cd58   0x00000014   Data   RO         1473    .constdata          app_test.o
    0x0003cd6c   0x0003cd6c   0x00000061   Data   RO         1585    .constdata          app_port.o
    0x0003cdcd   0x0003cdcd   0x00000003   PAD
    0x0003cdd0   0x0003cdd0   0x00000010   Data   RO         1877    .constdata          sha1.o
    0x0003cde0   0x0003cde0   0x00000008   Data   RO         1969    .constdata          fpe_cipher.o
    0x0003cde8   0x0003cde8   0x00000010   Data   RO         2054    .constdata          fpe_str.o
    0x0003cdf8   0x0003cdf8   0x0000007a   Data   RO         2126    .constdata          tuya_ble_app_demo.o
    0x0003ce72   0x0003ce72   0x000000db   Data   RO         2642    .constdata          tuya_ble_master.o
    0x0003cf4d   0x0003cf4d   0x00000029   Data   RO         2789    .constdata          tuya_ble_api.o
    0x0003cf76   0x0003cf76   0x00000002   PAD
    0x0003cf78   0x0003cf78   0x00000004   Data   RO         3270    .constdata          tuya_ble_utils.o
    0x0003cf7c   0x0003cf7c   0x0000003a   Data   RO         3481    .constdata          tuya_ble_main.o
    0x0003cfb6   0x0003cfb6   0x0000000c   Data   RO         3807    .constdata          tuya_ble_unix_time.o
    0x0003cfc2   0x0003cfc2   0x00000002   PAD
    0x0003cfc4   0x0003cfc4   0x00002228   Data   RO         4508    .constdata          aes.o
    0x0003f1ec   0x0003f1ec   0x0000002c   Data   RO         4848    .constdata          suble_common.o
    0x0003f218   0x0003f218   0x00000057   Data   RO         4960    .constdata          suble_adv_scan.o
    0x0003f26f   0x0003f26f   0x00000063   Data   RO         5058    .constdata          suble_gap.o
    0x0003f2d2   0x0003f2d2   0x0000003b   Data   RO         5178    .constdata          suble_svc.o
    0x0003f30d   0x0003f30d   0x0000006c   Data   RO         5275    .constdata          suble_gpio.o
    0x0003f379   0x0003f379   0x00000003   PAD
    0x0003f37c   0x0003f37c   0x0000003d   Data   RO         5336    .constdata          suble_uart.o
    0x0003f3b9   0x0003f3b9   0x00000007   PAD
    0x0003f3c0   0x0003f3c0   0x0000003f   Data   RO         5387    .constdata          suble_flash.o
    0x0003f3ff   0x0003f3ff   0x00000001   PAD
    0x0003f400   0x0003f400   0x00000064   Data   RO         5467    .constdata          suble_timer.o
    0x0003f464   0x0003f464   0x00000004   Data   RO         5589    .constdata          suble_util.o
    0x0003f468   0x0003f468   0x00000033   Data   RO         5723    .constdata          sf_nv.o
    0x0003f49b   0x0003f49b   0x0000008c   Data   RO         5916    .constdata          elog.o
    0x0003f527   0x0003f527   0x00000023   Data   RO         6042    .constdata          elog_utils.o
    0x0003f54a   0x0003f54a   0x00000018   Data   RO         6146    .constdata          main.o
    0x0003f562   0x0003f562   0x00000008   Data   RO         6194    .constdata          boards.o
    0x0003f56a   0x0003f56a   0x00000002   PAD
    0x0003f56c   0x0003f56c   0x0000002c   Data   RO         6317    .constdata          bsp.o
    0x0003f598   0x0003f598   0x00000016   Data   RO         7040    .constdata          nrf_ble_gatt.o
    0x0003f5ae   0x0003f5ae   0x00000002   PAD
    0x0003f5b0   0x0003f5b0   0x0000007c   Data   RO         7296    .constdata          ble_db_discovery.o
    0x0003f62c   0x0003f62c   0x00000010   Data   RO         7401    .constdata          ble_nus.o
    0x0003f63c   0x0003f63c   0x00000028   Data   RO         7463    .constdata          ble_nus_c.o
    0x0003f664   0x0003f664   0x00000004   Data   RO         8048    .constdata          nrfx_gpiote.o
    0x0003f668   0x0003f668   0x00000004   Data   RO         8359    .constdata          nrfx_uart.o
    0x0003f66c   0x0003f66c   0x00000008   Data   RO         8784    .constdata          app_button.o
    0x0003f674   0x0003f674   0x0000000c   PAD
    0x0003f680   0x0003f680   0x00000006   Data   RO         9083    .constdata          app_timer.o
    0x0003f686   0x0003f686   0x00000002   PAD
    0x0003f688   0x0003f688   0x00000020   Data   RO         9235    .constdata          app_uart_fifo.o
    0x0003f6a8   0x0003f6a8   0x00000010   Data   RO         9767    .constdata          nrf_fprintf_format.o
    0x0003f6b8   0x0003f6b8   0x00000018   Data   RO         9874    .constdata          nrf_pwr_mgmt.o
    0x0003f6d0   0x0003f6d0   0x0000000c   Data   RO         9875    .constdata          nrf_pwr_mgmt.o
    0x0003f6dc   0x0003f6dc   0x0000013c   Data   RO        10041    .constdata          nrf_strerror.o
    0x0003f818   0x0003f818   0x00000010   Data   RO        10217    .constdata          nrf_fstorage_sd.o
    0x0003f828   0x0003f828   0x00000020   Data   RO        10218    .constdata          nrf_fstorage_sd.o
    0x0003f848   0x0003f848   0x0000000c   Data   RO        10321    .constdata          nrf_fstorage_nvmc.o
    0x0003f854   0x0003f854   0x00000020   Data   RO        10322    .constdata          nrf_fstorage_nvmc.o
    0x0003f874   0x0003f874   0x0000000c   Data   RO        10416    .constdata          nrf_log_backend_rtt.o
    0x0003f880   0x0003f880   0x00000006   Data   RO        10417    .constdata          nrf_log_backend_rtt.o
    0x0003f886   0x0003f886   0x00000002   PAD
    0x0003f888   0x0003f888   0x0000000c   Data   RO        10569    .constdata          nrf_log_frontend.o
    0x0003f894   0x0003f894   0x00000010   Data   RO        11047    .constdata          nrf_sdh.o
    0x0003f8a4   0x0003f8a4   0x00000028   Data   RO        11048    .constdata          nrf_sdh.o
    0x0003f8cc   0x0003f8cc   0x00000010   Data   RO        11049    .constdata          nrf_sdh.o
    0x0003f8dc   0x0003f8dc   0x00000010   Data   RO        11050    .constdata          nrf_sdh.o
    0x0003f8ec   0x0003f8ec   0x00000020   Data   RO        11158    .constdata          nrf_sdh_ble.o
    0x0003f90c   0x0003f90c   0x00000010   Data   RO        11159    .constdata          nrf_sdh_ble.o
    0x0003f91c   0x0003f91c   0x00000010   Data   RO        11208    .constdata          nrf_sdh_soc.o
    0x0003f92c   0x0003f92c   0x0000000c   Data   RO        11209    .constdata          nrf_sdh_soc.o
    0x0003f938   0x0003f938   0x00000088   Data   RO        11601    .constdata          m_wm.l(pow.o)
    0x0003f9c0   0x0003f9c0   0x00000081   Data   RO        11620    .constdata          mc_w.l(ctype_o.o)
    0x0003fa41   0x0003fa41   0x00000003   PAD
    0x0003fa44   0x0003fa44   0x00000004   Data   RO        11621    .constdata          mc_w.l(ctype_o.o)
    0x0003fa48   0x0003fa48   0x00000008   Data   RO        11969    .constdata          m_wm.l(qnan.o)
    0x0003fa50   0x0003fa50   0x0000004a   Data   RO          811    .conststring        lock_timer.o
    0x0003fa9a   0x0003fa9a   0x00000002   PAD
    0x0003fa9c   0x0003fa9c   0x00000044   Data   RO         1340    .conststring        app_ota.o
    0x0003fae0   0x0003fae0   0x00000042   Data   RO         1422    .conststring        app_active_report.o
    0x0003fb22   0x0003fb22   0x00000002   PAD
    0x0003fb24   0x0003fb24   0x00000049   Data   RO         2127    .conststring        tuya_ble_app_demo.o
    0x0003fb6d   0x0003fb6d   0x00000003   PAD
    0x0003fb70   0x0003fb70   0x0000012b   Data   RO         2643    .conststring        tuya_ble_master.o
    0x0003fc9b   0x0003fc9b   0x00000001   PAD
    0x0003fc9c   0x0003fc9c   0x00000043   Data   RO         2790    .conststring        tuya_ble_api.o
    0x0003fcdf   0x0003fcdf   0x00000001   PAD
    0x0003fce0   0x0003fce0   0x000000a3   Data   RO         5059    .conststring        suble_gap.o
    0x0003fd83   0x0003fd83   0x00000001   PAD
    0x0003fd84   0x0003fd84   0x00000069   Data   RO         5388    .conststring        suble_flash.o
    0x0003fded   0x0003fded   0x00000003   PAD
    0x0003fdf0   0x0003fdf0   0x00000017   Data   RO         5917    .conststring        elog.o
    0x0003fe07   0x0003fe07   0x00000001   PAD
    0x0003fe08   0x0003fe08   0x000003eb   Data   RO        10042    .conststring        nrf_strerror.o
    0x000401f3   0x000401f3   0x00000001   PAD
    0x000401f4   0x000401f4   0x00000066   Data   RO        10731    .conststring        nrf_log_str_formatter.o
    0x0004025a   0x0004025a   0x00000002   PAD
    0x0004025c   0x0004025c   0x0000000d   Data   RO         7041    .conststrlit        nrf_ble_gatt.o
    0x00040269   0x00040269   0x00000003   PAD
    0x0004026c   0x0004026c   0x00000009   Data   RO         7179    .conststrlit        nrf_ble_scan.o
    0x00040275   0x00040275   0x00000003   PAD
    0x00040278   0x00040278   0x0000000c   Data   RO         7297    .conststrlit        ble_db_discovery.o
    0x00040284   0x00040284   0x00000008   Data   RO         7402    .conststrlit        ble_nus.o
    0x0004028c   0x0004028c   0x0000000a   Data   RO         7464    .conststrlit        ble_nus_c.o
    0x00040296   0x00040296   0x00000002   PAD
    0x00040298   0x00040298   0x00000006   Data   RO         7560    .conststrlit        nrf_drv_clock.o
    0x0004029e   0x0004029e   0x00000002   PAD
    0x000402a0   0x000402a0   0x00000006   Data   RO         7883    .conststrlit        nrfx_clock.o
    0x000402a6   0x000402a6   0x00000002   PAD
    0x000402a8   0x000402a8   0x00000007   Data   RO         8052    .conststrlit        nrfx_gpiote.o
    0x000402af   0x000402af   0x00000001   PAD
    0x000402b0   0x000402b0   0x00000004   Data   RO         8282    .conststrlit        nrfx_prs.o
    0x000402b4   0x000402b4   0x00000005   Data   RO         8362    .conststrlit        nrfx_uart.o
    0x000402b9   0x000402b9   0x00000003   PAD
    0x000402bc   0x000402bc   0x00000004   Data   RO         8554    .conststrlit        nrfx_rtc.o
    0x000402c0   0x000402c0   0x00000004   Data   RO         8714    .conststrlit        nrfx_wdt.o
    0x000402c4   0x000402c4   0x00000009   Data   RO         9876    .conststrlit        nrf_pwr_mgmt.o
    0x000402cd   0x000402cd   0x00000003   PAD
    0x000402d0   0x000402d0   0x0000000d   Data   RO        10125    .conststrlit        nrf_fstorage.o
    0x000402dd   0x000402dd   0x00000003   PAD
    0x000402e0   0x000402e0   0x00000010   Data   RO        10504    .conststrlit        nrf_log_default_backends.o
    0x000402f0   0x000402f0   0x00000004   Data   RO        10570    .conststrlit        nrf_log_frontend.o
    0x000402f4   0x000402f4   0x00000008   Data   RO        11051    .conststrlit        nrf_sdh.o
    0x000402fc   0x000402fc   0x0000000c   Data   RO        11160    .conststrlit        nrf_sdh_ble.o
    0x00040308   0x00040308   0x0000000c   Data   RO        11210    .conststrlit        nrf_sdh_soc.o
    0x00040314   0x00040314   0x0000000e   Data   RO        11246    .conststrlit        nrf_dfu_flash.o
    0x00040322   0x00040322   0x00000002   PAD
    0x00040324   0x00040324   0x00000011   Data   RO        11311    .conststrlit        nrf_dfu_settings.o
    0x00040335   0x00040335   0x00000003   PAD
    0x00040338   0x00040338   0x00000020   Data   RO        12036    Region$$Table       anon$$obj.o
    0x00040358   0x00040358   0x00000010   Data   RO        10506    log_backends        nrf_log_default_backends.o
    0x00040368   0x00040368   0x00000008   Data   RO         7042    log_const_data      nrf_ble_gatt.o
    0x00040370   0x00040370   0x00000008   Data   RO         7180    log_const_data      nrf_ble_scan.o
    0x00040378   0x00040378   0x00000008   Data   RO         7299    log_const_data      ble_db_discovery.o
    0x00040380   0x00040380   0x00000008   Data   RO         7403    log_const_data      ble_nus.o
    0x00040388   0x00040388   0x00000008   Data   RO         7465    log_const_data      ble_nus_c.o
    0x00040390   0x00040390   0x00000008   Data   RO         7561    log_const_data      nrf_drv_clock.o
    0x00040398   0x00040398   0x00000008   Data   RO         7885    log_const_data      nrfx_clock.o
    0x000403a0   0x000403a0   0x00000008   Data   RO         8053    log_const_data      nrfx_gpiote.o
    0x000403a8   0x000403a8   0x00000008   Data   RO         8284    log_const_data      nrfx_prs.o
    0x000403b0   0x000403b0   0x00000008   Data   RO         8363    log_const_data      nrfx_uart.o
    0x000403b8   0x000403b8   0x00000008   Data   RO         8556    log_const_data      nrfx_rtc.o
    0x000403c0   0x000403c0   0x00000008   Data   RO         8716    log_const_data      nrfx_wdt.o
    0x000403c8   0x000403c8   0x00000008   Data   RO         9878    log_const_data      nrf_pwr_mgmt.o
    0x000403d0   0x000403d0   0x00000008   Data   RO        10126    log_const_data      nrf_fstorage.o
    0x000403d8   0x000403d8   0x00000008   Data   RO        10573    log_const_data      nrf_log_frontend.o
    0x000403e0   0x000403e0   0x00000008   Data   RO        11053    log_const_data      nrf_sdh.o
    0x000403e8   0x000403e8   0x00000008   Data   RO        11162    log_const_data      nrf_sdh_ble.o
    0x000403f0   0x000403f0   0x00000008   Data   RO        11211    log_const_data      nrf_sdh_soc.o
    0x000403f8   0x000403f8   0x00000008   Data   RO        11249    log_const_data      nrf_dfu_flash.o
    0x00040400   0x00040400   0x00000008   Data   RO        11313    log_const_data      nrf_dfu_settings.o
    0x00040408   0x00040408   0x00000014   Data   RO        10574    nrf_balloc          nrf_log_frontend.o
    0x0004041c   0x0004041c   0x00000008   Data   RO         6810    sdh_ble_observers0  ble_conn_state.o
    0x00040424   0x00040424   0x00000008   Data   RO         4962    sdh_ble_observers1  suble_adv_scan.o
    0x0004042c   0x0004042c   0x00000008   Data   RO         5061    sdh_ble_observers1  suble_gap.o
    0x00040434   0x00040434   0x00000008   Data   RO         5183    sdh_ble_observers1  suble_svc.o
    0x0004043c   0x0004043c   0x00000008   Data   RO         6420    sdh_ble_observers1  bsp_btn_ble.o
    0x00040444   0x00040444   0x00000008   Data   RO         6726    sdh_ble_observers1  ble_conn_params.o
    0x0004044c   0x0004044c   0x00000010   Data   RO         5184    sdh_ble_observers2  suble_svc.o
    0x0004045c   0x0004045c   0x00000008   Data   RO         5062    sdh_ble_observers3  suble_gap.o
    0x00040464   0x00040464   0x00000008   Data   RO        10220    sdh_req_observers0  nrf_fstorage_sd.o
    0x0004046c   0x0004046c   0x00000008   Data   RO         7562    sdh_soc_observers0  nrf_drv_clock.o
    0x00040474   0x00040474   0x00000008   Data   RO        10221    sdh_soc_observers0  nrf_fstorage_sd.o
    0x0004047c   0x0004047c   0x00000008   Data   RO        11163    sdh_stack_observers0  nrf_sdh_ble.o
    0x00040484   0x00040484   0x00000008   Data   RO        11212    sdh_stack_observers0  nrf_sdh_soc.o
    0x0004048c   0x0004048c   0x00000008   Data   RO         7563    sdh_state_observers0  nrf_drv_clock.o
    0x00040494   0x00040494   0x00000008   Data   RO        10222    sdh_state_observers0  nrf_fstorage_sd.o


    Execution Region RW_IRAM1 (Exec base: 0x20002a98, Load base: 0x0004049c, Size: 0x000079c0, Max: 0x0000d568, ABSOLUTE, COMPRESSED[0x000000ec])

    Exec Addr    Load Addr    Size         Type   Attr      Idx    E Section Name        Object

    0x20002a98   COMPRESSED   0x00000002   Data   RW          559    .data               lock_hard.o
    0x20002a9a   COMPRESSED   0x00000002   PAD
    0x20002a9c   COMPRESSED   0x00000004   Data   RW          712    .data               lock_dp_report.o
    0x20002aa0   COMPRESSED   0x00000008   Data   RW          979    .data               lock_offline_pwd.o
    0x20002aa8   COMPRESSED   0x0000000b   Data   RW         1146    .data               app_flash.o
    0x20002ab3   COMPRESSED   0x00000006   Data   RW         1147    .data               app_flash.o
    0x20002ab9   COMPRESSED   0x00000003   PAD
    0x20002abc   COMPRESSED   0x00000010   Data   RW         1341    .data               app_ota.o
    0x20002acc   COMPRESSED   0x00000002   Data   RW         1423    .data               app_active_report.o
    0x20002ace   COMPRESSED   0x00000004   Data   RW         1474    .data               app_test.o
    0x20002ad2   COMPRESSED   0x00000002   PAD
    0x20002ad4   COMPRESSED   0x00000074   Data   RW         2128    .data               tuya_ble_app_demo.o
    0x20002b48   COMPRESSED   0x00000038   Data   RW         2644    .data               tuya_ble_master.o
    0x20002b80   COMPRESSED   0x00000010   Data   RW         2791    .data               tuya_ble_api.o
    0x20002b90   COMPRESSED   0x00000018   Data   RW         3416    .data               tuya_ble_heap.o
    0x20002ba8   COMPRESSED   0x00000008   Data   RW         3482    .data               tuya_ble_main.o
    0x20002bb0   COMPRESSED   0x0000000c   Data   RW         3618    .data               tuya_ble_event.o
    0x20002bbc   COMPRESSED   0x00000034   Data   RW         3868    .data               tuya_ble_data_handler.o
    0x20002bf0   COMPRESSED   0x00000001   Data   RW         4140    .data               tuya_ble_gatt_send_queue.o
    0x20002bf1   COMPRESSED   0x00000001   Data   RW         4196    .data               tuya_ble_mutli_tsf_protocol.o
    0x20002bf2   COMPRESSED   0x00000001   Data   RW         4401    .data               tuya_ble_app_production_test.o
    0x20002bf3   COMPRESSED   0x00000001   Data   RW         4463    .data               tuya_ble_app_uart_common_handler.o
    0x20002bf4   COMPRESSED   0x00000004   Data   RW         4509    .data               aes.o
    0x20002bf8   COMPRESSED   0x00000002   Data   RW         4849    .data               suble_common.o
    0x20002bfa   COMPRESSED   0x00000002   PAD
    0x20002bfc   COMPRESSED   0x00000070   Data   RW         4961    .data               suble_adv_scan.o
    0x20002c6c   COMPRESSED   0x00000020   Data   RW         5060    .data               suble_gap.o
    0x20002c8c   COMPRESSED   0x00000008   Data   RW         5179    .data               suble_svc.o
    0x20002c94   COMPRESSED   0x000002f8   Data   RW         5180    .data               suble_svc.o
    0x20002f8c   COMPRESSED   0x00000008   Data   RW         5182    .data               suble_svc.o
    0x20002f94   COMPRESSED   0x00000002   Data   RW         5276    .data               suble_gpio.o
    0x20002f96   COMPRESSED   0x00000002   PAD
    0x20002f98   COMPRESSED   0x00000004   Data   RW         5389    .data               suble_flash.o
    0x20002f9c   COMPRESSED   0x00000010   Data   RW         5468    .data               suble_timer.o
    0x20002fac   COMPRESSED   0x00000014   Data   RW         5724    .data               sf_nv.o
    0x20002fc0   COMPRESSED   0x0000001c   Data   RW         5918    .data               elog.o
    0x20002fdc   COMPRESSED   0x00000001   Data   RW         6074    .data               elog_port.o
    0x20002fdd   COMPRESSED   0x00000003   PAD
    0x20002fe0   COMPRESSED   0x00000010   Data   RW         6318    .data               bsp.o
    0x20002ff0   COMPRESSED   0x00000008   Data   RW         6419    .data               bsp_btn_ble.o
    0x20002ff8   COMPRESSED   0x00000008   Data   RW         6725    .data               ble_conn_params.o
    0x20003000   COMPRESSED   0x00000010   Data   RW         7298    .data               ble_db_discovery.o
    0x20003010   COMPRESSED   0x00000008   Data   RW         7686    .data               nrf_drv_uart.o
    0x20003018   COMPRESSED   0x00000008   Data   RW         7884    .data               nrfx_clock.o
    0x20003020   COMPRESSED   0x00000008   Data   RW         8283    .data               nrfx_prs.o
    0x20003028   COMPRESSED   0x00000008   Data   RW         8555    .data               nrfx_rtc.o
    0x20003030   COMPRESSED   0x00000008   Data   RW         8715    .data               nrfx_wdt.o
    0x20003038   COMPRESSED   0x00000020   Data   RW         8785    .data               app_button.o
    0x20003058   COMPRESSED   0x00000014   Data   RW         9084    .data               app_timer.o
    0x2000306c   COMPRESSED   0x00000014   Data   RW         9236    .data               app_uart_fifo.o
    0x20003080   COMPRESSED   0x00000008   Data   RW         9877    .data               nrf_pwr_mgmt.o
    0x20003088   COMPRESSED   0x00000008   Data   RW        10219    .data               nrf_fstorage_sd.o
    0x20003090   COMPRESSED   0x00000004   Data   RW        10323    .data               nrf_fstorage_nvmc.o
    0x20003094   COMPRESSED   0x00000001   Data   RW        10418    .data               nrf_log_backend_rtt.o
    0x20003095   COMPRESSED   0x00000003   PAD
    0x20003098   COMPRESSED   0x00000008   Data   RW        10505    .data               nrf_log_default_backends.o
    0x200030a0   COMPRESSED   0x00000008   Data   RW        10571    .data               nrf_log_frontend.o
    0x200030a8   COMPRESSED   0x00000008   Data   RW        10572    .data               nrf_log_frontend.o
    0x200030b0   COMPRESSED   0x00000040   Data   RW        10732    .data               nrf_log_str_formatter.o
    0x200030f0   COMPRESSED   0x00000003   Data   RW        11052    .data               nrf_sdh.o
    0x200030f3   COMPRESSED   0x00000001   Data   RW        11161    .data               nrf_sdh_ble.o
    0x200030f4   COMPRESSED   0x00000004   Data   RW        11247    .data               nrf_dfu_flash.o
    0x200030f8   COMPRESSED   0x00000004   Data   RW        11312    .data               nrf_dfu_settings.o
    0x200030fc   COMPRESSED   0x00000004   Data   RW        11474    .data               system_nrf52.o
    0x20003100   COMPRESSED   0x00000004   Data   RW        11648    .data               mc_w.l(rand.o)
    0x20003104   COMPRESSED   0x00000004   Data   RW        12003    .data               mc_w.l(errno.o)
    0x20003108   COMPRESSED   0x00000014   Data   RW         5390    fs_data             suble_flash.o
    0x2000311c   COMPRESSED   0x00000014   Data   RW        11248    fs_data             nrf_dfu_flash.o
    0x20003130        -       0x00000206   Zero   RW          641    .bss                lock_dp_parser.o
    0x20003336   COMPRESSED   0x00000002   PAD
    0x20003338        -       0x0000012a   Zero   RW          710    .bss                lock_dp_report.o
    0x20003462   COMPRESSED   0x00000002   PAD
    0x20003464        -       0x00000028   Zero   RW          809    .bss                lock_timer.o
    0x2000348c        -       0x000001eb   Zero   RW         1144    .bss                app_flash.o
    0x20003677        -       0x000000f0   Zero   RW         1338    .bss                app_ota.o
    0x20003767        -       0x00000200   Zero   RW         1472    .bss                app_test.o
    0x20003967   COMPRESSED   0x00000001   PAD
    0x20003968        -       0x00000263   Zero   RW         2641    .bss                tuya_ble_master.o
    0x20003bcb        -       0x0000012c   Zero   RW         2788    .bss                tuya_ble_api.o
    0x20003cf7        -       0x00000600   Zero   RW         3415    .bss                tuya_ble_heap.o
    0x200042f7   COMPRESSED   0x00000001   PAD
    0x200042f8        -       0x0000023a   Zero   RW         3480    .bss                tuya_ble_main.o
    0x20004532   COMPRESSED   0x00000002   PAD
    0x20004534        -       0x000003a0   Zero   RW         3617    .bss                tuya_ble_event.o
    0x200048d4        -       0x00000064   Zero   RW         3867    .bss                tuya_ble_data_handler.o
    0x20004938        -       0x000000ac   Zero   RW         4139    .bss                tuya_ble_gatt_send_queue.o
    0x200049e4        -       0x00000048   Zero   RW         4462    .bss                tuya_ble_app_uart_common_handler.o
    0x20004a2c        -       0x00000088   Zero   RW         4959    .bss                suble_adv_scan.o
    0x20004ab4        -       0x0000001c   Zero   RW         5057    .bss                suble_gap.o
    0x20004ad0        -       0x00000610   Zero   RW         5177    .bss                suble_svc.o
    0x200050e0        -       0x00000043   Zero   RW         5274    .bss                suble_gpio.o
    0x20005123        -       0x00000400   Zero   RW         5335    .bss                suble_uart.o
    0x20005523   COMPRESSED   0x00000001   PAD
    0x20005524        -       0x00000128   Zero   RW         5386    .bss                suble_flash.o
    0x2000564c        -       0x00000320   Zero   RW         5466    .bss                suble_timer.o
    0x2000596c        -       0x00000212   Zero   RW         5722    .bss                sf_nv.o
    0x20005b7e   COMPRESSED   0x00000002   PAD
    0x20005b80        -       0x00000800   Zero   RW         5862    .bss                sf_mem.o
    0x20006380        -       0x00000250   Zero   RW         5915    .bss                elog.o
    0x200065d0        -       0x00000020   Zero   RW         6313    .bss                bsp.o
    0x200065f0        -       0x00000020   Zero   RW         6314    .bss                bsp.o
    0x20006610        -       0x0000000c   Zero   RW         6315    .bss                bsp.o
    0x2000661c        -       0x00000020   Zero   RW         6316    .bss                bsp.o
    0x2000663c        -       0x00000050   Zero   RW         6724    .bss                ble_conn_params.o
    0x2000668c        -       0x00000078   Zero   RW         6809    .bss                ble_conn_state.o
    0x20006704        -       0x00000318   Zero   RW         7295    .bss                ble_db_discovery.o
    0x20006a1c        -       0x00000014   Zero   RW         7555    .bss                nrf_drv_clock.o
    0x20006a30        -       0x0000005c   Zero   RW         8047    .bss                nrfx_gpiote.o
    0x20006a8c        -       0x0000002c   Zero   RW         8357    .bss                nrfx_uart.o
    0x20006ab8        -       0x00000020   Zero   RW         8783    .bss                app_button.o
    0x20006ad8        -       0x0000010c   Zero   RW         9082    .bss                app_timer.o
    0x20006be4        -       0x00000020   Zero   RW         9234    .bss                app_uart_fifo.o
    0x20006c04        -       0x0000000c   Zero   RW         9308    .bss                app_util_platform.o
    0x20006c10        -       0x0000000c   Zero   RW         9873    .bss                nrf_pwr_mgmt.o
    0x20006c1c        -       0x00000010   Zero   RW        10215    .bss                nrf_fstorage_sd.o
    0x20006c2c        -       0x000001f0   Zero   RW        10216    .bss                nrf_fstorage_sd.o
    0x20006e1c        -       0x00000040   Zero   RW        10415    .bss                nrf_log_backend_rtt.o
    0x20006e5c        -       0x000000c0   Zero   RW        10565    .bss                nrf_log_frontend.o
    0x20006f1c        -       0x00000080   Zero   RW        10566    .bss                nrf_log_frontend.o
    0x20006f9c        -       0x00000018   Zero   RW        10567    .bss                nrf_log_frontend.o
    0x20006fb4        -       0x00000424   Zero   RW        10568    .bss                nrf_log_frontend.o
    0x200073d8        -       0x00000888   Zero   RW        10808    .bss                segger_rtt.o
    0x20007c60        -       0x00000768   Zero   RW        11310    .bss                nrf_dfu_settings.o
    0x200083c8        -       0x00000090   Zero   RW        11516    .bss                tuya_ble_sdk_lib_arm_m4f.lib(tuya_ble_secure.o)
    0x20008458        -       0x00002000   Zero   RW        11462    STACK               arm_startup_nrf52.o



  Load Region LR$$.ARM.__AT_0x0007D000 (Base: 0x0007d000, Size: 0x00000000, Max: 0x00001000, ABSOLUTE)

    Execution Region ER$$.ARM.__AT_0x0007D000 (Exec base: 0x0007d000, Load base: 0x0007d000, Size: 0x00001000, Max: 0x00001000, ABSOLUTE, UNINIT)

    Exec Addr    Load Addr    Size         Type   Attr      Idx    E Section Name        Object

    0x0007d000        -       0x00001000   Zero   RW        11307    .ARM.__AT_0x0007D000  nrf_dfu_settings.o



  Load Region LR$$.ARM.__AT_0x0007E000 (Base: 0x0007e000, Size: 0x00000000, Max: 0x00001000, ABSOLUTE)

    Execution Region ER$$.ARM.__AT_0x0007E000 (Exec base: 0x0007e000, Load base: 0x0007e000, Size: 0x00001000, Max: 0x00001000, ABSOLUTE, UNINIT)

    Exec Addr    Load Addr    Size         Type   Attr      Idx    E Section Name        Object

    0x0007e000        -       0x00001000   Zero   RW        11308    .ARM.__AT_0x0007E000  nrf_dfu_settings.o



  Load Region LR$$.ARM.__AT_0x0007F000 (Base: 0x0007f000, Size: 0x00000000, Max: 0x00001000, ABSOLUTE)

    Execution Region ER$$.ARM.__AT_0x0007F000 (Exec base: 0x0007f000, Load base: 0x0007f000, Size: 0x00001000, Max: 0x00001000, ABSOLUTE, UNINIT)

    Exec Addr    Load Addr    Size         Type   Attr      Idx    E Section Name        Object

    0x0007f000        -       0x00001000   Zero   RW        11309    .ARM.__AT_0x0007F000  nrf_dfu_settings.o


==============================================================================

Image component sizes


      Code (inc. data)   RO Data    RW Data    ZI Data      Debug   Object Name

      2762         42       8744          4          0      21270   aes.o
       676        408        163          2          0       3615   app_active_report.o
       444         38          8         32         32      13578   app_button.o
        14          0          0          0          0        690   app_common.o
        22          0          0          0          0       2553   app_error.o
         0          0          0          0          0      26647   app_error_weak.o
       126          0          0          0          0       6055   app_fifo.o
      1784        218         14         17        491      24553   app_flash.o
      3002       1260        199         16        240      12703   app_ota.o
      1348        594         97          0          0      31612   app_port.o
      1502        492         20          4        512       9846   app_test.o
      1510        118          6         20        268      49827   app_timer.o
       500         54         32         20         32      17444   app_uart_fifo.o
       124         14          0          0         12       9918   app_util_platform.o
        36          8        512          0       8192        976   arm_startup_nrf52.o
       238          0          0          0          0      44431   ble_advdata.o
       428         24          8          8         80       7564   ble_conn_params.o
       376         14          8          0        120       8481   ble_conn_state.o
      1654         78        144         16        792      19743   ble_db_discovery.o
        72          0          0          0          0       1748   ble_link_ctx_manager.o
       672          6         32          0          0       9440   ble_nus.o
       486         18         58          0          0      20284   ble_nus_c.o
       456          6          0          0          0       3567   ble_srv_common.o
       314         30          8          0          0      18316   boards.o
       898         80         44         16        108      13147   bsp.o
       166          6          8          8          0       3432   bsp_btn_ble.o
        60          6          0          0          0       1608   crc32.o
      1932        668        163         28        592      16944   elog.o
        90         42          0          1          0      34569   elog_port.o
       276        124         35          0          0       3253   elog_utils.o
       812         28          0          0          0       7596   ff1.o
       132          4          8          0          0       3482   fpe_cipher.o
       116          4          0          0          0       1706   fpe_decrypt.o
       182          0          0          0          0       4792   fpe_math.o
       584         10         16          0          0      11144   fpe_str.o
       170          0          0          0          0       2524   hmac-sha1.o
        36          0          0          0          0     180125   lock_common.o
      3664       1950        165          0        518      16252   lock_dp_parser.o
      1068        174         24          4        298      15378   lock_dp_report.o
       824        392         42          0          0       4498   lock_dynamic_pwd.o
      2116       1006         24          2          0      10925   lock_hard.o
      3852       1690        126          8          0      12878   lock_offline_pwd.o
       468        136        115          0         40      15136   lock_timer.o
       582        288         24          0          0       2381   main.o
      2446        262          0          0          0       9795   md5.o
       342          0          0          0          0       9130   nrf_atfifo.o
        64          0          0          0          0       3160   nrf_atflags.o
       308          0          0          0          0       8509   nrf_atomic.o
       164          0          0          0          0       3832   nrf_balloc.o
       518          6         43          0          0      35603   nrf_ble_gatt.o
       792          0         17          0          0      12113   nrf_ble_scan.o
       132         36         22         24          0       4863   nrf_dfu_flash.o
       340         36         25          4      14184       9728   nrf_dfu_settings.o
       276         34         30          0         20      38344   nrf_drv_clock.o
       112         14          0          8          0      11724   nrf_drv_uart.o
        50          0          0          0          0       3165   nrf_fprintf.o
       866          4         16          0          0       5754   nrf_fprintf_format.o
       312          0         21          0          0       7470   nrf_fstorage.o
       260         20         44          4          0       8500   nrf_fstorage_nvmc.o
       794         82         72          8        512      16903   nrf_fstorage_sd.o
       112         18         18          1         64       6013   nrf_log_backend_rtt.o
       200          0          0          0          0      11057   nrf_log_backend_serial.o
        28          4         32          8          0       3481   nrf_log_default_backends.o
       928         62         44         16       1404      24269   nrf_log_frontend.o
       570        108        102         64          0       5952   nrf_log_str_formatter.o
       346          0          0          0          0       8543   nrf_memobj.o
       116         18          0          0          0       2161   nrf_nvmc.o
       108         16         53          8         12      36698   nrf_pwr_mgmt.o
        28          0          0          0          0       2519   nrf_ringbuf.o
       552         60        104          3          0      42556   nrf_sdh.o
       266         20         76          1          0       5941   nrf_sdh_ble.o
        60          4         56          0          0       2616   nrf_sdh_soc.o
        78          0          0          0          0       2980   nrf_section_iter.o
        76         10       1319          0          0       2939   nrf_strerror.o
       298         32         14          8          0      44598   nrfx_clock.o
      1222         92         19          0         92      60639   nrfx_gpiote.o
       112         16         12          8          0       4792   nrfx_prs.o
       384         20         12          8          0      11831   nrfx_rtc.o
      1556         46         17          0         44      33716   nrfx_uart.o
       236         52         12          8          0       8600   nrfx_wdt.o
       378         34          0          0       2184       9429   segger_rtt.o
       148         16          0          0       2048       3929   sf_mem.o
      2300        720         51         20        530      13184   sf_nv.o
        50          0          0          0          0       4457   sf_port.o
       814         20         16          0          0       6323   sha1.o
      1512        804         95        112        136      16219   suble_adv_scan.o
       320        126         44          2          0      42083   suble_common.o
      1000        510        168         24        296       8529   suble_flash.o
      2494        886        278         32         28      18909   suble_gap.o
      1400        906        108          2         67       6509   suble_gpio.o
       664        296         83        776       1552      10463   suble_svc.o
         2          0          0          0          0        630   suble_test.o
       688        266        100         16        800      12870   suble_timer.o
       424        214         61          0       1024       3170   suble_uart.o
       476         28          4          0          0       8444   suble_util.o
       796         70          0          4          0       3111   system_nrf52.o
      1382        136        108         16        300      26655   tuya_ble_api.o
      1212        494        195        116          0      21736   tuya_ble_app_demo.o
        30          4          0          1          0       4854   tuya_ble_app_production_test.o
       464         28          0          1         72       4976   tuya_ble_app_uart_common_handler.o
         2          0          0          0          0       1398   tuya_ble_app_uart_module_handler.o
      3198        122          0         52        100      26501   tuya_ble_data_handler.o
       232         26          0         12        928       6375   tuya_ble_event.o
       904         22          0          0          0      16441   tuya_ble_event_handler.o
       264         30          0          1        172       6215   tuya_ble_gatt_send_queue.o
       368         24          0         24       1536       5063   tuya_ble_heap.o
       530         54         58          8        570       9972   tuya_ble_main.o
      5128       1286        518         56        611      29866   tuya_ble_master.o
        52          6          0          0          0      11915   tuya_ble_master_port.o
        36          0          0          0          0       2234   tuya_ble_mem.o
       758          4          0          1          0      11544   tuya_ble_mutli_tsf_protocol.o
       538         12          0          0          0      21470   tuya_ble_port_bk3431q.o
       214          0          0          0          0       7072   tuya_ble_queue.o
       752         20          0          0          0       7884   tuya_ble_storage.o
       462         10         12          0          0       6012   tuya_ble_unix_time.o
       488         10          4          0          0       7788   tuya_ble_utils.o

    ----------------------------------------------------------------------
     82242      18286      15044       1680      41624    1641355   Object Totals
         0          0         32          0          0          0   (incl. Generated)
       136          0         82         17         11          0   (incl. Padding)

    ----------------------------------------------------------------------

      Code (inc. data)   RO Data    RW Data    ZI Data      Debug   Library Member Name

       164         44          0          0          0        620   dunder.o
        24          0          0          0          0        124   fabs.o
        48          0          0          0          0        124   fpclassify.o
       248          0          0          0          0        152   poly.o
      3152        296        136          0          0        352   pow.o
         0          0          8          0          0          0   qnan.o
       110          0          0          0          0        148   sqrt.o
        86          0          0          0          0          0   __dczerorl2.o
       144          0          0          0          0         88   __strtoll.o
        28          0          0          0          0         68   _chval.o
       194          0          0          0          0         96   _strtoull.o
        26          0          0          0          0         80   atoll.o
         8          4        133          0          0         68   ctype_o.o
         0          0          0          0          0          0   entry.o
         0          0          0          0          0          0   entry10a.o
         0          0          0          0          0          0   entry11a.o
         8          4          0          0          0          0   entry2.o
         4          0          0          0          0          0   entry5.o
         0          0          0          0          0          0   entry7b.o
         0          0          0          0          0          0   entry8b.o
         8          4          0          0          0          0   entry9a.o
        20         10          0          4          0        136   errno.o
        30          0          0          0          0          0   handlers.o
        36          8          0          0          0         68   init.o
         0          0          0          0          0          0   iusefp.o
        30          0          0          0          0         68   llshl.o
        36          0          0          0          0         68   llsshr.o
        32          0          0          0          0         68   llushr.o
        26          0          0          0          0         80   memcmp.o
        36          0          0          0          0         68   memcpya.o
        36          0          0          0          0        108   memseta.o
      2390         94          0          0          0        752   printfa.o
        36         10          0          4          0        136   rand.o
        18          0          0          0          0         68   strcpy.o
        14          0          0          0          0         68   strlen.o
        24          0          0          0          0         76   strncpy.o
        36          0          0          0          0         80   strstr.o
        44          0          0          0          0         80   uidiv.o
        98          0          0          0          0         92   uldiv.o
        48          0          0          0          0         68   cdrcmple.o
       334          0          0          0          0        148   dadd.o
       222          0          0          0          0        100   ddiv.o
       186          0          0          0          0        176   depilogue.o
        62          0          0          0          0         80   dfixi.o
        50          0          0          0          0         76   dfixui.o
        48          0          0          0          0         68   dfixul.o
        34          0          0          0          0         76   dflti.o
        26          0          0          0          0         76   dfltui.o
       228          0          0          0          0         96   dmul.o
        46          0          0          0          0         80   dscalb.o
       162          0          0          0          0        100   dsqrt.o
      1452         50          0          0        144      20371   tuya_ble_secure.o

    ----------------------------------------------------------------------
     10110        528        280          8        144      25451   Library Totals
        18          4          3          0          0          0   (incl. Padding)

    ----------------------------------------------------------------------

      Code (inc. data)   RO Data    RW Data    ZI Data      Debug   Library Name

      3746        340        144          0          0       1520   m_wm.l
      3448        134        133          8          0       2416   mc_w.l
      1446          0          0          0          0       1144   mf_w.l
      1452         50          0          0        144      20371   tuya_ble_sdk_lib_arm_m4f.lib

    ----------------------------------------------------------------------
     10110        528        280          8        144      25451   Library Totals

    ----------------------------------------------------------------------

==============================================================================


      Code (inc. data)   RO Data    RW Data    ZI Data      Debug   

     92352      18814      15324       1688      41768    1582914   Grand Totals
     92352      18814      15324        236      41768    1582914   ELF Image Totals (compressed)
     92352      18814      15324        236          0          0   ROM Totals

==============================================================================

    Total RO  Size (Code + RO Data)               107676 ( 105.15kB)
    Total RW  Size (RW Data + ZI Data)             43456 (  42.44kB)
    Total ROM Size (Code + RO Data + RW Data)     107912 ( 105.38kB)

==============================================================================

